Archive member included to satisfy reference by file (symbol)

c:/st/stm32cubeide_1.5.0/stm32cubeide/plugins/com.st.stm32cube.ide.mcu.externaltools.gnu-tools-for-stm32.7-2018-q2-update.win32_1.5.0.202011040924/tools/bin/../lib/gcc/arm-none-eabi/7.3.1/../../../../arm-none-eabi/lib/thumb/v7-m\libc_nano.a(lib_a-errno.o)
                              Core/Src/syscalls.o (__errno)
c:/st/stm32cubeide_1.5.0/stm32cubeide/plugins/com.st.stm32cube.ide.mcu.externaltools.gnu-tools-for-stm32.7-2018-q2-update.win32_1.5.0.202011040924/tools/bin/../lib/gcc/arm-none-eabi/7.3.1/../../../../arm-none-eabi/lib/thumb/v7-m\libc_nano.a(lib_a-exit.o)
                              c:/st/stm32cubeide_1.5.0/stm32cubeide/plugins/com.st.stm32cube.ide.mcu.externaltools.gnu-tools-for-stm32.7-2018-q2-update.win32_1.5.0.202011040924/tools/bin/../lib/gcc/arm-none-eabi/7.3.1/../../../../arm-none-eabi/lib/thumb/v7-m/crt0.o (exit)
c:/st/stm32cubeide_1.5.0/stm32cubeide/plugins/com.st.stm32cube.ide.mcu.externaltools.gnu-tools-for-stm32.7-2018-q2-update.win32_1.5.0.202011040924/tools/bin/../lib/gcc/arm-none-eabi/7.3.1/../../../../arm-none-eabi/lib/thumb/v7-m\libc_nano.a(lib_a-impure.o)
                              c:/st/stm32cubeide_1.5.0/stm32cubeide/plugins/com.st.stm32cube.ide.mcu.externaltools.gnu-tools-for-stm32.7-2018-q2-update.win32_1.5.0.202011040924/tools/bin/../lib/gcc/arm-none-eabi/7.3.1/../../../../arm-none-eabi/lib/thumb/v7-m\libc_nano.a(lib_a-exit.o) (_global_impure_ptr)
c:/st/stm32cubeide_1.5.0/stm32cubeide/plugins/com.st.stm32cube.ide.mcu.externaltools.gnu-tools-for-stm32.7-2018-q2-update.win32_1.5.0.202011040924/tools/bin/../lib/gcc/arm-none-eabi/7.3.1/../../../../arm-none-eabi/lib/thumb/v7-m\libc_nano.a(lib_a-init.o)
                              c:/st/stm32cubeide_1.5.0/stm32cubeide/plugins/com.st.stm32cube.ide.mcu.externaltools.gnu-tools-for-stm32.7-2018-q2-update.win32_1.5.0.202011040924/tools/bin/../lib/gcc/arm-none-eabi/7.3.1/../../../../arm-none-eabi/lib/thumb/v7-m/crt0.o (__libc_init_array)
c:/st/stm32cubeide_1.5.0/stm32cubeide/plugins/com.st.stm32cube.ide.mcu.externaltools.gnu-tools-for-stm32.7-2018-q2-update.win32_1.5.0.202011040924/tools/bin/../lib/gcc/arm-none-eabi/7.3.1/../../../../arm-none-eabi/lib/thumb/v7-m\libc_nano.a(lib_a-memset.o)
                              c:/st/stm32cubeide_1.5.0/stm32cubeide/plugins/com.st.stm32cube.ide.mcu.externaltools.gnu-tools-for-stm32.7-2018-q2-update.win32_1.5.0.202011040924/tools/bin/../lib/gcc/arm-none-eabi/7.3.1/../../../../arm-none-eabi/lib/thumb/v7-m/crt0.o (memset)
c:/st/stm32cubeide_1.5.0/stm32cubeide/plugins/com.st.stm32cube.ide.mcu.externaltools.gnu-tools-for-stm32.7-2018-q2-update.win32_1.5.0.202011040924/tools/bin/../lib/gcc/arm-none-eabi/7.3.1/../../../../arm-none-eabi/lib/thumb/v7-m\libc_nano.a(lib_a-snprintf.o)
                              Core/Src/main.o (snprintf)
c:/st/stm32cubeide_1.5.0/stm32cubeide/plugins/com.st.stm32cube.ide.mcu.externaltools.gnu-tools-for-stm32.7-2018-q2-update.win32_1.5.0.202011040924/tools/bin/../lib/gcc/arm-none-eabi/7.3.1/../../../../arm-none-eabi/lib/thumb/v7-m\libc_nano.a(lib_a-nano-svfprintf.o)
                              c:/st/stm32cubeide_1.5.0/stm32cubeide/plugins/com.st.stm32cube.ide.mcu.externaltools.gnu-tools-for-stm32.7-2018-q2-update.win32_1.5.0.202011040924/tools/bin/../lib/gcc/arm-none-eabi/7.3.1/../../../../arm-none-eabi/lib/thumb/v7-m\libc_nano.a(lib_a-snprintf.o) (_svfprintf_r)
c:/st/stm32cubeide_1.5.0/stm32cubeide/plugins/com.st.stm32cube.ide.mcu.externaltools.gnu-tools-for-stm32.7-2018-q2-update.win32_1.5.0.202011040924/tools/bin/../lib/gcc/arm-none-eabi/7.3.1/../../../../arm-none-eabi/lib/thumb/v7-m\libc_nano.a(lib_a-nano-vfprintf_i.o)
                              c:/st/stm32cubeide_1.5.0/stm32cubeide/plugins/com.st.stm32cube.ide.mcu.externaltools.gnu-tools-for-stm32.7-2018-q2-update.win32_1.5.0.202011040924/tools/bin/../lib/gcc/arm-none-eabi/7.3.1/../../../../arm-none-eabi/lib/thumb/v7-m\libc_nano.a(lib_a-nano-svfprintf.o) (_printf_i)
c:/st/stm32cubeide_1.5.0/stm32cubeide/plugins/com.st.stm32cube.ide.mcu.externaltools.gnu-tools-for-stm32.7-2018-q2-update.win32_1.5.0.202011040924/tools/bin/../lib/gcc/arm-none-eabi/7.3.1/../../../../arm-none-eabi/lib/thumb/v7-m\libc_nano.a(lib_a-memchr-stub.o)
                              c:/st/stm32cubeide_1.5.0/stm32cubeide/plugins/com.st.stm32cube.ide.mcu.externaltools.gnu-tools-for-stm32.7-2018-q2-update.win32_1.5.0.202011040924/tools/bin/../lib/gcc/arm-none-eabi/7.3.1/../../../../arm-none-eabi/lib/thumb/v7-m\libc_nano.a(lib_a-nano-svfprintf.o) (memchr)
c:/st/stm32cubeide_1.5.0/stm32cubeide/plugins/com.st.stm32cube.ide.mcu.externaltools.gnu-tools-for-stm32.7-2018-q2-update.win32_1.5.0.202011040924/tools/bin/../lib/gcc/arm-none-eabi/7.3.1/../../../../arm-none-eabi/lib/thumb/v7-m\libc_nano.a(lib_a-memcpy-stub.o)
[...]
Memory Configuration

Name             Origin             Length             Attributes
RAM              0x0000000020000000 0x0000000000005000 xrw
FLASH            0x0000000008000000 0x0000000000010000 xr
*default*        0x0000000000000000 0xffffffffffffffff

Linker script and memory map

LOAD c:/st/stm32cubeide_1.5.0/stm32cubeide/plugins/com.st.stm32cube.ide.mcu.externaltools.gnu-tools-for-stm32.7-2018-q2-update.win32_1.5.0.202011040924/tools/bin/../lib/gcc/arm-none-eabi/7.3.1/thumb/v7-m/crti.o
LOAD c:/st/stm32cubeide_1.5.0/stm32cubeide/plugins/com.st.stm32cube.ide.mcu.externaltools.gnu-tools-for-stm32.7-2018-q2-update.win32_1.5.0.202011040924/tools/bin/../lib/gcc/arm-none-eabi/7.3.1/thumb/v7-m/crtbegin.o
LOAD c:/st/stm32cubeide_1.5.0/stm32cubeide/plugins/com.st.stm32cube.ide.mcu.externaltools.gnu-tools-for-stm32.7-2018-q2-update.win32_1.5.0.202011040924/tools/bin/../lib/gcc/arm-none-eabi/7.3.1/../../../../arm-none-eabi/lib/thumb/v7-m/crt0.o
LOAD Core/Src/main.o
LOAD Core/Src/stm32f1xx_hal_msp.o
LOAD Core/Src/stm32f1xx_it.o
LOAD Core/Src/syscalls.o
LOAD Core/Src/sysmem.o
LOAD Core/Src/system_stm32f1xx.o
LOAD Core/Startup/startup_stm32f103c8tx.o
LOAD Drivers/STM32F1xx_HAL_Driver/Src/stm32f1xx_hal.o
LOAD Drivers/STM32F1xx_HAL_Driver/Src/stm32f1xx_hal_adc.o
LOAD Drivers/STM32F1xx_HAL_Driver/Src/stm32f1xx_hal_adc_ex.o
LOAD Drivers/STM32F1xx_HAL_Driver/Src/stm32f1xx_hal_cortex.o
LOAD Drivers/STM32F1xx_HAL_Driver/Src/stm32f1xx_hal_dma.o
LOAD Drivers/STM32F1xx_HAL_Driver/Src/stm32f1xx_hal_exti.o
LOAD Drivers/STM32F1xx_HAL_Driver/Src/stm32f1xx_hal_flash.o
LOAD Drivers/STM32F1xx_HAL_Driver/Src/stm32f1xx_hal_flash_ex.o
LOAD Drivers/STM32F1xx_HAL_Driver/Src/stm32f1xx_hal_gpio.o
LOAD Drivers/STM32F1xx_HAL_Driver/Src/stm32f1xx_hal_gpio_ex.o
LOAD Drivers/STM32F1xx_HAL_Driver/Src/stm32f1xx_hal_i2c.o
LOAD Drivers/STM32F1xx_HAL_Driver/Src/stm32f1xx_hal_pcd.o
LOAD Drivers/STM32F1xx_HAL_Driver/Src/stm32f1xx_hal_pcd_ex.o
LOAD Drivers/STM32F1xx_HAL_Driver/Src/stm32f1xx_hal_pwr.o
LOAD Drivers/STM32F1xx_HAL_Driver/Src/stm32f1xx_hal_rcc.o
LOAD Drivers/STM32F1xx_HAL_Driver/Src/stm32f1xx_hal_rcc_ex.o
LOAD Drivers/STM32F1xx_HAL_Driver/Src/stm32f1xx_hal_tim.o
LOAD Drivers/STM32F1xx_HAL_Driver/Src/stm32f1xx_hal_tim_ex.o
LOAD Drivers/STM32F1xx_HAL_Driver/Src/stm32f1xx_ll_usb.o
LOAD Middlewares/ST/STM32_USB_Device_Library/Class/CDC/Src/usbd_cdc.o
LOAD Middlewares/ST/STM32_USB_Device_Library/Core/Src/usbd_core.o
LOAD Middlewares/ST/STM32_USB_Device_Library/Core/Src/usbd_ctlreq.o
LOAD Middlewares/ST/STM32_USB_Device_Library/Core/Src/usbd_ioreq.o
LOAD USB_DEVICE/App/usb_device.o
LOAD USB_DEVICE/App/usbd_cdc_if.o
LOAD USB_DEVICE/App/usbd_desc.o
LOAD USB_DEVICE/Target/usbd_conf.o
START GROUP
LOAD c:/st/stm32cubeide_1.5.0/stm32cubeide/plugins/com.st.stm32cube.ide.mcu.externaltools.gnu-tools-for-stm32.7-2018-q2-update.win32_1.5.0.202011040924/tools/bin/../lib/gcc/arm-none-eabi/7.3.1/../../../../arm-none-eabi/lib/thumb/v7-m\libc_nano.a
LOAD c:/st/stm32cubeide_1.5.0/stm32cubeide/plugins/com.st.stm32cube.ide.mcu.externaltools.gnu-tools-for-stm32.7-2018-q2-update.win32_1.5.0.202011040924/tools/bin/../lib/gcc/arm-none-eabi/7.3.1/../../../../arm-none-eabi/lib/thumb/v7-m\libm.a
END GROUP
START GROUP
LOAD c:/st/stm32cubeide_1.5.0/stm32cubeide/plugins/com.st.stm32cube.ide.mcu.externaltools.gnu-tools-for-stm32.7-2018-q2-update.win32_1.5.0.202011040924/tools/bin/../lib/gcc/arm-none-eabi/7.3.1/thumb/v7-m\libgcc.a
LOAD c:/st/stm32cubeide_1.5.0/stm32cubeide/plugins/com.st.stm32cube.ide.mcu.externaltools.gnu-tools-for-stm32.7-2018-q2-update.win32_1.5.0.202011040924/tools/bin/../lib/gcc/arm-none-eabi/7.3.1/../../../../arm-none-eabi/lib/thumb/v7-m\libc_nano.a
END GROUP
START GROUP
LOAD c:/st/stm32cubeide_1.5.0/stm32cubeide/plugins/com.st.stm32cube.ide.mcu.externaltools.gnu-tools-for-stm32.7-2018-q2-update.win32_1.5.0.202011040924/tools/bin/../lib/gcc/arm-none-eabi/7.3.1/thumb/v7-m\libgcc.a
LOAD c:/st/stm32cubeide_1.5.0/stm32cubeide/plugins/com.st.stm32cube.ide.mcu.externaltools.gnu-tools-for-stm32.7-2018-q2-update.win32_1.5.0.202011040924/tools/bin/../lib/gcc/arm-none-eabi/7.3.1/../../../../arm-none-eabi/lib/thumb/v7-m\libc_nano.a
LOAD c:/st/stm32cubeide_1.5.0/stm32cubeide/plugins/com.st.stm32cube.ide.mcu.externaltools.gnu-tools-for-stm32.7-2018-q2-update.win32_1.5.0.202011040924/tools/bin/../lib/gcc/arm-none-eabi/7.3.1/../../../../arm-none-eabi/lib/thumb/v7-m\libnosys.a
END GROUP
START GROUP
LOAD c:/st/stm32cubeide_1.5.0/stm32cubeide/plugins/com.st.stm32cube.ide.mcu.externaltools.gnu-tools-for-stm32.7-2018-q2-update.win32_1.5.0.202011040924/tools/bin/../lib/gcc/arm-none-eabi/7.3.1/thumb/v7-m\libgcc.a
LOAD c:/st/stm32cubeide_1.5.0/stm32cubeide/plugins/com.st.stm32cube.ide.mcu.externaltools.gnu-tools-for-stm32.7-2018-q2-update.win32_1.5.0.202011040924/tools/bin/../lib/gcc/arm-none-eabi/7.3.1/../../../../arm-none-eabi/lib/thumb/v7-m\libc_nano.a
LOAD c:/st/stm32cubeide_1.5.0/stm32cubeide/plugins/com.st.stm32cube.ide.mcu.externaltools.gnu-tools-for-stm32.7-2018-q2-update.win32_1.5.0.202011040924/tools/bin/../lib/gcc/arm-none-eabi/7.3.1/../../../../arm-none-eabi/lib/thumb/v7-m\libnosys.a
END GROUP
LOAD c:/st/stm32cubeide_1.5.0/stm32cubeide/plugins/com.st.stm32cube.ide.mcu.externaltools.gnu-tools-for-stm32.7-2018-q2-update.win32_1.5.0.202011040924/tools/bin/../lib/gcc/arm-none-eabi/7.3.1/thumb/v7-m/crtend.o
LOAD c:/st/stm32cubeide_1.5.0/stm32cubeide/plugins/com.st.stm32cube.ide.mcu.externaltools.gnu-tools-for-stm32.7-2018-q2-update.win32_1.5.0.202011040924/tools/bin/../lib/gcc/arm-none-eabi/7.3.1/thumb/v7-m/crtn.o
                0x0000000020005000                _estack = (ORIGIN (RAM) + LENGTH (RAM))
                0x0000000000000200                _Min_Heap_Size = 0x200
                0x0000000000000400                _Min_Stack_Size = 0x400

.isr_vector     0x0000000008000000      0x10c
                0x0000000008000000                . = ALIGN (0x4)
 *(.isr_vector)
 .isr_vector    0x0000000008000000      0x10c Core/Startup/startup_stm32f103c8tx.o
                0x0000000008000000                g_pfnVectors
                0x000000000800010c                . = ALIGN (0x4)

.text           0x000000000800010c     0xaf88
                0x000000000800010c                . = ALIGN (0x4)
 *(.text)
 .text          0x000000000800010c       0x40 c:/st/stm32cubeide_1.5.0/stm32cubeide/plugins/com.st.stm32cube.ide.mcu.externaltools.gnu-tools-for-stm32.7-2018-q2-update.win32_1.5.0.202011040924/tools/bin/../lib/gcc/arm-none-eabi/7.3.1/thumb/v7-m/crtbegin.o
 *(.text*)
 .text.__NVIC_SetPriorityGrouping
                0x000000000800014c       0x48 Core/Src/main.o
 .text.DWT_Delay_Init
                0x0000000008000194       0x60 Core/Src/main.o
                0x0000000008000194                DWT_Delay_Init
 .text.DWT_Delay_us
                0x00000000080001f4       0x4c Core/Src/main.o
 .text.DWT_Delay_ms
                0x0000000008000240       0x48 Core/Src/main.o
 .text.MCP23017SetPin
                0x0000000008000288      0x124 Core/Src/main.o
                0x0000000008000288                MCP23017SetPin
 .text.MCP23017ClearPin
                0x00000000080003ac      0x128 Core/Src/main.o
                0x00000000080003ac                MCP23017ClearPin
 .text.LEDMatrixInit
                0x00000000080004d4       0xb0 Core/Src/main.o
                0x00000000080004d4                LEDMatrixInit
 .text.LEDMatrixStart
                0x0000000008000584       0xa8 Core/Src/main.o
                0x0000000008000584                LEDMatrixStart
 .text.LCDInit  0x000000000800062c      0x13c Core/Src/main.o
                0x000000000800062c                LCDInit
 .text.LCDData  0x0000000008000768       0xe8 Core/Src/main.o
                0x0000000008000768                LCDData
 .text.LCDCommand
                0x0000000008000850       0x38 Core/Src/main.o
                0x0000000008000850                LCDCommand
 .text.LCDCycleEN
                0x0000000008000888       0x48 Core/Src/main.o
                0x0000000008000888                LCDCycleEN
 .text.LCDWriteChar
                0x00000000080008d0       0x38 Core/Src/main.o
                0x00000000080008d0                LCDWriteChar
 .text.LCDWriteString
                0x0000000008000908       0x3e Core/Src/main.o
                0x0000000008000908                LCDWriteString
 .text.LCDClear
                0x0000000008000946       0x24 Core/Src/main.o
                0x0000000008000946                LCDClear
 .text.LCDSetCursor
                0x000000000800096a       0x4c Core/Src/main.o
                0x000000000800096a                LCDSetCursor
 *fill*         0x00000000080009b6        0x2 
 .text.main     0x00000000080009b8      0x1c8 Core/Src/main.o
                0x00000000080009b8                main
 .text.SystemClock_Config
                0x0000000008000b80       0xba Core/Src/main.o
                0x0000000008000b80                SystemClock_Config
 .text.MX_NVIC_Init
                0x0000000008000c3a       0x48 Core/Src/main.o
 *fill*         0x0000000008000c82        0x2 
 .text.MX_ADC1_Init
                0x0000000008000c84       0x7c Core/Src/main.o
 .text.MX_I2C1_Init
                0x0000000008000d00       0x5c Core/Src/main.o
 .text.MX_I2C2_Init
                0x0000000008000d5c       0x5c Core/Src/main.o
 .text.MX_TIM2_Init
                0x0000000008000db8       0xb8 Core/Src/main.o
 .text.MX_TIM3_Init
                0x0000000008000e70       0xb4 Core/Src/main.o
 .text.MX_DMA_Init
                0x0000000008000f24       0x2c Core/Src/main.o
 .text.MX_GPIO_Init
                0x0000000008000f50      0x124 Core/Src/main.o
 .text.Error_Handler
                0x0000000008001074        0x8 Core/Src/main.o
                0x0000000008001074                Error_Handler
 .text.HAL_MspInit
                0x000000000800107c       0x64 Core/Src/stm32f1xx_hal_msp.o
                0x000000000800107c                HAL_MspInit
 .text.HAL_ADC_MspInit
                0x00000000080010e0       0x78 Core/Src/stm32f1xx_hal_msp.o
                0x00000000080010e0                HAL_ADC_MspInit
 .text.HAL_I2C_MspInit
                0x0000000008001158      0x14c Core/Src/stm32f1xx_hal_msp.o
                0x0000000008001158                HAL_I2C_MspInit
 .text.HAL_TIM_Base_MspInit
                0x00000000080012a4       0x60 Core/Src/stm32f1xx_hal_msp.o
                0x00000000080012a4                HAL_TIM_Base_MspInit
 .text.LEDMatrixNextRow
                0x0000000008001304       0xf0 Core/Src/stm32f1xx_it.o
                0x0000000008001304                LEDMatrixNextRow
 .text.NMI_Handler
                0x00000000080013f4        0x6 Core/Src/stm32f1xx_it.o
                0x00000000080013f4                NMI_Handler
 .text.HardFault_Handler
                0x00000000080013fa        0x6 Core/Src/stm32f1xx_it.o
                0x00000000080013fa                HardFault_Handler
 .text.MemManage_Handler
                0x0000000008001400        0x6 Core/Src/stm32f1xx_it.o
                0x0000000008001400                MemManage_Handler
 .text.BusFault_Handler
                0x0000000008001406        0x6 Core/Src/stm32f1xx_it.o
                0x0000000008001406                BusFault_Handler
 .text.UsageFault_Handler
                0x000000000800140c        0x6 Core/Src/stm32f1xx_it.o
                0x000000000800140c                UsageFault_Handler
 .text.SVC_Handler
                0x0000000008001412        0xc Core/Src/stm32f1xx_it.o
                0x0000000008001412                SVC_Handler
 .text.DebugMon_Handler
                0x000000000800141e        0xc Core/Src/stm32f1xx_it.o
                0x000000000800141e                DebugMon_Handler
 .text.PendSV_Handler
                0x000000000800142a        0xc Core/Src/stm32f1xx_it.o
                0x000000000800142a                PendSV_Handler
 .text.SysTick_Handler
                0x0000000008001436        0xc Core/Src/stm32f1xx_it.o
                0x0000000008001436                SysTick_Handler
 *fill*         0x0000000008001442        0x2 
 .text.DMA1_Channel6_IRQHandler
                0x0000000008001444       0x14 Core/Src/stm32f1xx_it.o
                0x0000000008001444                DMA1_Channel6_IRQHandler
 .text.USB_LP_CAN1_RX0_IRQHandler
                0x0000000008001458       0x14 Core/Src/stm32f1xx_it.o
                0x0000000008001458                USB_LP_CAN1_RX0_IRQHandler
 .text.TIM2_IRQHandler
                0x000000000800146c      0x130 Core/Src/stm32f1xx_it.o
                0x000000000800146c                TIM2_IRQHandler
 .text.TIM3_IRQHandler
                0x000000000800159c      0x160 Core/Src/stm32f1xx_it.o
                0x000000000800159c                TIM3_IRQHandler
 .text.I2C1_EV_IRQHandler
                0x00000000080016fc       0x54 Core/Src/stm32f1xx_it.o
                0x00000000080016fc                I2C1_EV_IRQHandler
 .text._sbrk    0x0000000008001750       0x6c Core/Src/sysmem.o
                0x0000000008001750                _sbrk
 .text.SystemInit
                0x00000000080017bc        0xc Core/Src/system_stm32f1xx.o
                0x00000000080017bc                SystemInit
 .text.Reset_Handler
                0x00000000080017c8       0x48 Core/Startup/startup_stm32f103c8tx.o
                0x00000000080017c8                Reset_Handler
 .text.Default_Handler
                0x0000000008001810        0x2 Core/Startup/startup_stm32f103c8tx.o
                0x0000000008001810                RTC_Alarm_IRQHandler
                0x0000000008001810                EXTI2_IRQHandler
                0x0000000008001810                TIM1_CC_IRQHandler
                0x0000000008001810                PVD_IRQHandler
                0x0000000008001810                EXTI3_IRQHandler
                0x0000000008001810                EXTI0_IRQHandler
                0x0000000008001810                I2C2_EV_IRQHandler
                0x0000000008001810                ADC1_2_IRQHandler
                0x0000000008001810                SPI1_IRQHandler
                0x0000000008001810                TAMPER_IRQHandler
                0x0000000008001810                DMA1_Channel4_IRQHandler
                0x0000000008001810                USART3_IRQHandler
                0x0000000008001810                RTC_IRQHandler
                0x0000000008001810                DMA1_Channel7_IRQHandler
                0x0000000008001810                CAN1_RX1_IRQHandler
                0x0000000008001810                TIM4_IRQHandler
                0x0000000008001810                RCC_IRQHandler
                0x0000000008001810                TIM1_TRG_COM_IRQHandler
                0x0000000008001810                DMA1_Channel1_IRQHandler
                0x0000000008001810                Default_Handler
                0x0000000008001810                EXTI15_10_IRQHandler
                0x0000000008001810                EXTI9_5_IRQHandler
                0x0000000008001810                SPI2_IRQHandler
                0x0000000008001810                DMA1_Channel5_IRQHandler
                0x0000000008001810                EXTI4_IRQHandler
                0x0000000008001810                USB_HP_CAN1_TX_IRQHandler
                0x0000000008001810                DMA1_Channel3_IRQHandler
                0x0000000008001810                TIM1_UP_IRQHandler
                0x0000000008001810                WWDG_IRQHandler
                0x0000000008001810                TIM1_BRK_IRQHandler
                0x0000000008001810                EXTI1_IRQHandler
                0x0000000008001810                USART2_IRQHandler
                0x0000000008001810                I2C2_ER_IRQHandler
                0x0000000008001810                DMA1_Channel2_IRQHandler
                0x0000000008001810                CAN1_SCE_IRQHandler
                0x0000000008001810                FLASH_IRQHandler
                0x0000000008001810                USART1_IRQHandler
                0x0000000008001810                I2C1_ER_IRQHandler
                0x0000000008001810                USBWakeUp_IRQHandler
 *fill*         0x0000000008001812        0x2 
 .text.HAL_Init
                0x0000000008001814       0x2c Drivers/STM32F1xx_HAL_Driver/Src/stm32f1xx_hal.o
                0x0000000008001814                HAL_Init
 .text.HAL_InitTick
                0x0000000008001840       0x60 Drivers/STM32F1xx_HAL_Driver/Src/stm32f1xx_hal.o
                0x0000000008001840                HAL_InitTick
 .text.HAL_IncTick
                0x00000000080018a0       0x24 Drivers/STM32F1xx_HAL_Driver/Src/stm32f1xx_hal.o
                0x00000000080018a0                HAL_IncTick
 .text.HAL_GetTick
                0x00000000080018c4       0x14 Drivers/STM32F1xx_HAL_Driver/Src/stm32f1xx_hal.o
                0x00000000080018c4                HAL_GetTick
 .text.HAL_ADC_Init
                0x00000000080018d8      0x1b0 Drivers/STM32F1xx_HAL_Driver/Src/stm32f1xx_hal_adc.o
                0x00000000080018d8                HAL_ADC_Init
 .text.HAL_ADC_ConfigChannel
                0x0000000008001a88      0x1f0 Drivers/STM32F1xx_HAL_Driver/Src/stm32f1xx_hal_adc.o
                0x0000000008001a88                HAL_ADC_ConfigChannel
 .text.ADC_ConversionStop_Disable
                0x0000000008001c78       0x74 Drivers/STM32F1xx_HAL_Driver/Src/stm32f1xx_hal_adc.o
                0x0000000008001c78                ADC_ConversionStop_Disable
 .text.__NVIC_SetPriorityGrouping
                0x0000000008001cec       0x48 Drivers/STM32F1xx_HAL_Driver/Src/stm32f1xx_hal_cortex.o
 .text.__NVIC_GetPriorityGrouping
                0x0000000008001d34       0x1c Drivers/STM32F1xx_HAL_Driver/Src/stm32f1xx_hal_cortex.o
 .text.__NVIC_EnableIRQ
                0x0000000008001d50       0x38 Drivers/STM32F1xx_HAL_Driver/Src/stm32f1xx_hal_cortex.o
 .text.__NVIC_SetPriority
                0x0000000008001d88       0x54 Drivers/STM32F1xx_HAL_Driver/Src/stm32f1xx_hal_cortex.o
 .text.NVIC_EncodePriority
                0x0000000008001ddc       0x64 Drivers/STM32F1xx_HAL_Driver/Src/stm32f1xx_hal_cortex.o
 .text.SysTick_Config
                0x0000000008001e40       0x44 Drivers/STM32F1xx_HAL_Driver/Src/stm32f1xx_hal_cortex.o
 .text.HAL_NVIC_SetPriorityGrouping
                0x0000000008001e84       0x16 Drivers/STM32F1xx_HAL_Driver/Src/stm32f1xx_hal_cortex.o
                0x0000000008001e84                HAL_NVIC_SetPriorityGrouping
 .text.HAL_NVIC_SetPriority
                0x0000000008001e9a       0x38 Drivers/STM32F1xx_HAL_Driver/Src/stm32f1xx_hal_cortex.o
                0x0000000008001e9a                HAL_NVIC_SetPriority
 .text.HAL_NVIC_EnableIRQ
                0x0000000008001ed2       0x1c Drivers/STM32F1xx_HAL_Driver/Src/stm32f1xx_hal_cortex.o
                0x0000000008001ed2                HAL_NVIC_EnableIRQ
 .text.HAL_SYSTICK_Config
                0x0000000008001eee       0x18 Drivers/STM32F1xx_HAL_Driver/Src/stm32f1xx_hal_cortex.o
                0x0000000008001eee                HAL_SYSTICK_Config
 *fill*         0x0000000008001f06        0x2 
 .text.HAL_DMA_Init
                0x0000000008001f08       0xb4 Drivers/STM32F1xx_HAL_Driver/Src/stm32f1xx_hal_dma.o
                0x0000000008001f08                HAL_DMA_Init
 .text.HAL_DMA_Abort_IT
                0x0000000008001fbc       0xec Drivers/STM32F1xx_HAL_Driver/Src/stm32f1xx_hal_dma.o
                0x0000000008001fbc                HAL_DMA_Abort_IT
 .text.HAL_DMA_IRQHandler
                0x00000000080020a8      0x20c Drivers/STM32F1xx_HAL_Driver/Src/stm32f1xx_hal_dma.o
                0x00000000080020a8                HAL_DMA_IRQHandler
 .text.HAL_DMA_GetState
                0x00000000080022b4       0x18 Drivers/STM32F1xx_HAL_Driver/Src/stm32f1xx_hal_dma.o
                0x00000000080022b4                HAL_DMA_GetState
 .text.HAL_GPIO_Init
                0x00000000080022cc      0x2b4 Drivers/STM32F1xx_HAL_Driver/Src/stm32f1xx_hal_gpio.o
                0x00000000080022cc                HAL_GPIO_Init
 .text.HAL_GPIO_WritePin
                0x0000000008002580       0x30 Drivers/STM32F1xx_HAL_Driver/Src/stm32f1xx_hal_gpio.o
                0x0000000008002580                HAL_GPIO_WritePin
 .text.HAL_I2C_Init
                0x00000000080025b0      0x270 Drivers/STM32F1xx_HAL_Driver/Src/stm32f1xx_hal_i2c.o
                0x00000000080025b0                HAL_I2C_Init
 .text.HAL_I2C_EV_IRQHandler
                0x0000000008002820      0x2da Drivers/STM32F1xx_HAL_Driver/Src/stm32f1xx_hal_i2c.o
                0x0000000008002820                HAL_I2C_EV_IRQHandler
 .text.HAL_I2C_MasterTxCpltCallback
                0x0000000008002afa       0x12 Drivers/STM32F1xx_HAL_Driver/Src/stm32f1xx_hal_i2c.o
                0x0000000008002afa                HAL_I2C_MasterTxCpltCallback
 .text.HAL_I2C_MasterRxCpltCallback
                0x0000000008002b0c       0x12 Drivers/STM32F1xx_HAL_Driver/Src/stm32f1xx_hal_i2c.o
                0x0000000008002b0c                HAL_I2C_MasterRxCpltCallback
 .text.HAL_I2C_SlaveTxCpltCallback
                0x0000000008002b1e       0x12 Drivers/STM32F1xx_HAL_Driver/Src/stm32f1xx_hal_i2c.o
                0x0000000008002b1e                HAL_I2C_SlaveTxCpltCallback
 .text.HAL_I2C_SlaveRxCpltCallback
                0x0000000008002b30       0x12 Drivers/STM32F1xx_HAL_Driver/Src/stm32f1xx_hal_i2c.o
                0x0000000008002b30                HAL_I2C_SlaveRxCpltCallback
 .text.HAL_I2C_AddrCallback
                0x0000000008002b42       0x1a Drivers/STM32F1xx_HAL_Driver/Src/stm32f1xx_hal_i2c.o
                0x0000000008002b42                HAL_I2C_AddrCallback
 .text.HAL_I2C_ListenCpltCallback
                0x0000000008002b5c       0x12 Drivers/STM32F1xx_HAL_Driver/Src/stm32f1xx_hal_i2c.o
                0x0000000008002b5c                HAL_I2C_ListenCpltCallback
 .text.HAL_I2C_MemTxCpltCallback
                0x0000000008002b6e       0x12 Drivers/STM32F1xx_HAL_Driver/Src/stm32f1xx_hal_i2c.o
                0x0000000008002b6e                HAL_I2C_MemTxCpltCallback
 .text.HAL_I2C_MemRxCpltCallback
                0x0000000008002b80       0x12 Drivers/STM32F1xx_HAL_Driver/Src/stm32f1xx_hal_i2c.o
                0x0000000008002b80                HAL_I2C_MemRxCpltCallback
 .text.HAL_I2C_ErrorCallback
                0x0000000008002b92       0x12 Drivers/STM32F1xx_HAL_Driver/Src/stm32f1xx_hal_i2c.o
                0x0000000008002b92                HAL_I2C_ErrorCallback
 .text.HAL_I2C_AbortCpltCallback
                0x0000000008002ba4       0x12 Drivers/STM32F1xx_HAL_Driver/Src/stm32f1xx_hal_i2c.o
                0x0000000008002ba4                HAL_I2C_AbortCpltCallback
 .text.I2C_MasterTransmit_TXE
                0x0000000008002bb6      0x138 Drivers/STM32F1xx_HAL_Driver/Src/stm32f1xx_hal_i2c.o
 .text.I2C_MasterTransmit_BTF
                0x0000000008002cee       0xd0 Drivers/STM32F1xx_HAL_Driver/Src/stm32f1xx_hal_i2c.o
 .text.I2C_MemoryTransmit_TXE_BTF
                0x0000000008002dbe      0x11e Drivers/STM32F1xx_HAL_Driver/Src/stm32f1xx_hal_i2c.o
 .text.I2C_MasterReceive_RXNE
                0x0000000008002edc      0x162 Drivers/STM32F1xx_HAL_Driver/Src/stm32f1xx_hal_i2c.o
 .text.I2C_MasterReceive_BTF
                0x000000000800303e      0x1d4 Drivers/STM32F1xx_HAL_Driver/Src/stm32f1xx_hal_i2c.o
 .text.I2C_Master_SB
                0x0000000008003212      0x10a Drivers/STM32F1xx_HAL_Driver/Src/stm32f1xx_hal_i2c.o
 .text.I2C_Master_ADD10
                0x000000000800331c       0x52 Drivers/STM32F1xx_HAL_Driver/Src/stm32f1xx_hal_i2c.o
 .text.I2C_Master_ADDR
                0x000000000800336e      0x336 Drivers/STM32F1xx_HAL_Driver/Src/stm32f1xx_hal_i2c.o
 .text.I2C_SlaveTransmit_TXE
                0x00000000080036a4       0x7a Drivers/STM32F1xx_HAL_Driver/Src/stm32f1xx_hal_i2c.o
 .text.I2C_SlaveTransmit_BTF
                0x000000000800371e       0x40 Drivers/STM32F1xx_HAL_Driver/Src/stm32f1xx_hal_i2c.o
 .text.I2C_SlaveReceive_RXNE
                0x000000000800375e       0x7c Drivers/STM32F1xx_HAL_Driver/Src/stm32f1xx_hal_i2c.o
 .text.I2C_SlaveReceive_BTF
                0x00000000080037da       0x42 Drivers/STM32F1xx_HAL_Driver/Src/stm32f1xx_hal_i2c.o
 .text.I2C_Slave_ADDR
                0x000000000800381c       0x88 Drivers/STM32F1xx_HAL_Driver/Src/stm32f1xx_hal_i2c.o
 .text.I2C_Slave_STOPF
                0x00000000080038a4      0x260 Drivers/STM32F1xx_HAL_Driver/Src/stm32f1xx_hal_i2c.o
 .text.I2C_ITError
                0x0000000008003b04      0x264 Drivers/STM32F1xx_HAL_Driver/Src/stm32f1xx_hal_i2c.o
 .text.I2C_DMAAbort
                0x0000000008003d68      0x150 Drivers/STM32F1xx_HAL_Driver/Src/stm32f1xx_hal_i2c.o
 .text.I2C_WaitOnSTOPRequestThroughIT
                0x0000000008003eb8       0x64 Drivers/STM32F1xx_HAL_Driver/Src/stm32f1xx_hal_i2c.o
 .text.I2C_ConvertOtherXferOptions
                0x0000000008003f1c       0x34 Drivers/STM32F1xx_HAL_Driver/Src/stm32f1xx_hal_i2c.o
 .text.HAL_PCD_Init
                0x0000000008003f50      0x216 Drivers/STM32F1xx_HAL_Driver/Src/stm32f1xx_hal_pcd.o
                0x0000000008003f50                HAL_PCD_Init
 .text.HAL_PCD_Start
                0x0000000008004166       0x4c Drivers/STM32F1xx_HAL_Driver/Src/stm32f1xx_hal_pcd.o
                0x0000000008004166                HAL_PCD_Start
 .text.HAL_PCD_IRQHandler
                0x00000000080041b2      0x2aa Drivers/STM32F1xx_HAL_Driver/Src/stm32f1xx_hal_pcd.o
                0x00000000080041b2                HAL_PCD_IRQHandler
 .text.HAL_PCD_SetAddress
                0x000000000800445c       0x4a Drivers/STM32F1xx_HAL_Driver/Src/stm32f1xx_hal_pcd.o
                0x000000000800445c                HAL_PCD_SetAddress
 .text.HAL_PCD_EP_Open
                0x00000000080044a6       0xcc Drivers/STM32F1xx_HAL_Driver/Src/stm32f1xx_hal_pcd.o
                0x00000000080044a6                HAL_PCD_EP_Open
 .text.HAL_PCD_EP_Close
                0x0000000008004572       0x90 Drivers/STM32F1xx_HAL_Driver/Src/stm32f1xx_hal_pcd.o
                0x0000000008004572                HAL_PCD_EP_Close
 .text.HAL_PCD_EP_Receive
                0x0000000008004602       0x7a Drivers/STM32F1xx_HAL_Driver/Src/stm32f1xx_hal_pcd.o
                0x0000000008004602                HAL_PCD_EP_Receive
 .text.HAL_PCD_EP_GetRxCount
                0x000000000800467c       0x2e Drivers/STM32F1xx_HAL_Driver/Src/stm32f1xx_hal_pcd.o
                0x000000000800467c                HAL_PCD_EP_GetRxCount
 .text.HAL_PCD_EP_Transmit
                0x00000000080046aa       0x86 Drivers/STM32F1xx_HAL_Driver/Src/stm32f1xx_hal_pcd.o
                0x00000000080046aa                HAL_PCD_EP_Transmit
 .text.HAL_PCD_EP_SetStall
                0x0000000008004730       0xc0 Drivers/STM32F1xx_HAL_Driver/Src/stm32f1xx_hal_pcd.o
                0x0000000008004730                HAL_PCD_EP_SetStall
 .text.HAL_PCD_EP_ClrStall
                0x00000000080047f0       0xa8 Drivers/STM32F1xx_HAL_Driver/Src/stm32f1xx_hal_pcd.o
                0x00000000080047f0                HAL_PCD_EP_ClrStall
 .text.PCD_EP_ISR_Handler
                0x0000000008004898      0x5e6 Drivers/STM32F1xx_HAL_Driver/Src/stm32f1xx_hal_pcd.o
 .text.HAL_PCD_EP_DB_Receive
                0x0000000008004e7e      0x21a Drivers/STM32F1xx_HAL_Driver/Src/stm32f1xx_hal_pcd.o
 .text.HAL_PCD_EP_DB_Transmit
                0x0000000008005098      0x53a Drivers/STM32F1xx_HAL_Driver/Src/stm32f1xx_hal_pcd.o
 .text.HAL_PCDEx_PMAConfig
                0x00000000080055d2       0x84 Drivers/STM32F1xx_HAL_Driver/Src/stm32f1xx_hal_pcd_ex.o
                0x00000000080055d2                HAL_PCDEx_PMAConfig
 *fill*         0x0000000008005656        0x2 
 .text.HAL_RCC_OscConfig
                0x0000000008005658      0x500 Drivers/STM32F1xx_HAL_Driver/Src/stm32f1xx_hal_rcc.o
                0x0000000008005658                HAL_RCC_OscConfig
 .text.HAL_RCC_ClockConfig
                0x0000000008005b58      0x1d4 Drivers/STM32F1xx_HAL_Driver/Src/stm32f1xx_hal_rcc.o
                0x0000000008005b58                HAL_RCC_ClockConfig
 .text.HAL_RCC_GetSysClockFreq
                0x0000000008005d2c       0xc4 Drivers/STM32F1xx_HAL_Driver/Src/stm32f1xx_hal_rcc.o
                0x0000000008005d2c                HAL_RCC_GetSysClockFreq
 .text.HAL_RCC_GetHCLKFreq
                0x0000000008005df0       0x14 Drivers/STM32F1xx_HAL_Driver/Src/stm32f1xx_hal_rcc.o
                0x0000000008005df0                HAL_RCC_GetHCLKFreq
 .text.HAL_RCC_GetPCLK1Freq
                0x0000000008005e04       0x28 Drivers/STM32F1xx_HAL_Driver/Src/stm32f1xx_hal_rcc.o
                0x0000000008005e04                HAL_RCC_GetPCLK1Freq
 .text.RCC_Delay
                0x0000000008005e2c       0x3c Drivers/STM32F1xx_HAL_Driver/Src/stm32f1xx_hal_rcc.o
 .text.HAL_RCCEx_PeriphCLKConfig
                0x0000000008005e68      0x16c Drivers/STM32F1xx_HAL_Driver/Src/stm32f1xx_hal_rcc_ex.o
                0x0000000008005e68                HAL_RCCEx_PeriphCLKConfig
 .text.HAL_TIM_Base_Init
                0x0000000008005fd4       0x9e Drivers/STM32F1xx_HAL_Driver/Src/stm32f1xx_hal_tim.o
                0x0000000008005fd4                HAL_TIM_Base_Init
 .text.HAL_TIM_IRQHandler
                0x0000000008006072      0x210 Drivers/STM32F1xx_HAL_Driver/Src/stm32f1xx_hal_tim.o
                0x0000000008006072                HAL_TIM_IRQHandler
 .text.HAL_TIM_ConfigClockSource
                0x0000000008006282      0x16e Drivers/STM32F1xx_HAL_Driver/Src/stm32f1xx_hal_tim.o
                0x0000000008006282                HAL_TIM_ConfigClockSource
 .text.HAL_TIM_PeriodElapsedCallback
                0x00000000080063f0       0x12 Drivers/STM32F1xx_HAL_Driver/Src/stm32f1xx_hal_tim.o
                0x00000000080063f0                HAL_TIM_PeriodElapsedCallback
 .text.HAL_TIM_OC_DelayElapsedCallback
                0x0000000008006402       0x12 Drivers/STM32F1xx_HAL_Driver/Src/stm32f1xx_hal_tim.o
                0x0000000008006402                HAL_TIM_OC_DelayElapsedCallback
 .text.HAL_TIM_IC_CaptureCallback
                0x0000000008006414       0x12 Drivers/STM32F1xx_HAL_Driver/Src/stm32f1xx_hal_tim.o
                0x0000000008006414                HAL_TIM_IC_CaptureCallback
 .text.HAL_TIM_PWM_PulseFinishedCallback
                0x0000000008006426       0x12 Drivers/STM32F1xx_HAL_Driver/Src/stm32f1xx_hal_tim.o
                0x0000000008006426                HAL_TIM_PWM_PulseFinishedCallback
 .text.HAL_TIM_TriggerCallback
                0x0000000008006438       0x12 Drivers/STM32F1xx_HAL_Driver/Src/stm32f1xx_hal_tim.o
                0x0000000008006438                HAL_TIM_TriggerCallback
 *fill*         0x000000000800644a        0x2 
 .text.TIM_Base_SetConfig
                0x000000000800644c       0xc4 Drivers/STM32F1xx_HAL_Driver/Src/stm32f1xx_hal_tim.o
                0x000000000800644c                TIM_Base_SetConfig
 .text.TIM_TI1_ConfigInputStage
                0x0000000008006510       0x5c Drivers/STM32F1xx_HAL_Driver/Src/stm32f1xx_hal_tim.o
 .text.TIM_TI2_ConfigInputStage
                0x000000000800656c       0x5e Drivers/STM32F1xx_HAL_Driver/Src/stm32f1xx_hal_tim.o
 .text.TIM_ITRx_SetConfig
                0x00000000080065ca       0x34 Drivers/STM32F1xx_HAL_Driver/Src/stm32f1xx_hal_tim.o
 .text.TIM_ETR_SetConfig
                0x00000000080065fe       0x3e Drivers/STM32F1xx_HAL_Driver/Src/stm32f1xx_hal_tim.o
                0x00000000080065fe                TIM_ETR_SetConfig
 .text.HAL_TIMEx_MasterConfigSynchronization
                0x000000000800663c       0xbc Drivers/STM32F1xx_HAL_Driver/Src/stm32f1xx_hal_tim_ex.o
                0x000000000800663c                HAL_TIMEx_MasterConfigSynchronization
 .text.HAL_TIMEx_CommutCallback
                0x00000000080066f8       0x12 Drivers/STM32F1xx_HAL_Driver/Src/stm32f1xx_hal_tim_ex.o
                0x00000000080066f8                HAL_TIMEx_CommutCallback
 .text.HAL_TIMEx_BreakCallback
                0x000000000800670a       0x12 Drivers/STM32F1xx_HAL_Driver/Src/stm32f1xx_hal_tim_ex.o
                0x000000000800670a                HAL_TIMEx_BreakCallback
 .text.USB_CoreInit
                0x000000000800671c       0x20 Drivers/STM32F1xx_HAL_Driver/Src/stm32f1xx_ll_usb.o
                0x000000000800671c                USB_CoreInit
 .text.USB_EnableGlobalInt
                0x000000000800673c       0x2c Drivers/STM32F1xx_HAL_Driver/Src/stm32f1xx_ll_usb.o
                0x000000000800673c                USB_EnableGlobalInt
 .text.USB_DisableGlobalInt
                0x0000000008006768       0x34 Drivers/STM32F1xx_HAL_Driver/Src/stm32f1xx_ll_usb.o
                0x0000000008006768                USB_DisableGlobalInt
 .text.USB_SetCurrentMode
                0x000000000800679c       0x18 Drivers/STM32F1xx_HAL_Driver/Src/stm32f1xx_ll_usb.o
                0x000000000800679c                USB_SetCurrentMode
 .text.USB_DevInit
                0x00000000080067b4       0x40 Drivers/STM32F1xx_HAL_Driver/Src/stm32f1xx_ll_usb.o
                0x00000000080067b4                USB_DevInit
 .text.USB_ActivateEndpoint
                0x00000000080067f4      0x6d4 Drivers/STM32F1xx_HAL_Driver/Src/stm32f1xx_ll_usb.o
                0x00000000080067f4                USB_ActivateEndpoint
 .text.USB_DeactivateEndpoint
                0x0000000008006ec8      0x3d8 Drivers/STM32F1xx_HAL_Driver/Src/stm32f1xx_ll_usb.o
                0x0000000008006ec8                USB_DeactivateEndpoint
 .text.USB_EPStartXfer
                0x00000000080072a0     0x1240 Drivers/STM32F1xx_HAL_Driver/Src/stm32f1xx_ll_usb.o
                0x00000000080072a0                USB_EPStartXfer
 .text.USB_EPSetStall
                0x00000000080084e0       0xa0 Drivers/STM32F1xx_HAL_Driver/Src/stm32f1xx_ll_usb.o
                0x00000000080084e0                USB_EPSetStall
 .text.USB_EPClearStall
                0x0000000008008580      0x15a Drivers/STM32F1xx_HAL_Driver/Src/stm32f1xx_ll_usb.o
                0x0000000008008580                USB_EPClearStall
 .text.USB_SetDevAddress
                0x00000000080086da       0x26 Drivers/STM32F1xx_HAL_Driver/Src/stm32f1xx_ll_usb.o
                0x00000000080086da                USB_SetDevAddress
 .text.USB_DevConnect
                0x0000000008008700       0x14 Drivers/STM32F1xx_HAL_Driver/Src/stm32f1xx_ll_usb.o
                0x0000000008008700                USB_DevConnect
 .text.USB_DevDisconnect
                0x0000000008008714       0x14 Drivers/STM32F1xx_HAL_Driver/Src/stm32f1xx_ll_usb.o
                0x0000000008008714                USB_DevDisconnect
 .text.USB_ReadInterrupts
                0x0000000008008728       0x1e Drivers/STM32F1xx_HAL_Driver/Src/stm32f1xx_ll_usb.o
                0x0000000008008728                USB_ReadInterrupts
 .text.USB_EP0_OutStart
                0x0000000008008746       0x16 Drivers/STM32F1xx_HAL_Driver/Src/stm32f1xx_ll_usb.o
                0x0000000008008746                USB_EP0_OutStart
 .text.USB_WritePMA
                0x000000000800875c       0x88 Drivers/STM32F1xx_HAL_Driver/Src/stm32f1xx_ll_usb.o
                0x000000000800875c                USB_WritePMA
 .text.USB_ReadPMA
                0x00000000080087e4       0x9e Drivers/STM32F1xx_HAL_Driver/Src/stm32f1xx_ll_usb.o
                0x00000000080087e4                USB_ReadPMA
 .text.USBD_CDC_Init
                0x0000000008008882       0xf4 Middlewares/ST/STM32_USB_Device_Library/Class/CDC/Src/usbd_cdc.o
 .text.USBD_CDC_DeInit
                0x0000000008008976       0x6e Middlewares/ST/STM32_USB_Device_Library/Class/CDC/Src/usbd_cdc.o
 .text.USBD_CDC_Setup
                0x00000000080089e4      0x140 Middlewares/ST/STM32_USB_Device_Library/Class/CDC/Src/usbd_cdc.o
 .text.USBD_CDC_DataIn
                0x0000000008008b24       0xa6 Middlewares/ST/STM32_USB_Device_Library/Class/CDC/Src/usbd_cdc.o
 .text.USBD_CDC_DataOut
                0x0000000008008bca       0x56 Middlewares/ST/STM32_USB_Device_Library/Class/CDC/Src/usbd_cdc.o
 .text.USBD_CDC_EP0_RxReady
                0x0000000008008c20       0x50 Middlewares/ST/STM32_USB_Device_Library/Class/CDC/Src/usbd_cdc.o
 .text.USBD_CDC_GetFSCfgDesc
                0x0000000008008c70       0x20 Middlewares/ST/STM32_USB_Device_Library/Class/CDC/Src/usbd_cdc.o
 .text.USBD_CDC_GetHSCfgDesc
                0x0000000008008c90       0x20 Middlewares/ST/STM32_USB_Device_Library/Class/CDC/Src/usbd_cdc.o
 .text.USBD_CDC_GetOtherSpeedCfgDesc
                0x0000000008008cb0       0x20 Middlewares/ST/STM32_USB_Device_Library/Class/CDC/Src/usbd_cdc.o
 .text.USBD_CDC_GetDeviceQualifierDescriptor
                0x0000000008008cd0       0x20 Middlewares/ST/STM32_USB_Device_Library/Class/CDC/Src/usbd_cdc.o
                0x0000000008008cd0                USBD_CDC_GetDeviceQualifierDescriptor
 .text.USBD_CDC_RegisterInterface
                0x0000000008008cf0       0x2c Middlewares/ST/STM32_USB_Device_Library/Class/CDC/Src/usbd_cdc.o
                0x0000000008008cf0                USBD_CDC_RegisterInterface
 .text.USBD_CDC_SetTxBuffer
                0x0000000008008d1c       0x32 Middlewares/ST/STM32_USB_Device_Library/Class/CDC/Src/usbd_cdc.o
                0x0000000008008d1c                USBD_CDC_SetTxBuffer
 .text.USBD_CDC_SetRxBuffer
                0x0000000008008d4e       0x26 Middlewares/ST/STM32_USB_Device_Library/Class/CDC/Src/usbd_cdc.o
                0x0000000008008d4e                USBD_CDC_SetRxBuffer
 .text.USBD_CDC_ReceivePacket
                0x0000000008008d74       0x54 Middlewares/ST/STM32_USB_Device_Library/Class/CDC/Src/usbd_cdc.o
                0x0000000008008d74                USBD_CDC_ReceivePacket
 .text.USBD_Init
                0x0000000008008dc8       0x56 Middlewares/ST/STM32_USB_Device_Library/Core/Src/usbd_core.o
                0x0000000008008dc8                USBD_Init
 .text.USBD_RegisterClass
                0x0000000008008e1e       0x32 Middlewares/ST/STM32_USB_Device_Library/Core/Src/usbd_core.o
                0x0000000008008e1e                USBD_RegisterClass
 .text.USBD_Start
                0x0000000008008e50       0x18 Middlewares/ST/STM32_USB_Device_Library/Core/Src/usbd_core.o
                0x0000000008008e50                USBD_Start
 .text.USBD_RunTestMode
                0x0000000008008e68       0x14 Middlewares/ST/STM32_USB_Device_Library/Core/Src/usbd_core.o
                0x0000000008008e68                USBD_RunTestMode
 .text.USBD_SetClassConfig
                0x0000000008008e7c       0x3e Middlewares/ST/STM32_USB_Device_Library/Core/Src/usbd_core.o
                0x0000000008008e7c                USBD_SetClassConfig
 .text.USBD_ClrClassConfig
                0x0000000008008eba       0x26 Middlewares/ST/STM32_USB_Device_Library/Core/Src/usbd_core.o
                0x0000000008008eba                USBD_ClrClassConfig
 .text.USBD_LL_SetupStage
                0x0000000008008ee0       0x96 Middlewares/ST/STM32_USB_Device_Library/Core/Src/usbd_core.o
                0x0000000008008ee0                USBD_LL_SetupStage
 .text.USBD_LL_DataOutStage
                0x0000000008008f76       0xe2 Middlewares/ST/STM32_USB_Device_Library/Core/Src/usbd_core.o
                0x0000000008008f76                USBD_LL_DataOutStage
 .text.USBD_LL_DataInStage
                0x0000000008009058      0x14a Middlewares/ST/STM32_USB_Device_Library/Core/Src/usbd_core.o
                0x0000000008009058                USBD_LL_DataInStage
 .text.USBD_LL_Reset
                0x00000000080091a2       0x82 Middlewares/ST/STM32_USB_Device_Library/Core/Src/usbd_core.o
                0x00000000080091a2                USBD_LL_Reset
 .text.USBD_LL_SetSpeed
                0x0000000008009224       0x1e Middlewares/ST/STM32_USB_Device_Library/Core/Src/usbd_core.o
                0x0000000008009224                USBD_LL_SetSpeed
 .text.USBD_LL_Suspend
                0x0000000008009242       0x28 Middlewares/ST/STM32_USB_Device_Library/Core/Src/usbd_core.o
                0x0000000008009242                USBD_LL_Suspend
 .text.USBD_LL_Resume
                0x000000000800926a       0x2a Middlewares/ST/STM32_USB_Device_Library/Core/Src/usbd_core.o
                0x000000000800926a                USBD_LL_Resume
 .text.USBD_LL_SOF
                0x0000000008009294       0x34 Middlewares/ST/STM32_USB_Device_Library/Core/Src/usbd_core.o
                0x0000000008009294                USBD_LL_SOF
 .text.USBD_StdDevReq
                0x00000000080092c8       0xd4 Middlewares/ST/STM32_USB_Device_Library/Core/Src/usbd_ctlreq.o
                0x00000000080092c8                USBD_StdDevReq
 .text.USBD_StdItfReq
                0x000000000800939c       0x8c Middlewares/ST/STM32_USB_Device_Library/Core/Src/usbd_ctlreq.o
                0x000000000800939c                USBD_StdItfReq
 .text.USBD_StdEPReq
                0x0000000008009428      0x2ba Middlewares/ST/STM32_USB_Device_Library/Core/Src/usbd_ctlreq.o
                0x0000000008009428                USBD_StdEPReq
 *fill*         0x00000000080096e2        0x2 
 .text.USBD_GetDescriptor
                0x00000000080096e4      0x2d0 Middlewares/ST/STM32_USB_Device_Library/Core/Src/usbd_ctlreq.o
 .text.USBD_SetAddress
                0x00000000080099b4       0x84 Middlewares/ST/STM32_USB_Device_Library/Core/Src/usbd_ctlreq.o
 .text.USBD_SetConfig
                0x0000000008009a38      0x11c Middlewares/ST/STM32_USB_Device_Library/Core/Src/usbd_ctlreq.o
 .text.USBD_GetConfig
                0x0000000008009b54       0x68 Middlewares/ST/STM32_USB_Device_Library/Core/Src/usbd_ctlreq.o
 .text.USBD_GetStatus
                0x0000000008009bbc       0x66 Middlewares/ST/STM32_USB_Device_Library/Core/Src/usbd_ctlreq.o
 .text.USBD_SetFeature
                0x0000000008009c22       0x28 Middlewares/ST/STM32_USB_Device_Library/Core/Src/usbd_ctlreq.o
 .text.USBD_ClrFeature
                0x0000000008009c4a       0x42 Middlewares/ST/STM32_USB_Device_Library/Core/Src/usbd_ctlreq.o
 .text.USBD_ParseSetupRequest
                0x0000000008009c8c       0x78 Middlewares/ST/STM32_USB_Device_Library/Core/Src/usbd_ctlreq.o
                0x0000000008009c8c                USBD_ParseSetupRequest
 .text.USBD_CtlError
                0x0000000008009d04       0x22 Middlewares/ST/STM32_USB_Device_Library/Core/Src/usbd_ctlreq.o
                0x0000000008009d04                USBD_CtlError
 .text.USBD_GetString
                0x0000000008009d26       0x84 Middlewares/ST/STM32_USB_Device_Library/Core/Src/usbd_ctlreq.o
                0x0000000008009d26                USBD_GetString
 .text.USBD_GetLen
                0x0000000008009daa       0x2e Middlewares/ST/STM32_USB_Device_Library/Core/Src/usbd_ctlreq.o
 .text.USBD_CtlSendData
                0x0000000008009dd8       0x38 Middlewares/ST/STM32_USB_Device_Library/Core/Src/usbd_ioreq.o
                0x0000000008009dd8                USBD_CtlSendData
 .text.USBD_CtlContinueSendData
                0x0000000008009e10       0x24 Middlewares/ST/STM32_USB_Device_Library/Core/Src/usbd_ioreq.o
                0x0000000008009e10                USBD_CtlContinueSendData
 .text.USBD_CtlPrepareRx
                0x0000000008009e34       0x3c Middlewares/ST/STM32_USB_Device_Library/Core/Src/usbd_ioreq.o
                0x0000000008009e34                USBD_CtlPrepareRx
 .text.USBD_CtlContinueRx
                0x0000000008009e70       0x24 Middlewares/ST/STM32_USB_Device_Library/Core/Src/usbd_ioreq.o
                0x0000000008009e70                USBD_CtlContinueRx
 .text.USBD_CtlSendStatus
                0x0000000008009e94       0x26 Middlewares/ST/STM32_USB_Device_Library/Core/Src/usbd_ioreq.o
                0x0000000008009e94                USBD_CtlSendStatus
 .text.USBD_CtlReceiveStatus
                0x0000000008009eba       0x26 Middlewares/ST/STM32_USB_Device_Library/Core/Src/usbd_ioreq.o
                0x0000000008009eba                USBD_CtlReceiveStatus
 .text.MX_USB_DEVICE_Init
                0x0000000008009ee0       0x60 USB_DEVICE/App/usb_device.o
                0x0000000008009ee0                MX_USB_DEVICE_Init
 .text.CDC_Init_FS
                0x0000000008009f40       0x28 USB_DEVICE/App/usbd_cdc_if.o
 .text.CDC_DeInit_FS
                0x0000000008009f68        0xe USB_DEVICE/App/usbd_cdc_if.o
 *fill*         0x0000000008009f76        0x2 
 .text.CDC_Control_FS
                0x0000000008009f78       0xbc USB_DEVICE/App/usbd_cdc_if.o
 .text.CDC_Receive_FS
                0x000000000800a034       0x28 USB_DEVICE/App/usbd_cdc_if.o
 .text.USBD_FS_DeviceDescriptor
                0x000000000800a05c       0x24 USB_DEVICE/App/usbd_desc.o
                0x000000000800a05c                USBD_FS_DeviceDescriptor
 .text.USBD_FS_LangIDStrDescriptor
                0x000000000800a080       0x24 USB_DEVICE/App/usbd_desc.o
                0x000000000800a080                USBD_FS_LangIDStrDescriptor
 .text.USBD_FS_ProductStrDescriptor
                0x000000000800a0a4       0x3c USB_DEVICE/App/usbd_desc.o
                0x000000000800a0a4                USBD_FS_ProductStrDescriptor
 .text.USBD_FS_ManufacturerStrDescriptor
                0x000000000800a0e0       0x28 USB_DEVICE/App/usbd_desc.o
                0x000000000800a0e0                USBD_FS_ManufacturerStrDescriptor
 .text.USBD_FS_SerialStrDescriptor
                0x000000000800a108       0x24 USB_DEVICE/App/usbd_desc.o
                0x000000000800a108                USBD_FS_SerialStrDescriptor
 .text.USBD_FS_ConfigStrDescriptor
                0x000000000800a12c       0x3c USB_DEVICE/App/usbd_desc.o
                0x000000000800a12c                USBD_FS_ConfigStrDescriptor
 .text.USBD_FS_InterfaceStrDescriptor
                0x000000000800a168       0x3c USB_DEVICE/App/usbd_desc.o
                0x000000000800a168                USBD_FS_InterfaceStrDescriptor
 .text.Get_SerialNum
                0x000000000800a1a4       0x58 USB_DEVICE/App/usbd_desc.o
 .text.IntToUnicode
                0x000000000800a1fc       0x7a USB_DEVICE/App/usbd_desc.o
 *fill*         0x000000000800a276        0x2 
 .text.HAL_PCD_MspInit
                0x000000000800a278       0x4c USB_DEVICE/Target/usbd_conf.o
                0x000000000800a278                HAL_PCD_MspInit
 .text.HAL_PCD_SetupStageCallback
                0x000000000800a2c4       0x24 USB_DEVICE/Target/usbd_conf.o
                0x000000000800a2c4                HAL_PCD_SetupStageCallback
 .text.HAL_PCD_DataOutStageCallback
                0x000000000800a2e8       0x36 USB_DEVICE/Target/usbd_conf.o
                0x000000000800a2e8                HAL_PCD_DataOutStageCallback
 .text.HAL_PCD_DataInStageCallback
                0x000000000800a31e       0x34 USB_DEVICE/Target/usbd_conf.o
                0x000000000800a31e                HAL_PCD_DataInStageCallback
 .text.HAL_PCD_SOFCallback
                0x000000000800a352       0x1c USB_DEVICE/Target/usbd_conf.o
                0x000000000800a352                HAL_PCD_SOFCallback
 .text.HAL_PCD_ResetCallback
                0x000000000800a36e       0x3c USB_DEVICE/Target/usbd_conf.o
                0x000000000800a36e                HAL_PCD_ResetCallback
 *fill*         0x000000000800a3aa        0x2 
 .text.HAL_PCD_SuspendCallback
                0x000000000800a3ac       0x34 USB_DEVICE/Target/usbd_conf.o
                0x000000000800a3ac                HAL_PCD_SuspendCallback
 .text.HAL_PCD_ResumeCallback
                0x000000000800a3e0       0x1c USB_DEVICE/Target/usbd_conf.o
                0x000000000800a3e0                HAL_PCD_ResumeCallback
 .text.USBD_LL_Init
                0x000000000800a3fc       0xb4 USB_DEVICE/Target/usbd_conf.o
                0x000000000800a3fc                USBD_LL_Init
 .text.USBD_LL_Start
                0x000000000800a4b0       0x36 USB_DEVICE/Target/usbd_conf.o
                0x000000000800a4b0                USBD_LL_Start
 .text.USBD_LL_OpenEP
                0x000000000800a4e6       0x4c USB_DEVICE/Target/usbd_conf.o
                0x000000000800a4e6                USBD_LL_OpenEP
 .text.USBD_LL_CloseEP
                0x000000000800a532       0x3e USB_DEVICE/Target/usbd_conf.o
                0x000000000800a532                USBD_LL_CloseEP
 .text.USBD_LL_StallEP
                0x000000000800a570       0x3e USB_DEVICE/Target/usbd_conf.o
                0x000000000800a570                USBD_LL_StallEP
 .text.USBD_LL_ClearStallEP
                0x000000000800a5ae       0x3e USB_DEVICE/Target/usbd_conf.o
                0x000000000800a5ae                USBD_LL_ClearStallEP
 .text.USBD_LL_IsStallEP
                0x000000000800a5ec       0x58 USB_DEVICE/Target/usbd_conf.o
                0x000000000800a5ec                USBD_LL_IsStallEP
 .text.USBD_LL_SetUSBAddress
                0x000000000800a644       0x3e USB_DEVICE/Target/usbd_conf.o
                0x000000000800a644                USBD_LL_SetUSBAddress
 .text.USBD_LL_Transmit
                0x000000000800a682       0x46 USB_DEVICE/Target/usbd_conf.o
                0x000000000800a682                USBD_LL_Transmit
 .text.USBD_LL_PrepareReceive
                0x000000000800a6c8       0x46 USB_DEVICE/Target/usbd_conf.o
                0x000000000800a6c8                USBD_LL_PrepareReceive
 .text.USBD_LL_GetRxDataSize
                0x000000000800a70e       0x26 USB_DEVICE/Target/usbd_conf.o
                0x000000000800a70e                USBD_LL_GetRxDataSize
 .text.USBD_static_malloc
                0x000000000800a734       0x18 USB_DEVICE/Target/usbd_conf.o
                0x000000000800a734                USBD_static_malloc
 .text.USBD_static_free
                0x000000000800a74c       0x12 USB_DEVICE/Target/usbd_conf.o
                0x000000000800a74c                USBD_static_free
 .text.HAL_PCDEx_SetConnectionState
                0x000000000800a75e       0x16 USB_DEVICE/Target/usbd_conf.o
                0x000000000800a75e                HAL_PCDEx_SetConnectionState
 .text.USBD_Get_USB_Status
                0x000000000800a774       0x58 USB_DEVICE/Target/usbd_conf.o
 .text.__errno  0x000000000800a7cc        0xc c:/st/stm32cubeide_1.5.0/stm32cubeide/plugins/com.st.stm32cube.ide.mcu.externaltools.gnu-tools-for-stm32.7-2018-q2-update.win32_1.5.0.202011040924/tools/bin/../lib/gcc/arm-none-eabi/7.3.1/../../../../arm-none-eabi/lib/thumb/v7-m\libc_nano.a(lib_a-errno.o)
                0x000000000800a7cc                __errno
 .text.__libc_init_array
                0x000000000800a7d8       0x48 c:/st/stm32cubeide_1.5.0/stm32cubeide/plugins/com.st.stm32cube.ide.mcu.externaltools.gnu-tools-for-stm32.7-2018-q2-update.win32_1.5.0.202011040924/tools/bin/../lib/gcc/arm-none-eabi/7.3.1/../../../../arm-none-eabi/lib/thumb/v7-m\libc_nano.a(lib_a-init.o)
                0x000000000800a7d8                __libc_init_array
 .text.memset   0x000000000800a820       0x10 c:/st/stm32cubeide_1.5.0/stm32cubeide/plugins/com.st.stm32cube.ide.mcu.externaltools.gnu-tools-for-stm32.7-2018-q2-update.win32_1.5.0.202011040924/tools/bin/../lib/gcc/arm-none-eabi/7.3.1/../../../../arm-none-eabi/lib/thumb/v7-m\libc_nano.a(lib_a-memset.o)
                0x000000000800a820                memset
 .text.snprintf
                0x000000000800a830       0x68 c:/st/stm32cubeide_1.5.0/stm32cubeide/plugins/com.st.stm32cube.ide.mcu.externaltools.gnu-tools-for-stm32.7-2018-q2-update.win32_1.5.0.202011040924/tools/bin/../lib/gcc/arm-none-eabi/7.3.1/../../../../arm-none-eabi/lib/thumb/v7-m\libc_nano.a(lib_a-snprintf.o)
                0x000000000800a830                sniprintf
                0x000000000800a830                snprintf
 .text.__ssputs_r
                0x000000000800a898       0xb4 c:/st/stm32cubeide_1.5.0/stm32cubeide/plugins/com.st.stm32cube.ide.mcu.externaltools.gnu-tools-for-stm32.7-2018-q2-update.win32_1.5.0.202011040924/tools/bin/../lib/gcc/arm-none-eabi/7.3.1/../../../../arm-none-eabi/lib/thumb/v7-m\libc_nano.a(lib_a-nano-svfprintf.o)
                0x000000000800a898                __ssputs_r
 .text._svfprintf_r
                0x000000000800a94c      0x1f0 c:/st/stm32cubeide_1.5.0/stm32cubeide/plugins/com.st.stm32cube.ide.mcu.externaltools.gnu-tools-for-stm32.7-2018-q2-update.win32_1.5.0.202011040924/tools/bin/../lib/gcc/arm-none-eabi/7.3.1/../../../../arm-none-eabi/lib/thumb/v7-m\libc_nano.a(lib_a-nano-svfprintf.o)
                0x000000000800a94c                _svfiprintf_r
                0x000000000800a94c                _svfprintf_r
 .text._printf_common
                0x000000000800ab3c       0xec c:/st/stm32cubeide_1.5.0/stm32cubeide/plugins/com.st.stm32cube.ide.mcu.externaltools.gnu-tools-for-stm32.7-2018-q2-update.win32_1.5.0.202011040924/tools/bin/../lib/gcc/arm-none-eabi/7.3.1/../../../../arm-none-eabi/lib/thumb/v7-m\libc_nano.a(lib_a-nano-vfprintf_i.o)
                0x000000000800ab3c                _printf_common
 .text._printf_i
                0x000000000800ac28      0x224 c:/st/stm32cubeide_1.5.0/stm32cubeide/plugins/com.st.stm32cube.ide.mcu.externaltools.gnu-tools-for-stm32.7-2018-q2-update.win32_1.5.0.202011040924/tools/bin/../lib/gcc/arm-none-eabi/7.3.1/../../../../arm-none-eabi/lib/thumb/v7-m\libc_nano.a(lib_a-nano-vfprintf_i.o)
                0x000000000800ac28                _printf_i
 .text.memchr   0x000000000800ae4c       0x1c c:/st/stm32cubeide_1.5.0/stm32cubeide/plugins/com.st.stm32cube.ide.mcu.externaltools.gnu-tools-for-stm32.7-2018-q2-update.win32_1.5.0.202011040924/tools/bin/../lib/gcc/arm-none-eabi/7.3.1/../../../../arm-none-eabi/lib/thumb/v7-m\libc_nano.a(lib_a-memchr-stub.o)
                0x000000000800ae4c                memchr
 .text.memcpy   0x000000000800ae68       0x16 c:/st/stm32cubeide_1.5.0/stm32cubeide/plugins/com.st.stm32cube.ide.mcu.externaltools.gnu-tools-for-stm32.7-2018-q2-update.win32_1.5.0.202011040924/tools/bin/../lib/gcc/arm-none-eabi/7.3.1/../../../../arm-none-eabi/lib/thumb/v7-m\libc_nano.a(lib_a-memcpy-stub.o)
                0x000000000800ae68                memcpy
 .text.memmove  0x000000000800ae7e       0x32 c:/st/stm32cubeide_1.5.0/stm32cubeide/plugins/com.st.stm32cube.ide.mcu.externaltools.gnu-tools-for-stm32.7-2018-q2-update.win32_1.5.0.202011040924/tools/bin/../lib/gcc/arm-none-eabi/7.3.1/../../../../arm-none-eabi/lib/thumb/v7-m\libc_nano.a(lib_a-memmove.o)
                0x000000000800ae7e                memmove
 .text._free_r  0x000000000800aeb0       0x98 c:/st/stm32cubeide_1.5.0/stm32cubeide/plugins/com.st.stm32cube.ide.mcu.externaltools.gnu-tools-for-stm32.7-2018-q2-update.win32_1.5.0.202011040924/tools/bin/../lib/gcc/arm-none-eabi/7.3.1/../../../../arm-none-eabi/lib/thumb/v7-m\libc_nano.a(lib_a-nano-freer.o)
                0x000000000800aeb0                _free_r
 .text._malloc_r
                0x000000000800af48       0xb4 c:/st/stm32cubeide_1.5.0/stm32cubeide/plugins/com.st.stm32cube.ide.mcu.externaltools.gnu-tools-for-stm32.7-2018-q2-update.win32_1.5.0.202011040924/tools/bin/../lib/gcc/arm-none-eabi/7.3.1/../../../../arm-none-eabi/lib/thumb/v7-m\libc_nano.a(lib_a-nano-mallocr.o)
                0x000000000800af48                _malloc_r
 .text._realloc_r
                0x000000000800affc       0x4c c:/st/stm32cubeide_1.5.0/stm32cubeide/plugins/com.st.stm32cube.ide.mcu.externaltools.gnu-tools-for-stm32.7-2018-q2-update.win32_1.5.0.202011040924/tools/bin/../lib/gcc/arm-none-eabi/7.3.1/../../../../arm-none-eabi/lib/thumb/v7-m\libc_nano.a(lib_a-nano-reallocr.o)
                0x000000000800affc                _realloc_r
 .text._sbrk_r  0x000000000800b048       0x20 c:/st/stm32cubeide_1.5.0/stm32cubeide/plugins/com.st.stm32cube.ide.mcu.externaltools.gnu-tools-for-stm32.7-2018-q2-update.win32_1.5.0.202011040924/tools/bin/../lib/gcc/arm-none-eabi/7.3.1/../../../../arm-none-eabi/lib/thumb/v7-m\libc_nano.a(lib_a-sbrkr.o)
                0x000000000800b048                _sbrk_r
 .text.__malloc_lock
                0x000000000800b068        0x2 c:/st/stm32cubeide_1.5.0/stm32cubeide/plugins/com.st.stm32cube.ide.mcu.externaltools.gnu-tools-for-stm32.7-2018-q2-update.win32_1.5.0.202011040924/tools/bin/../lib/gcc/arm-none-eabi/7.3.1/../../../../arm-none-eabi/lib/thumb/v7-m\libc_nano.a(lib_a-mlock.o)
                0x000000000800b068                __malloc_lock
 .text.__malloc_unlock
                0x000000000800b06a        0x2 c:/st/stm32cubeide_1.5.0/stm32cubeide/plugins/com.st.stm32cube.ide.mcu.externaltools.gnu-tools-for-stm32.7-2018-q2-update.win32_1.5.0.202011040924/tools/bin/../lib/gcc/arm-none-eabi/7.3.1/../../../../arm-none-eabi/lib/thumb/v7-m\libc_nano.a(lib_a-mlock.o)
                0x000000000800b06a                __malloc_unlock
 .text._malloc_usable_size_r
                0x000000000800b06c       0x10 c:/st/stm32cubeide_1.5.0/stm32cubeide/plugins/com.st.stm32cube.ide.mcu.externaltools.gnu-tools-for-stm32.7-2018-q2-update.win32_1.5.0.202011040924/tools/bin/../lib/gcc/arm-none-eabi/7.3.1/../../../../arm-none-eabi/lib/thumb/v7-m\libc_nano.a(lib_a-nano-msizer.o)
                0x000000000800b06c                _malloc_usable_size_r
 *(.glue_7)
 .glue_7        0x000000000800b07c        0x0 linker stubs
 *(.glue_7t)
 .glue_7t       0x000000000800b07c        0x0 linker stubs
 *(.eh_frame)
 .eh_frame      0x000000000800b07c        0x0 c:/st/stm32cubeide_1.5.0/stm32cubeide/plugins/com.st.stm32cube.ide.mcu.externaltools.gnu-tools-for-stm32.7-2018-q2-update.win32_1.5.0.202011040924/tools/bin/../lib/gcc/arm-none-eabi/7.3.1/thumb/v7-m/crtbegin.o
 *(.init)
 .init          0x000000000800b07c        0x4 c:/st/stm32cubeide_1.5.0/stm32cubeide/plugins/com.st.stm32cube.ide.mcu.externaltools.gnu-tools-for-stm32.7-2018-q2-update.win32_1.5.0.202011040924/tools/bin/../lib/gcc/arm-none-eabi/7.3.1/thumb/v7-m/crti.o
                0x000000000800b07c                _init
 .init          0x000000000800b080        0x8 c:/st/stm32cubeide_1.5.0/stm32cubeide/plugins/com.st.stm32cube.ide.mcu.externaltools.gnu-tools-for-stm32.7-2018-q2-update.win32_1.5.0.202011040924/tools/bin/../lib/gcc/arm-none-eabi/7.3.1/thumb/v7-m/crtn.o
 *(.fini)
 .fini          0x000000000800b088        0x4 c:/st/stm32cubeide_1.5.0/stm32cubeide/plugins/com.st.stm32cube.ide.mcu.externaltools.gnu-tools-for-stm32.7-2018-q2-update.win32_1.5.0.202011040924/tools/bin/../lib/gcc/arm-none-eabi/7.3.1/thumb/v7-m/crti.o
                0x000000000800b088                _fini
 .fini          0x000000000800b08c        0x8 c:/st/stm32cubeide_1.5.0/stm32cubeide/plugins/com.st.stm32cube.ide.mcu.externaltools.gnu-tools-for-stm32.7-2018-q2-update.win32_1.5.0.202011040924/tools/bin/../lib/gcc/arm-none-eabi/7.3.1/thumb/v7-m/crtn.o
                0x000000000800b094                . = ALIGN (0x4)
                0x000000000800b094                _etext = .

.vfp11_veneer   0x000000000800b094        0x0
 .vfp11_veneer  0x000000000800b094        0x0 linker stubs

.v4_bx          0x000000000800b094        0x0
 .v4_bx         0x000000000800b094        0x0 linker stubs

.iplt           0x000000000800b094        0x0
 .iplt          0x000000000800b094        0x0 c:/st/stm32cubeide_1.5.0/stm32cubeide/plugins/com.st.stm32cube.ide.mcu.externaltools.gnu-tools-for-stm32.7-2018-q2-update.win32_1.5.0.202011040924/tools/bin/../lib/gcc/arm-none-eabi/7.3.1/thumb/v7-m/crtbegin.o

.rodata         0x000000000800b094       0xc4
                0x000000000800b094                . = ALIGN (0x4)
 *(.rodata)
 .rodata        0x000000000800b094       0x19 Core/Src/main.o
 *fill*         0x000000000800b0ad        0x3 
 .rodata        0x000000000800b0b0       0x12 Drivers/STM32F1xx_HAL_Driver/Src/stm32f1xx_hal_rcc.o
 *fill*         0x000000000800b0c2        0x2 
 .rodata        0x000000000800b0c4       0x46 USB_DEVICE/App/usbd_desc.o
 *(.rodata*)
 *fill*         0x000000000800b10a        0x2 
 .rodata.AHBPrescTable
                0x000000000800b10c       0x10 Core/Src/system_stm32f1xx.o
                0x000000000800b10c                AHBPrescTable
 .rodata.APBPrescTable
                0x000000000800b11c        0x8 Core/Src/system_stm32f1xx.o
                0x000000000800b11c                APBPrescTable
 .rodata._svfprintf_r.str1.1
                0x000000000800b124       0x11 c:/st/stm32cubeide_1.5.0/stm32cubeide/plugins/com.st.stm32cube.ide.mcu.externaltools.gnu-tools-for-stm32.7-2018-q2-update.win32_1.5.0.202011040924/tools/bin/../lib/gcc/arm-none-eabi/7.3.1/../../../../arm-none-eabi/lib/thumb/v7-m\libc_nano.a(lib_a-nano-svfprintf.o)
 .rodata._printf_i.str1.1
                0x000000000800b135       0x22 c:/st/stm32cubeide_1.5.0/stm32cubeide/plugins/com.st.stm32cube.ide.mcu.externaltools.gnu-tools-for-stm32.7-2018-q2-update.win32_1.5.0.202011040924/tools/bin/../lib/gcc/arm-none-eabi/7.3.1/../../../../arm-none-eabi/lib/thumb/v7-m\libc_nano.a(lib_a-nano-vfprintf_i.o)
                0x000000000800b158                . = ALIGN (0x4)
 *fill*         0x000000000800b157        0x1 

.rel.dyn        0x000000000800b158        0x0
 .rel.iplt      0x000000000800b158        0x0 c:/st/stm32cubeide_1.5.0/stm32cubeide/plugins/com.st.stm32cube.ide.mcu.externaltools.gnu-tools-for-stm32.7-2018-q2-update.win32_1.5.0.202011040924/tools/bin/../lib/gcc/arm-none-eabi/7.3.1/thumb/v7-m/crtbegin.o

.ARM.extab      0x000000000800b158        0x0
                0x000000000800b158                . = ALIGN (0x4)
 *(.ARM.extab* .gnu.linkonce.armextab.*)
                0x000000000800b158                . = ALIGN (0x4)

.ARM            0x000000000800b158        0x0
                0x000000000800b158                . = ALIGN (0x4)
                0x000000000800b158                __exidx_start = .
 *(.ARM.exidx*)
                0x000000000800b158                __exidx_end = .
                0x000000000800b158                . = ALIGN (0x4)

.preinit_array  0x000000000800b158        0x0
                0x000000000800b158                . = ALIGN (0x4)
                0x000000000800b158                PROVIDE (__preinit_array_start = .)
 *(.preinit_array*)
                0x000000000800b158                PROVIDE (__preinit_array_end = .)
                0x000000000800b158                . = ALIGN (0x4)

.init_array     0x000000000800b158        0x4
                0x000000000800b158                . = ALIGN (0x4)
                0x000000000800b158                PROVIDE (__init_array_start = .)
 *(SORT_BY_NAME(.init_array.*))
 *(.init_array*)
 .init_array    0x000000000800b158        0x4 c:/st/stm32cubeide_1.5.0/stm32cubeide/plugins/com.st.stm32cube.ide.mcu.externaltools.gnu-tools-for-stm32.7-2018-q2-update.win32_1.5.0.202011040924/tools/bin/../lib/gcc/arm-none-eabi/7.3.1/thumb/v7-m/crtbegin.o
                0x000000000800b15c                PROVIDE (__init_array_end = .)
                0x000000000800b15c                . = ALIGN (0x4)

.fini_array     0x000000000800b15c        0x4
                0x000000000800b15c                . = ALIGN (0x4)
                [!provide]                        PROVIDE (__fini_array_start = .)
 *(SORT_BY_NAME(.fini_array.*))
 *(.fini_array*)
 .fini_array    0x000000000800b15c        0x4 c:/st/stm32cubeide_1.5.0/stm32cubeide/plugins/com.st.stm32cube.ide.mcu.externaltools.gnu-tools-for-stm32.7-2018-q2-update.win32_1.5.0.202011040924/tools/bin/../lib/gcc/arm-none-eabi/7.3.1/thumb/v7-m/crtbegin.o
                [!provide]                        PROVIDE (__fini_array_end = .)
                0x000000000800b160                . = ALIGN (0x4)
                0x000000000800b160                _sidata = LOADADDR (.data)

.data           0x0000000020000000      0x1f8 load address 0x000000000800b160
                0x0000000020000000                . = ALIGN (0x4)
                0x0000000020000000                _sdata = .
 *(.data)
 *(.data*)
 .data.brightness
                0x0000000020000000        0x4 Core/Src/main.o
                0x0000000020000000                brightness
 .data.encoderLUT
                0x0000000020000004       0x10 Core/Src/main.o
                0x0000000020000004                encoderLUT
 .data.LEDMatrix
                0x0000000020000014        0x4 Core/Src/main.o
                0x0000000020000014                LEDMatrix
 .data.SystemCoreClock
                0x0000000020000018        0x4 Core/Src/system_stm32f1xx.o
                0x0000000020000018                SystemCoreClock
 .data.uwTickPrio
                0x000000002000001c        0x4 Drivers/STM32F1xx_HAL_Driver/Src/stm32f1xx_hal.o
                0x000000002000001c                uwTickPrio
 .data.uwTickFreq
                0x0000000020000020        0x1 Drivers/STM32F1xx_HAL_Driver/Src/stm32f1xx_hal.o
                0x0000000020000020                uwTickFreq
 *fill*         0x0000000020000021        0x3 
 .data.USBD_CDC_DeviceQualifierDesc
                0x0000000020000024        0xa Middlewares/ST/STM32_USB_Device_Library/Class/CDC/Src/usbd_cdc.o
 *fill*         0x000000002000002e        0x2 
 .data.USBD_CDC
                0x0000000020000030       0x38 Middlewares/ST/STM32_USB_Device_Library/Class/CDC/Src/usbd_cdc.o
                0x0000000020000030                USBD_CDC
 .data.USBD_CDC_CfgHSDesc
                0x0000000020000068       0x43 Middlewares/ST/STM32_USB_Device_Library/Class/CDC/Src/usbd_cdc.o
                0x0000000020000068                USBD_CDC_CfgHSDesc
 *fill*         0x00000000200000ab        0x1 
 .data.USBD_CDC_CfgFSDesc
                0x00000000200000ac       0x43 Middlewares/ST/STM32_USB_Device_Library/Class/CDC/Src/usbd_cdc.o
                0x00000000200000ac                USBD_CDC_CfgFSDesc
 *fill*         0x00000000200000ef        0x1 
 .data.USBD_CDC_OtherSpeedCfgDesc
                0x00000000200000f0       0x43 Middlewares/ST/STM32_USB_Device_Library/Class/CDC/Src/usbd_cdc.o
                0x00000000200000f0                USBD_CDC_OtherSpeedCfgDesc
 *fill*         0x0000000020000133        0x1 
 .data.USBD_Interface_fops_FS
                0x0000000020000134       0x10 USB_DEVICE/App/usbd_cdc_if.o
                0x0000000020000134                USBD_Interface_fops_FS
 .data.FS_Desc  0x0000000020000144       0x1c USB_DEVICE/App/usbd_desc.o
                0x0000000020000144                FS_Desc
 .data.USBD_FS_DeviceDesc
                0x0000000020000160       0x12 USB_DEVICE/App/usbd_desc.o
                0x0000000020000160                USBD_FS_DeviceDesc
 *fill*         0x0000000020000172        0x2 
 .data.USBD_LangIDDesc
                0x0000000020000174        0x4 USB_DEVICE/App/usbd_desc.o
                0x0000000020000174                USBD_LangIDDesc
 .data.USBD_StringSerial
                0x0000000020000178       0x1a USB_DEVICE/App/usbd_desc.o
                0x0000000020000178                USBD_StringSerial
 *fill*         0x0000000020000192        0x2 
 .data._impure_ptr
                0x0000000020000194        0x4 c:/st/stm32cubeide_1.5.0/stm32cubeide/plugins/com.st.stm32cube.ide.mcu.externaltools.gnu-tools-for-stm32.7-2018-q2-update.win32_1.5.0.202011040924/tools/bin/../lib/gcc/arm-none-eabi/7.3.1/../../../../arm-none-eabi/lib/thumb/v7-m\libc_nano.a(lib_a-impure.o)
                0x0000000020000194                _impure_ptr
 .data.impure_data
                0x0000000020000198       0x60 c:/st/stm32cubeide_1.5.0/stm32cubeide/plugins/com.st.stm32cube.ide.mcu.externaltools.gnu-tools-for-stm32.7-2018-q2-update.win32_1.5.0.202011040924/tools/bin/../lib/gcc/arm-none-eabi/7.3.1/../../../../arm-none-eabi/lib/thumb/v7-m\libc_nano.a(lib_a-impure.o)
 *(.RamFunc)
 *(.RamFunc*)
                0x00000000200001f8                . = ALIGN (0x4)
                0x00000000200001f8                _edata = .

.igot.plt       0x00000000200001f8        0x0 load address 0x000000000800b358
 .igot.plt      0x00000000200001f8        0x0 c:/st/stm32cubeide_1.5.0/stm32cubeide/plugins/com.st.stm32cube.ide.mcu.externaltools.gnu-tools-for-stm32.7-2018-q2-update.win32_1.5.0.202011040924/tools/bin/../lib/gcc/arm-none-eabi/7.3.1/thumb/v7-m/crtbegin.o
                0x00000000200001f8                . = ALIGN (0x4)

.bss            0x00000000200001f8     0x13b8 load address 0x000000000800b358
                0x00000000200001f8                _sbss = .
                0x00000000200001f8                __bss_start__ = _sbss
 *(.bss)
 .bss           0x00000000200001f8       0x1c c:/st/stm32cubeide_1.5.0/stm32cubeide/plugins/com.st.stm32cube.ide.mcu.externaltools.gnu-tools-for-stm32.7-2018-q2-update.win32_1.5.0.202011040924/tools/bin/../lib/gcc/arm-none-eabi/7.3.1/thumb/v7-m/crtbegin.o
 *(.bss*)
 .bss.BAMIndex  0x0000000020000214        0x1 Core/Src/main.o
                0x0000000020000214                BAMIndex
 .bss.blocked   0x0000000020000215        0x1 Core/Src/main.o
                0x0000000020000215                blocked
 .bss.currentEncoder
                0x0000000020000216        0x1 Core/Src/main.o
                0x0000000020000216                currentEncoder
 *fill*         0x0000000020000217        0x1 
 .bss.lastEncoder
                0x0000000020000218        0x5 Core/Src/main.o
                0x0000000020000218                lastEncoder
 *fill*         0x000000002000021d        0x3 
 .bss.encoderValues
                0x0000000020000220       0x14 Core/Src/main.o
                0x0000000020000220                encoderValues
 .bss.currentIOState
                0x0000000020000234        0x2 Core/Src/main.o
                0x0000000020000234                currentIOState
 .bss.currentLEDRow
                0x0000000020000236        0x1 Core/Src/main.o
                0x0000000020000236                currentLEDRow
 *fill*         0x0000000020000237        0x1 
 .bss.__sbrk_heap_end
                0x0000000020000238        0x4 Core/Src/sysmem.o
 .bss.cfgidx.8541
                0x000000002000023c        0x1 Middlewares/ST/STM32_USB_Device_Library/Core/Src/usbd_ctlreq.o
 *fill*         0x000000002000023d        0x3 
 .bss.mem.8609  0x0000000020000240      0x220 USB_DEVICE/Target/usbd_conf.o
 .bss.__malloc_free_list
                0x0000000020000460        0x4 c:/st/stm32cubeide_1.5.0/stm32cubeide/plugins/com.st.stm32cube.ide.mcu.externaltools.gnu-tools-for-stm32.7-2018-q2-update.win32_1.5.0.202011040924/tools/bin/../lib/gcc/arm-none-eabi/7.3.1/../../../../arm-none-eabi/lib/thumb/v7-m\libc_nano.a(lib_a-nano-mallocr.o)
                0x0000000020000460                __malloc_free_list
 .bss.__malloc_sbrk_start
                0x0000000020000464        0x4 c:/st/stm32cubeide_1.5.0/stm32cubeide/plugins/com.st.stm32cube.ide.mcu.externaltools.gnu-tools-for-stm32.7-2018-q2-update.win32_1.5.0.202011040924/tools/bin/../lib/gcc/arm-none-eabi/7.3.1/../../../../arm-none-eabi/lib/thumb/v7-m\libc_nano.a(lib_a-nano-mallocr.o)
                0x0000000020000464                __malloc_sbrk_start
 *(COMMON)
 COMMON         0x0000000020000468      0x1c0 Core/Src/main.o
                0x0000000020000468                hdma_i2c1_tx
                0x00000000200004ac                hi2c1
                0x0000000020000500                hi2c2
                0x0000000020000554                htim3
                0x000000002000059c                encoderChanged
                0x00000000200005a4                hadc1
                0x00000000200005d4                htim2
                0x000000002000061c                LEDMatrixBuffer
 COMMON         0x0000000020000628        0x4 Drivers/STM32F1xx_HAL_Driver/Src/stm32f1xx_hal.o
                0x0000000020000628                uwTick
 COMMON         0x000000002000062c      0x2c4 USB_DEVICE/App/usb_device.o
                0x000000002000062c                hUsbDeviceFS
 COMMON         0x00000000200008f0      0x7d0 USB_DEVICE/App/usbd_cdc_if.o
                0x00000000200008f0                UserRxBufferFS
                0x0000000020000cd8                UserTxBufferFS
 COMMON         0x00000000200010c0      0x200 USB_DEVICE/App/usbd_desc.o
                0x00000000200010c0                USBD_StrDesc
 COMMON         0x00000000200012c0      0x2ec USB_DEVICE/Target/usbd_conf.o
                0x00000000200012c0                hpcd_USB_FS
 COMMON         0x00000000200015ac        0x4 c:/st/stm32cubeide_1.5.0/stm32cubeide/plugins/com.st.stm32cube.ide.mcu.externaltools.gnu-tools-for-stm32.7-2018-q2-update.win32_1.5.0.202011040924/tools/bin/../lib/gcc/arm-none-eabi/7.3.1/../../../../arm-none-eabi/lib/thumb/v7-m\libc_nano.a(lib_a-reent.o)
                0x00000000200015ac                errno
                0x00000000200015b0                . = ALIGN (0x4)
                0x00000000200015b0                _ebss = .
                0x00000000200015b0                __bss_end__ = _ebss

._user_heap_stack
                0x00000000200015b0      0x600 load address 0x000000000800b358
                0x00000000200015b0                . = ALIGN (0x8)
                [!provide]                        PROVIDE (end = .)
                0x00000000200015b0                PROVIDE (_end = .)
                0x00000000200017b0                . = (. + _Min_Heap_Size)
 *fill*         0x00000000200015b0      0x200 
                0x0000000020001bb0                . = (. + _Min_Stack_Size)
 *fill*         0x00000000200017b0      0x400 
                0x0000000020001bb0                . = ALIGN (0x8)

/DISCARD/
 libc.a(*)
 libm.a(*)
 libgcc.a(*)

.ARM.attributes
                0x0000000000000000       0x29
 *(.ARM.attributes)
 .ARM.attributes
                0x0000000000000000       0x1d c:/st/stm32cubeide_1.5.0/stm32cubeide/plugins/com.st.stm32cube.ide.mcu.externaltools.gnu-tools-for-stm32.7-2018-q2-update.win32_1.5.0.202011040924/tools/bin/../lib/gcc/arm-none-eabi/7.3.1/thumb/v7-m/crti.o
 .ARM.attributes
                0x000000000000001d       0x2d c:/st/stm32cubeide_1.5.0/stm32cubeide/plugins/com.st.stm32cube.ide.mcu.externaltools.gnu-tools-for-stm32.7-2018-q2-update.win32_1.5.0.202011040924/tools/bin/../lib/gcc/arm-none-eabi/7.3.1/thumb/v7-m/crtbegin.o
 .ARM.attributes
                0x000000000000004a       0x33 Core/Src/main.o
 .ARM.attributes
                0x000000000000007d       0x33 Core/Src/stm32f1xx_hal_msp.o
 .ARM.attributes
                0x00000000000000b0       0x33 Core/Src/stm32f1xx_it.o
 .ARM.attributes
                0x00000000000000e3       0x33 Core/Src/sysmem.o
 .ARM.attributes
                0x0000000000000116       0x33 Core/Src/system_stm32f1xx.o
 .ARM.attributes
                0x0000000000000149       0x21 Core/Startup/startup_stm32f103c8tx.o
 .ARM.attributes
                0x000000000000016a       0x33 Drivers/STM32F1xx_HAL_Driver/Src/stm32f1xx_hal.o
 .ARM.attributes
                0x000000000000019d       0x33 Drivers/STM32F1xx_HAL_Driver/Src/stm32f1xx_hal_adc.o
 .ARM.attributes
                0x00000000000001d0       0x33 Drivers/STM32F1xx_HAL_Driver/Src/stm32f1xx_hal_cortex.o
 .ARM.attributes
                0x0000000000000203       0x33 Drivers/STM32F1xx_HAL_Driver/Src/stm32f1xx_hal_dma.o
 .ARM.attributes
                0x0000000000000236       0x33 Drivers/STM32F1xx_HAL_Driver/Src/stm32f1xx_hal_gpio.o
 .ARM.attributes
                0x0000000000000269       0x33 Drivers/STM32F1xx_HAL_Driver/Src/stm32f1xx_hal_i2c.o
 .ARM.attributes
                0x000000000000029c       0x33 Drivers/STM32F1xx_HAL_Driver/Src/stm32f1xx_hal_pcd.o
 .ARM.attributes
                0x00000000000002cf       0x33 Drivers/STM32F1xx_HAL_Driver/Src/stm32f1xx_hal_pcd_ex.o
 .ARM.attributes
                0x0000000000000302       0x33 Drivers/STM32F1xx_HAL_Driver/Src/stm32f1xx_hal_rcc.o
 .ARM.attributes
                0x0000000000000335       0x33 Drivers/STM32F1xx_HAL_Driver/Src/stm32f1xx_hal_rcc_ex.o
 .ARM.attributes
                0x0000000000000368       0x33 Drivers/STM32F1xx_HAL_Driver/Src/stm32f1xx_hal_tim.o
 .ARM.attributes
                0x000000000000039b       0x33 Drivers/STM32F1xx_HAL_Driver/Src/stm32f1xx_hal_tim_ex.o
 .ARM.attributes
                0x00000000000003ce       0x33 Drivers/STM32F1xx_HAL_Driver/Src/stm32f1xx_ll_usb.o
 .ARM.attributes
                0x0000000000000401       0x33 Middlewares/ST/STM32_USB_Device_Library/Class/CDC/Src/usbd_cdc.o
 .ARM.attributes
                0x0000000000000434       0x33 Middlewares/ST/STM32_USB_Device_Library/Core/Src/usbd_core.o
 .ARM.attributes
                0x0000000000000467       0x33 Middlewares/ST/STM32_USB_Device_Library/Core/Src/usbd_ctlreq.o
 .ARM.attributes
                0x000000000000049a       0x33 Middlewares/ST/STM32_USB_Device_Library/Core/Src/usbd_ioreq.o
 .ARM.attributes
                0x00000000000004cd       0x33 USB_DEVICE/App/usb_device.o
 .ARM.attributes
                0x0000000000000500       0x33 USB_DEVICE/App/usbd_cdc_if.o
 .ARM.attributes
                0x0000000000000533       0x33 USB_DEVICE/App/usbd_desc.o
 .ARM.attributes
                0x0000000000000566       0x33 USB_DEVICE/Target/usbd_conf.o
 .ARM.attributes
                0x0000000000000599       0x2d c:/st/stm32cubeide_1.5.0/stm32cubeide/plugins/com.st.stm32cube.ide.mcu.externaltools.gnu-tools-for-stm32.7-2018-q2-update.win32_1.5.0.202011040924/tools/bin/../lib/gcc/arm-none-eabi/7.3.1/../../../../arm-none-eabi/lib/thumb/v7-m\libc_nano.a(lib_a-errno.o)
 .ARM.attributes
                0x00000000000005c6       0x2d c:/st/stm32cubeide_1.5.0/stm32cubeide/plugins/com.st.stm32cube.ide.mcu.externaltools.gnu-tools-for-stm32.7-2018-q2-update.win32_1.5.0.202011040924/tools/bin/../lib/gcc/arm-none-eabi/7.3.1/../../../../arm-none-eabi/lib/thumb/v7-m\libc_nano.a(lib_a-impure.o)
 .ARM.attributes
                0x00000000000005f3       0x2d c:/st/stm32cubeide_1.5.0/stm32cubeide/plugins/com.st.stm32cube.ide.mcu.externaltools.gnu-tools-for-stm32.7-2018-q2-update.win32_1.5.0.202011040924/tools/bin/../lib/gcc/arm-none-eabi/7.3.1/../../../../arm-none-eabi/lib/thumb/v7-m\libc_nano.a(lib_a-init.o)
 .ARM.attributes
                0x0000000000000620       0x2d c:/st/stm32cubeide_1.5.0/stm32cubeide/plugins/com.st.stm32cube.ide.mcu.externaltools.gnu-tools-for-stm32.7-2018-q2-update.win32_1.5.0.202011040924/tools/bin/../lib/gcc/arm-none-eabi/7.3.1/../../../../arm-none-eabi/lib/thumb/v7-m\libc_nano.a(lib_a-memset.o)
 .ARM.attributes
                0x000000000000064d       0x2d c:/st/stm32cubeide_1.5.0/stm32cubeide/plugins/com.st.stm32cube.ide.mcu.externaltools.gnu-tools-for-stm32.7-2018-q2-update.win32_1.5.0.202011040924/tools/bin/../lib/gcc/arm-none-eabi/7.3.1/../../../../arm-none-eabi/lib/thumb/v7-m\libc_nano.a(lib_a-snprintf.o)
 .ARM.attributes
                0x000000000000067a       0x2d c:/st/stm32cubeide_1.5.0/stm32cubeide/plugins/com.st.stm32cube.ide.mcu.externaltools.gnu-tools-for-stm32.7-2018-q2-update.win32_1.5.0.202011040924/tools/bin/../lib/gcc/arm-none-eabi/7.3.1/../../../../arm-none-eabi/lib/thumb/v7-m\libc_nano.a(lib_a-nano-svfprintf.o)
 .ARM.attributes
                0x00000000000006a7       0x2d c:/st/stm32cubeide_1.5.0/stm32cubeide/plugins/com.st.stm32cube.ide.mcu.externaltools.gnu-tools-for-stm32.7-2018-q2-update.win32_1.5.0.202011040924/tools/bin/../lib/gcc/arm-none-eabi/7.3.1/../../../../arm-none-eabi/lib/thumb/v7-m\libc_nano.a(lib_a-nano-vfprintf_i.o)
 .ARM.attributes
                0x00000000000006d4       0x2d c:/st/stm32cubeide_1.5.0/stm32cubeide/plugins/com.st.stm32cube.ide.mcu.externaltools.gnu-tools-for-stm32.7-2018-q2-update.win32_1.5.0.202011040924/tools/bin/../lib/gcc/arm-none-eabi/7.3.1/../../../../arm-none-eabi/lib/thumb/v7-m\libc_nano.a(lib_a-memchr-stub.o)
 .ARM.attributes
                0x0000000000000701       0x2d c:/st/stm32cubeide_1.5.0/stm32cubeide/plugins/com.st.stm32cube.ide.mcu.externaltools.gnu-tools-for-stm32.7-2018-q2-update.win32_1.5.0.202011040924/tools/bin/../lib/gcc/arm-none-eabi/7.3.1/../../../../arm-none-eabi/lib/thumb/v7-m\libc_nano.a(lib_a-memcpy-stub.o)
 .ARM.attributes
                0x000000000000072e       0x2d c:/st/stm32cubeide_1.5.0/stm32cubeide/plugins/com.st.stm32cube.ide.mcu.externaltools.gnu-tools-for-stm32.7-2018-q2-update.win32_1.5.0.202011040924/tools/bin/../lib/gcc/arm-none-eabi/7.3.1/../../../../arm-none-eabi/lib/thumb/v7-m\libc_nano.a(lib_a-memmove.o)
 .ARM.attributes
                0x000000000000075b       0x2d c:/st/stm32cubeide_1.5.0/stm32cubeide/plugins/com.st.stm32cube.ide.mcu.externaltools.gnu-tools-for-stm32.7-2018-q2-update.win32_1.5.0.202011040924/tools/bin/../lib/gcc/arm-none-eabi/7.3.1/../../../../arm-none-eabi/lib/thumb/v7-m\libc_nano.a(lib_a-nano-freer.o)
 .ARM.attributes
                0x0000000000000788       0x2d c:/st/stm32cubeide_1.5.0/stm32cubeide/plugins/com.st.stm32cube.ide.mcu.externaltools.gnu-tools-for-stm32.7-2018-q2-update.win32_1.5.0.202011040924/tools/bin/../lib/gcc/arm-none-eabi/7.3.1/../../../../arm-none-eabi/lib/thumb/v7-m\libc_nano.a(lib_a-nano-mallocr.o)
 .ARM.attributes
                0x00000000000007b5       0x2d c:/st/stm32cubeide_1.5.0/stm32cubeide/plugins/com.st.stm32cube.ide.mcu.externaltools.gnu-tools-for-stm32.7-2018-q2-update.win32_1.5.0.202011040924/tools/bin/../lib/gcc/arm-none-eabi/7.3.1/../../../../arm-none-eabi/lib/thumb/v7-m\libc_nano.a(lib_a-nano-reallocr.o)
 .ARM.attributes
                0x00000000000007e2       0x2d c:/st/stm32cubeide_1.5.0/stm32cubeide/plugins/com.st.stm32cube.ide.mcu.externaltools.gnu-tools-for-stm32.7-2018-q2-update.win32_1.5.0.202011040924/tools/bin/../lib/gcc/arm-none-eabi/7.3.1/../../../../arm-none-eabi/lib/thumb/v7-m\libc_nano.a(lib_a-sbrkr.o)
 .ARM.attributes
                0x000000000000080f       0x2d c:/st/stm32cubeide_1.5.0/stm32cubeide/plugins/com.st.stm32cube.ide.mcu.externaltools.gnu-tools-for-stm32.7-2018-q2-update.win32_1.5.0.202011040924/tools/bin/../lib/gcc/arm-none-eabi/7.3.1/../../../../arm-none-eabi/lib/thumb/v7-m\libc_nano.a(lib_a-mlock.o)
 .ARM.attributes
                0x000000000000083c       0x2d c:/st/stm32cubeide_1.5.0/stm32cubeide/plugins/com.st.stm32cube.ide.mcu.externaltools.gnu-tools-for-stm32.7-2018-q2-update.win32_1.5.0.202011040924/tools/bin/../lib/gcc/arm-none-eabi/7.3.1/../../../../arm-none-eabi/lib/thumb/v7-m\libc_nano.a(lib_a-nano-msizer.o)
 .ARM.attributes
                0x0000000000000869       0x2d c:/st/stm32cubeide_1.5.0/stm32cubeide/plugins/com.st.stm32cube.ide.mcu.externaltools.gnu-tools-for-stm32.7-2018-q2-update.win32_1.5.0.202011040924/tools/bin/../lib/gcc/arm-none-eabi/7.3.1/../../../../arm-none-eabi/lib/thumb/v7-m\libc_nano.a(lib_a-reent.o)
 .ARM.attributes
                0x0000000000000896       0x1d c:/st/stm32cubeide_1.5.0/stm32cubeide/plugins/com.st.stm32cube.ide.mcu.externaltools.gnu-tools-for-stm32.7-2018-q2-update.win32_1.5.0.202011040924/tools/bin/../lib/gcc/arm-none-eabi/7.3.1/thumb/v7-m/crtn.o
OUTPUT(STM32 Midi Controller.elf elf32-littlearm)

.debug_info     0x0000000000000000    0x1c126
 .debug_info    0x0000000000000000     0x2822 Core/Src/main.o
 .debug_info    0x0000000000002822     0x10ab Core/Src/stm32f1xx_hal_msp.o
 .debug_info    0x00000000000038cd     0x1cdb Core/Src/stm32f1xx_it.o
 .debug_info    0x00000000000055a8      0x985 Core/Src/sysmem.o
 .debug_info    0x0000000000005f2d      0x29a Core/Src/system_stm32f1xx.o
 .debug_info    0x00000000000061c7       0x22 Core/Startup/startup_stm32f103c8tx.o
 .debug_info    0x00000000000061e9      0x714 Drivers/STM32F1xx_HAL_Driver/Src/stm32f1xx_hal.o
 .debug_info    0x00000000000068fd      0xc6c Drivers/STM32F1xx_HAL_Driver/Src/stm32f1xx_hal_adc.o
 .debug_info    0x0000000000007569      0xb51 Drivers/STM32F1xx_HAL_Driver/Src/stm32f1xx_hal_cortex.o
 .debug_info    0x00000000000080ba      0x7b1 Drivers/STM32F1xx_HAL_Driver/Src/stm32f1xx_hal_dma.o
 .debug_info    0x000000000000886b      0x69b Drivers/STM32F1xx_HAL_Driver/Src/stm32f1xx_hal_gpio.o
 .debug_info    0x0000000000008f06     0x2555 Drivers/STM32F1xx_HAL_Driver/Src/stm32f1xx_hal_i2c.o
 .debug_info    0x000000000000b45b     0x122f Drivers/STM32F1xx_HAL_Driver/Src/stm32f1xx_hal_pcd.o
 .debug_info    0x000000000000c68a      0x785 Drivers/STM32F1xx_HAL_Driver/Src/stm32f1xx_hal_pcd_ex.o
 .debug_info    0x000000000000ce0f      0x80f Drivers/STM32F1xx_HAL_Driver/Src/stm32f1xx_hal_rcc.o
 .debug_info    0x000000000000d61e      0x444 Drivers/STM32F1xx_HAL_Driver/Src/stm32f1xx_hal_rcc_ex.o
 .debug_info    0x000000000000da62     0x27ef Drivers/STM32F1xx_HAL_Driver/Src/stm32f1xx_hal_tim.o
 .debug_info    0x0000000000010251     0x136f Drivers/STM32F1xx_HAL_Driver/Src/stm32f1xx_hal_tim_ex.o
 .debug_info    0x00000000000115c0     0x17e7 Drivers/STM32F1xx_HAL_Driver/Src/stm32f1xx_ll_usb.o
 .debug_info    0x0000000000012da7     0x17b6 Middlewares/ST/STM32_USB_Device_Library/Class/CDC/Src/usbd_cdc.o
 .debug_info    0x000000000001455d     0x11d2 Middlewares/ST/STM32_USB_Device_Library/Core/Src/usbd_core.o
 .debug_info    0x000000000001572f     0x1142 Middlewares/ST/STM32_USB_Device_Library/Core/Src/usbd_ctlreq.o
 .debug_info    0x0000000000016871      0xf33 Middlewares/ST/STM32_USB_Device_Library/Core/Src/usbd_ioreq.o
 .debug_info    0x00000000000177a4      0xe7b USB_DEVICE/App/usb_device.o
 .debug_info    0x000000000001861f     0x1036 USB_DEVICE/App/usbd_cdc_if.o
 .debug_info    0x0000000000019655      0xd17 USB_DEVICE/App/usbd_desc.o
 .debug_info    0x000000000001a36c     0x1dba USB_DEVICE/Target/usbd_conf.o

.debug_abbrev   0x0000000000000000     0x388d
 .debug_abbrev  0x0000000000000000      0x37c Core/Src/main.o
 .debug_abbrev  0x000000000000037c      0x1f8 Core/Src/stm32f1xx_hal_msp.o
 .debug_abbrev  0x0000000000000574      0x27d Core/Src/stm32f1xx_it.o
 .debug_abbrev  0x00000000000007f1      0x19b Core/Src/sysmem.o
 .debug_abbrev  0x000000000000098c      0x134 Core/Src/system_stm32f1xx.o
 .debug_abbrev  0x0000000000000ac0       0x12 Core/Startup/startup_stm32f103c8tx.o
 .debug_abbrev  0x0000000000000ad2      0x1c7 Drivers/STM32F1xx_HAL_Driver/Src/stm32f1xx_hal.o
 .debug_abbrev  0x0000000000000c99      0x1d5 Drivers/STM32F1xx_HAL_Driver/Src/stm32f1xx_hal_adc.o
 .debug_abbrev  0x0000000000000e6e      0x2d5 Drivers/STM32F1xx_HAL_Driver/Src/stm32f1xx_hal_cortex.o
 .debug_abbrev  0x0000000000001143      0x1fe Drivers/STM32F1xx_HAL_Driver/Src/stm32f1xx_hal_dma.o
 .debug_abbrev  0x0000000000001341      0x1c0 Drivers/STM32F1xx_HAL_Driver/Src/stm32f1xx_hal_gpio.o
 .debug_abbrev  0x0000000000001501      0x258 Drivers/STM32F1xx_HAL_Driver/Src/stm32f1xx_hal_i2c.o
 .debug_abbrev  0x0000000000001759      0x268 Drivers/STM32F1xx_HAL_Driver/Src/stm32f1xx_hal_pcd.o
 .debug_abbrev  0x00000000000019c1      0x188 Drivers/STM32F1xx_HAL_Driver/Src/stm32f1xx_hal_pcd_ex.o
 .debug_abbrev  0x0000000000001b49      0x243 Drivers/STM32F1xx_HAL_Driver/Src/stm32f1xx_hal_rcc.o
 .debug_abbrev  0x0000000000001d8c      0x175 Drivers/STM32F1xx_HAL_Driver/Src/stm32f1xx_hal_rcc_ex.o
 .debug_abbrev  0x0000000000001f01      0x230 Drivers/STM32F1xx_HAL_Driver/Src/stm32f1xx_hal_tim.o
 .debug_abbrev  0x0000000000002131      0x236 Drivers/STM32F1xx_HAL_Driver/Src/stm32f1xx_hal_tim_ex.o
 .debug_abbrev  0x0000000000002367      0x1d2 Drivers/STM32F1xx_HAL_Driver/Src/stm32f1xx_ll_usb.o
 .debug_abbrev  0x0000000000002539      0x2b6 Middlewares/ST/STM32_USB_Device_Library/Class/CDC/Src/usbd_cdc.o
 .debug_abbrev  0x00000000000027ef      0x270 Middlewares/ST/STM32_USB_Device_Library/Core/Src/usbd_core.o
 .debug_abbrev  0x0000000000002a5f      0x2a0 Middlewares/ST/STM32_USB_Device_Library/Core/Src/usbd_ctlreq.o
 .debug_abbrev  0x0000000000002cff      0x1e0 Middlewares/ST/STM32_USB_Device_Library/Core/Src/usbd_ioreq.o
 .debug_abbrev  0x0000000000002edf      0x1be USB_DEVICE/App/usb_device.o
 .debug_abbrev  0x000000000000309d      0x285 USB_DEVICE/App/usbd_cdc_if.o
 .debug_abbrev  0x0000000000003322      0x290 USB_DEVICE/App/usbd_desc.o
 .debug_abbrev  0x00000000000035b2      0x2db USB_DEVICE/Target/usbd_conf.o

.debug_aranges  0x0000000000000000     0x14f0
 .debug_aranges
                0x0000000000000000      0x108 Core/Src/main.o
 .debug_aranges
                0x0000000000000108       0x50 Core/Src/stm32f1xx_hal_msp.o
 .debug_aranges
                0x0000000000000158       0x90 Core/Src/stm32f1xx_it.o
 .debug_aranges
                0x00000000000001e8       0x20 Core/Src/sysmem.o
 .debug_aranges
                0x0000000000000208       0x28 Core/Src/system_stm32f1xx.o
 .debug_aranges
                0x0000000000000230       0x28 Core/Startup/startup_stm32f103c8tx.o
 .debug_aranges
                0x0000000000000258       0xe0 Drivers/STM32F1xx_HAL_Driver/Src/stm32f1xx_hal.o
 .debug_aranges
                0x0000000000000338       0xf0 Drivers/STM32F1xx_HAL_Driver/Src/stm32f1xx_hal_adc.o
 .debug_aranges
                0x0000000000000428      0x100 Drivers/STM32F1xx_HAL_Driver/Src/stm32f1xx_hal_cortex.o
 .debug_aranges
                0x0000000000000528       0x80 Drivers/STM32F1xx_HAL_Driver/Src/stm32f1xx_hal_dma.o
 .debug_aranges
                0x00000000000005a8       0x58 Drivers/STM32F1xx_HAL_Driver/Src/stm32f1xx_hal_gpio.o
 .debug_aranges
                0x0000000000000600      0x2a0 Drivers/STM32F1xx_HAL_Driver/Src/stm32f1xx_hal_i2c.o
 .debug_aranges
                0x00000000000008a0      0x138 Drivers/STM32F1xx_HAL_Driver/Src/stm32f1xx_hal_pcd.o
 .debug_aranges
                0x00000000000009d8       0x38 Drivers/STM32F1xx_HAL_Driver/Src/stm32f1xx_hal_pcd_ex.o
 .debug_aranges
                0x0000000000000a10       0x90 Drivers/STM32F1xx_HAL_Driver/Src/stm32f1xx_hal_rcc.o
 .debug_aranges
                0x0000000000000aa0       0x30 Drivers/STM32F1xx_HAL_Driver/Src/stm32f1xx_hal_rcc_ex.o
 .debug_aranges
                0x0000000000000ad0      0x3d0 Drivers/STM32F1xx_HAL_Driver/Src/stm32f1xx_hal_tim.o
 .debug_aranges
                0x0000000000000ea0      0x168 Drivers/STM32F1xx_HAL_Driver/Src/stm32f1xx_hal_tim_ex.o
 .debug_aranges
                0x0000000000001008       0xf0 Drivers/STM32F1xx_HAL_Driver/Src/stm32f1xx_ll_usb.o
 .debug_aranges
                0x00000000000010f8       0x90 Middlewares/ST/STM32_USB_Device_Library/Class/CDC/Src/usbd_cdc.o
 .debug_aranges
                0x0000000000001188       0xb8 Middlewares/ST/STM32_USB_Device_Library/Core/Src/usbd_core.o
 .debug_aranges
                0x0000000000001240       0x88 Middlewares/ST/STM32_USB_Device_Library/Core/Src/usbd_ctlreq.o
 .debug_aranges
                0x00000000000012c8       0x50 Middlewares/ST/STM32_USB_Device_Library/Core/Src/usbd_ioreq.o
 .debug_aranges
                0x0000000000001318       0x20 USB_DEVICE/App/usb_device.o
 .debug_aranges
                0x0000000000001338       0x40 USB_DEVICE/App/usbd_cdc_if.o
 .debug_aranges
                0x0000000000001378       0x60 USB_DEVICE/App/usbd_desc.o
 .debug_aranges
                0x00000000000013d8      0x118 USB_DEVICE/Target/usbd_conf.o

.debug_ranges   0x0000000000000000     0x1370
 .debug_ranges  0x0000000000000000       0xf8 Core/Src/main.o
 .debug_ranges  0x00000000000000f8       0x40 Core/Src/stm32f1xx_hal_msp.o
 .debug_ranges  0x0000000000000138       0x80 Core/Src/stm32f1xx_it.o
 .debug_ranges  0x00000000000001b8       0x10 Core/Src/sysmem.o
 .debug_ranges  0x00000000000001c8       0x18 Core/Src/system_stm32f1xx.o
 .debug_ranges  0x00000000000001e0       0x20 Core/Startup/startup_stm32f103c8tx.o
 .debug_ranges  0x0000000000000200       0xd0 Drivers/STM32F1xx_HAL_Driver/Src/stm32f1xx_hal.o
 .debug_ranges  0x00000000000002d0       0xe0 Drivers/STM32F1xx_HAL_Driver/Src/stm32f1xx_hal_adc.o
 .debug_ranges  0x00000000000003b0       0xf0 Drivers/STM32F1xx_HAL_Driver/Src/stm32f1xx_hal_cortex.o
 .debug_ranges  0x00000000000004a0       0x70 Drivers/STM32F1xx_HAL_Driver/Src/stm32f1xx_hal_dma.o
 .debug_ranges  0x0000000000000510       0x48 Drivers/STM32F1xx_HAL_Driver/Src/stm32f1xx_hal_gpio.o
 .debug_ranges  0x0000000000000558      0x2b8 Drivers/STM32F1xx_HAL_Driver/Src/stm32f1xx_hal_i2c.o
 .debug_ranges  0x0000000000000810      0x128 Drivers/STM32F1xx_HAL_Driver/Src/stm32f1xx_hal_pcd.o
 .debug_ranges  0x0000000000000938       0x28 Drivers/STM32F1xx_HAL_Driver/Src/stm32f1xx_hal_pcd_ex.o
 .debug_ranges  0x0000000000000960       0x80 Drivers/STM32F1xx_HAL_Driver/Src/stm32f1xx_hal_rcc.o
 .debug_ranges  0x00000000000009e0       0x20 Drivers/STM32F1xx_HAL_Driver/Src/stm32f1xx_hal_rcc_ex.o
 .debug_ranges  0x0000000000000a00      0x3c0 Drivers/STM32F1xx_HAL_Driver/Src/stm32f1xx_hal_tim.o
 .debug_ranges  0x0000000000000dc0      0x158 Drivers/STM32F1xx_HAL_Driver/Src/stm32f1xx_hal_tim_ex.o
 .debug_ranges  0x0000000000000f18       0xe0 Drivers/STM32F1xx_HAL_Driver/Src/stm32f1xx_ll_usb.o
 .debug_ranges  0x0000000000000ff8       0x80 Middlewares/ST/STM32_USB_Device_Library/Class/CDC/Src/usbd_cdc.o
 .debug_ranges  0x0000000000001078       0xa8 Middlewares/ST/STM32_USB_Device_Library/Core/Src/usbd_core.o
 .debug_ranges  0x0000000000001120       0x78 Middlewares/ST/STM32_USB_Device_Library/Core/Src/usbd_ctlreq.o
 .debug_ranges  0x0000000000001198       0x40 Middlewares/ST/STM32_USB_Device_Library/Core/Src/usbd_ioreq.o
 .debug_ranges  0x00000000000011d8       0x10 USB_DEVICE/App/usb_device.o
 .debug_ranges  0x00000000000011e8       0x30 USB_DEVICE/App/usbd_cdc_if.o
 .debug_ranges  0x0000000000001218       0x50 USB_DEVICE/App/usbd_desc.o
 .debug_ranges  0x0000000000001268      0x108 USB_DEVICE/Target/usbd_conf.o

.debug_macro    0x0000000000000000    0x1ba41
 .debug_macro   0x0000000000000000      0x432 Core/Src/main.o
 .debug_macro   0x0000000000000432      0xa5a Core/Src/main.o
 .debug_macro   0x0000000000000e8c      0x22d Core/Src/main.o
 .debug_macro   0x00000000000010b9       0x2e Core/Src/main.o
 .debug_macro   0x00000000000010e7       0x22 Core/Src/main.o
 .debug_macro   0x0000000000001109       0x22 Core/Src/main.o
 .debug_macro   0x000000000000112b       0x8e Core/Src/main.o
 .debug_macro   0x00000000000011b9       0x51 Core/Src/main.o
 .debug_macro   0x000000000000120a       0xef Core/Src/main.o
 .debug_macro   0x00000000000012f9       0x6a Core/Src/main.o
 .debug_macro   0x0000000000001363      0x1df Core/Src/main.o
 .debug_macro   0x0000000000001542       0x1c Core/Src/main.o
 .debug_macro   0x000000000000155e       0x22 Core/Src/main.o
 .debug_macro   0x0000000000001580       0xc3 Core/Src/main.o
 .debug_macro   0x0000000000001643      0xd23 Core/Src/main.o
 .debug_macro   0x0000000000002366     0xe097 Core/Src/main.o
 .debug_macro   0x00000000000103fd       0x43 Core/Src/main.o
 .debug_macro   0x0000000000010440     0x3468 Core/Src/main.o
 .debug_macro   0x00000000000138a8      0x174 Core/Src/main.o
 .debug_macro   0x0000000000013a1c       0x5c Core/Src/main.o
 .debug_macro   0x0000000000013a78      0x5be Core/Src/main.o
 .debug_macro   0x0000000000014036      0x289 Core/Src/main.o
 .debug_macro   0x00000000000142bf      0x1cb Core/Src/main.o
 .debug_macro   0x000000000001448a      0x114 Core/Src/main.o
 .debug_macro   0x000000000001459e      0x1b2 Core/Src/main.o
 .debug_macro   0x0000000000014750       0x27 Core/Src/main.o
 .debug_macro   0x0000000000014777      0x136 Core/Src/main.o
 .debug_macro   0x00000000000148ad      0x1bc Core/Src/main.o
 .debug_macro   0x0000000000014a69       0x34 Core/Src/main.o