Archive member included to satisfy reference by file (symbol)

c:/st/stm32cubeide_1.5.0/stm32cubeide/plugins/com.st.stm32cube.ide.mcu.externaltools.gnu-tools-for-stm32.7-2018-q2-update.win32_1.5.0.202011040924/tools/bin/../lib/gcc/arm-none-eabi/7.3.1/../../../../arm-none-eabi/lib/thumb/v7-m\libc_nano.a(lib_a-errno.o)
                              Core/Src/syscalls.o (__errno)
c:/st/stm32cubeide_1.5.0/stm32cubeide/plugins/com.st.stm32cube.ide.mcu.externaltools.gnu-tools-for-stm32.7-2018-q2-update.win32_1.5.0.202011040924/tools/bin/../lib/gcc/arm-none-eabi/7.3.1/../../../../arm-none-eabi/lib/thumb/v7-m\libc_nano.a(lib_a-exit.o)
                              c:/st/stm32cubeide_1.5.0/stm32cubeide/plugins/com.st.stm32cube.ide.mcu.externaltools.gnu-tools-for-stm32.7-2018-q2-update.win32_1.5.0.202011040924/tools/bin/../lib/gcc/arm-none-eabi/7.3.1/../../../../arm-none-eabi/lib/thumb/v7-m/crt0.o (exit)
c:/st/stm32cubeide_1.5.0/stm32cubeide/plugins/com.st.stm32cube.ide.mcu.externaltools.gnu-tools-for-stm32.7-2018-q2-update.win32_1.5.0.202011040924/tools/bin/../lib/gcc/arm-none-eabi/7.3.1/../../../../arm-none-eabi/lib/thumb/v7-m\libc_nano.a(lib_a-impure.o)
                              c:/st/stm32cubeide_1.5.0/stm32cubeide/plugins/com.st.stm32cube.ide.mcu.externaltools.gnu-tools-for-stm32.7-2018-q2-update.win32_1.5.0.202011040924/tools/bin/../lib/gcc/arm-none-eabi/7.3.1/../../../../arm-none-eabi/lib/thumb/v7-m\libc_nano.a(lib_a-exit.o) (_global_impure_ptr)
c:/st/stm32cubeide_1.5.0/stm32cubeide/plugins/com.st.stm32cube.ide.mcu.externaltools.gnu-tools-for-stm32.7-2018-q2-update.win32_1.5.0.202011040924/tools/bin/../lib/gcc/arm-none-eabi/7.3.1/../../../../arm-none-eabi/lib/thumb/v7-m\libc_nano.a(lib_a-init.o)
                              c:/st/stm32cubeide_1.5.0/stm32cubeide/plugins/com.st.stm32cube.ide.mcu.externaltools.gnu-tools-for-stm32.7-2018-q2-update.win32_1.5.0.202011040924/tools/bin/../lib/gcc/arm-none-eabi/7.3.1/../../../../arm-none-eabi/lib/thumb/v7-m/crt0.o (__libc_init_array)
c:/st/stm32cubeide_1.5.0/stm32cubeide/plugins/com.st.stm32cube.ide.mcu.externaltools.gnu-tools-for-stm32.7-2018-q2-update.win32_1.5.0.202011040924/tools/bin/../lib/gcc/arm-none-eabi/7.3.1/../../../../arm-none-eabi/lib/thumb/v7-m\libc_nano.a(lib_a-memset.o)
                              c:/st/stm32cubeide_1.5.0/stm32cubeide/plugins/com.st.stm32cube.ide.mcu.externaltools.gnu-tools-for-stm32.7-2018-q2-update.win32_1.5.0.202011040924/tools/bin/../lib/gcc/arm-none-eabi/7.3.1/../../../../arm-none-eabi/lib/thumb/v7-m/crt0.o (memset)
c:/st/stm32cubeide_1.5.0/stm32cubeide/plugins/com.st.stm32cube.ide.mcu.externaltools.gnu-tools-for-stm32.7-2018-q2-update.win32_1.5.0.202011040924/tools/bin/../lib/gcc/arm-none-eabi/7.3.1/../../../../arm-none-eabi/lib/thumb/v7-m\libc_nano.a(lib_a-snprintf.o)
                              Core/Src/LCD.o (snprintf)
c:/st/stm32cubeide_1.5.0/stm32cubeide/plugins/com.st.stm32cube.ide.mcu.externaltools.gnu-tools-for-stm32.7-2018-q2-update.win32_1.5.0.202011040924/tools/bin/../lib/gcc/arm-none-eabi/7.3.1/../../../../arm-none-eabi/lib/thumb/v7-m\libc_nano.a(lib_a-nano-svfprintf.o)
                              c:/st/stm32cubeide_1.5.0/stm32cubeide/plugins/com.st.stm32cube.ide.mcu.externaltools.gnu-tools-for-stm32.7-2018-q2-update.win32_1.5.0.202011040924/tools/bin/../lib/gcc/arm-none-eabi/7.3.1/../../../../arm-none-eabi/lib/thumb/v7-m\libc_nano.a(lib_a-snprintf.o) (_svfprintf_r)
c:/st/stm32cubeide_1.5.0/stm32cubeide/plugins/com.st.stm32cube.ide.mcu.externaltools.gnu-tools-for-stm32.7-2018-q2-update.win32_1.5.0.202011040924/tools/bin/../lib/gcc/arm-none-eabi/7.3.1/../../../../arm-none-eabi/lib/thumb/v7-m\libc_nano.a(lib_a-nano-vfprintf_i.o)
                              c:/st/stm32cubeide_1.5.0/stm32cubeide/plugins/com.st.stm32cube.ide.mcu.externaltools.gnu-tools-for-stm32.7-2018-q2-update.win32_1.5.0.202011040924/tools/bin/../lib/gcc/arm-none-eabi/7.3.1/../../../../arm-none-eabi/lib/thumb/v7-m\libc_nano.a(lib_a-nano-svfprintf.o) (_printf_i)
c:/st/stm32cubeide_1.5.0/stm32cubeide/plugins/com.st.stm32cube.ide.mcu.externaltools.gnu-tools-for-stm32.7-2018-q2-update.win32_1.5.0.202011040924/tools/bin/../lib/gcc/arm-none-eabi/7.3.1/../../../../arm-none-eabi/lib/thumb/v7-m\libc_nano.a(lib_a-memchr-stub.o)
                              c:/st/stm32cubeide_1.5.0/stm32cubeide/plugins/com.st.stm32cube.ide.mcu.externaltools.gnu-tools-for-stm32.7-2018-q2-update.win32_1.5.0.202011040924/tools/bin/../lib/gcc/arm-none-eabi/7.3.1/../../../../arm-none-eabi/lib/thumb/v7-m\libc_nano.a(lib_a-nano-svfprintf.o) (memchr)
c:/st/stm32cubeide_1.5.0/stm32cubeide/plugins/com.st.stm32cube.ide.mcu.externaltools.gnu-tools-for-stm32.7-2018-q2-update.win32_1.5.0.202011040924/tools/bin/../lib/gcc/arm-none-eabi/7.3.1/../../../../arm-none-eabi/lib/thumb/v7-m\libc_nano.a(lib_a-memcpy-stub.o)
[...]
Memory Configuration

Name             Origin             Length             Attributes
RAM              0x0000000020000000 0x0000000000005000 xrw
FLASH            0x0000000008000000 0x0000000000010000 xr
*default*        0x0000000000000000 0xffffffffffffffff

Linker script and memory map

LOAD c:/st/stm32cubeide_1.5.0/stm32cubeide/plugins/com.st.stm32cube.ide.mcu.externaltools.gnu-tools-for-stm32.7-2018-q2-update.win32_1.5.0.202011040924/tools/bin/../lib/gcc/arm-none-eabi/7.3.1/thumb/v7-m/crti.o
LOAD c:/st/stm32cubeide_1.5.0/stm32cubeide/plugins/com.st.stm32cube.ide.mcu.externaltools.gnu-tools-for-stm32.7-2018-q2-update.win32_1.5.0.202011040924/tools/bin/../lib/gcc/arm-none-eabi/7.3.1/thumb/v7-m/crtbegin.o
LOAD c:/st/stm32cubeide_1.5.0/stm32cubeide/plugins/com.st.stm32cube.ide.mcu.externaltools.gnu-tools-for-stm32.7-2018-q2-update.win32_1.5.0.202011040924/tools/bin/../lib/gcc/arm-none-eabi/7.3.1/../../../../arm-none-eabi/lib/thumb/v7-m/crt0.o
LOAD Core/Src/ADC.o
LOAD Core/Src/DWT_Delay.o
LOAD Core/Src/LCD.o
LOAD Core/Src/LEDMatrix.o
LOAD Core/Src/Menu.o
LOAD Core/Src/Midi.o
LOAD Core/Src/main.o
LOAD Core/Src/stm32f1xx_hal_msp.o
LOAD Core/Src/stm32f1xx_it.o
LOAD Core/Src/syscalls.o
LOAD Core/Src/sysmem.o
LOAD Core/Src/system_stm32f1xx.o
LOAD Core/Startup/startup_stm32f103c8tx.o
LOAD Drivers/STM32F1xx_HAL_Driver/Src/stm32f1xx_hal.o
LOAD Drivers/STM32F1xx_HAL_Driver/Src/stm32f1xx_hal_adc.o
LOAD Drivers/STM32F1xx_HAL_Driver/Src/stm32f1xx_hal_adc_ex.o
LOAD Drivers/STM32F1xx_HAL_Driver/Src/stm32f1xx_hal_cortex.o
LOAD Drivers/STM32F1xx_HAL_Driver/Src/stm32f1xx_hal_dma.o
LOAD Drivers/STM32F1xx_HAL_Driver/Src/stm32f1xx_hal_exti.o
LOAD Drivers/STM32F1xx_HAL_Driver/Src/stm32f1xx_hal_flash.o
LOAD Drivers/STM32F1xx_HAL_Driver/Src/stm32f1xx_hal_flash_ex.o
LOAD Drivers/STM32F1xx_HAL_Driver/Src/stm32f1xx_hal_gpio.o
LOAD Drivers/STM32F1xx_HAL_Driver/Src/stm32f1xx_hal_gpio_ex.o
LOAD Drivers/STM32F1xx_HAL_Driver/Src/stm32f1xx_hal_i2c.o
LOAD Drivers/STM32F1xx_HAL_Driver/Src/stm32f1xx_hal_iwdg.o
LOAD Drivers/STM32F1xx_HAL_Driver/Src/stm32f1xx_hal_pcd.o
LOAD Drivers/STM32F1xx_HAL_Driver/Src/stm32f1xx_hal_pcd_ex.o
LOAD Drivers/STM32F1xx_HAL_Driver/Src/stm32f1xx_hal_pwr.o
LOAD Drivers/STM32F1xx_HAL_Driver/Src/stm32f1xx_hal_rcc.o
LOAD Drivers/STM32F1xx_HAL_Driver/Src/stm32f1xx_hal_rcc_ex.o
LOAD Drivers/STM32F1xx_HAL_Driver/Src/stm32f1xx_hal_tim.o
LOAD Drivers/STM32F1xx_HAL_Driver/Src/stm32f1xx_hal_tim_ex.o
LOAD Drivers/STM32F1xx_HAL_Driver/Src/stm32f1xx_ll_usb.o
LOAD Middlewares/ST/STM32_USB_Device_Library/Class/CDC/Src/usbd_cdc.o
LOAD Middlewares/ST/STM32_USB_Device_Library/Core/Src/usbd_core.o
LOAD Middlewares/ST/STM32_USB_Device_Library/Core/Src/usbd_ctlreq.o
LOAD Middlewares/ST/STM32_USB_Device_Library/Core/Src/usbd_ioreq.o
LOAD USB_DEVICE/App/usb_device.o
LOAD USB_DEVICE/App/usbd_cdc_if.o
LOAD USB_DEVICE/App/usbd_desc.o
LOAD USB_DEVICE/Target/usbd_conf.o
START GROUP
LOAD c:/st/stm32cubeide_1.5.0/stm32cubeide/plugins/com.st.stm32cube.ide.mcu.externaltools.gnu-tools-for-stm32.7-2018-q2-update.win32_1.5.0.202011040924/tools/bin/../lib/gcc/arm-none-eabi/7.3.1/../../../../arm-none-eabi/lib/thumb/v7-m\libc_nano.a
LOAD c:/st/stm32cubeide_1.5.0/stm32cubeide/plugins/com.st.stm32cube.ide.mcu.externaltools.gnu-tools-for-stm32.7-2018-q2-update.win32_1.5.0.202011040924/tools/bin/../lib/gcc/arm-none-eabi/7.3.1/../../../../arm-none-eabi/lib/thumb/v7-m\libm.a
END GROUP
START GROUP
LOAD c:/st/stm32cubeide_1.5.0/stm32cubeide/plugins/com.st.stm32cube.ide.mcu.externaltools.gnu-tools-for-stm32.7-2018-q2-update.win32_1.5.0.202011040924/tools/bin/../lib/gcc/arm-none-eabi/7.3.1/thumb/v7-m\libgcc.a
LOAD c:/st/stm32cubeide_1.5.0/stm32cubeide/plugins/com.st.stm32cube.ide.mcu.externaltools.gnu-tools-for-stm32.7-2018-q2-update.win32_1.5.0.202011040924/tools/bin/../lib/gcc/arm-none-eabi/7.3.1/../../../../arm-none-eabi/lib/thumb/v7-m\libc_nano.a
END GROUP
START GROUP
LOAD c:/st/stm32cubeide_1.5.0/stm32cubeide/plugins/com.st.stm32cube.ide.mcu.externaltools.gnu-tools-for-stm32.7-2018-q2-update.win32_1.5.0.202011040924/tools/bin/../lib/gcc/arm-none-eabi/7.3.1/thumb/v7-m\libgcc.a
LOAD c:/st/stm32cubeide_1.5.0/stm32cubeide/plugins/com.st.stm32cube.ide.mcu.externaltools.gnu-tools-for-stm32.7-2018-q2-update.win32_1.5.0.202011040924/tools/bin/../lib/gcc/arm-none-eabi/7.3.1/../../../../arm-none-eabi/lib/thumb/v7-m\libc_nano.a
LOAD c:/st/stm32cubeide_1.5.0/stm32cubeide/plugins/com.st.stm32cube.ide.mcu.externaltools.gnu-tools-for-stm32.7-2018-q2-update.win32_1.5.0.202011040924/tools/bin/../lib/gcc/arm-none-eabi/7.3.1/../../../../arm-none-eabi/lib/thumb/v7-m\libnosys.a
END GROUP
START GROUP
LOAD c:/st/stm32cubeide_1.5.0/stm32cubeide/plugins/com.st.stm32cube.ide.mcu.externaltools.gnu-tools-for-stm32.7-2018-q2-update.win32_1.5.0.202011040924/tools/bin/../lib/gcc/arm-none-eabi/7.3.1/thumb/v7-m\libgcc.a
LOAD c:/st/stm32cubeide_1.5.0/stm32cubeide/plugins/com.st.stm32cube.ide.mcu.externaltools.gnu-tools-for-stm32.7-2018-q2-update.win32_1.5.0.202011040924/tools/bin/../lib/gcc/arm-none-eabi/7.3.1/../../../../arm-none-eabi/lib/thumb/v7-m\libc_nano.a
LOAD c:/st/stm32cubeide_1.5.0/stm32cubeide/plugins/com.st.stm32cube.ide.mcu.externaltools.gnu-tools-for-stm32.7-2018-q2-update.win32_1.5.0.202011040924/tools/bin/../lib/gcc/arm-none-eabi/7.3.1/../../../../arm-none-eabi/lib/thumb/v7-m\libnosys.a
END GROUP
LOAD c:/st/stm32cubeide_1.5.0/stm32cubeide/plugins/com.st.stm32cube.ide.mcu.externaltools.gnu-tools-for-stm32.7-2018-q2-update.win32_1.5.0.202011040924/tools/bin/../lib/gcc/arm-none-eabi/7.3.1/thumb/v7-m/crtend.o
LOAD c:/st/stm32cubeide_1.5.0/stm32cubeide/plugins/com.st.stm32cube.ide.mcu.externaltools.gnu-tools-for-stm32.7-2018-q2-update.win32_1.5.0.202011040924/tools/bin/../lib/gcc/arm-none-eabi/7.3.1/thumb/v7-m/crtn.o
                0x0000000020005000                _estack = (ORIGIN (RAM) + LENGTH (RAM))
                0x0000000000000200                _Min_Heap_Size = 0x200
                0x0000000000000400                _Min_Stack_Size = 0x400

.isr_vector     0x0000000008000000      0x10c
                0x0000000008000000                . = ALIGN (0x4)
 *(.isr_vector)
 .isr_vector    0x0000000008000000      0x10c Core/Startup/startup_stm32f103c8tx.o
                0x0000000008000000                g_pfnVectors
                0x000000000800010c                . = ALIGN (0x4)

.text           0x000000000800010c     0xc054
                0x000000000800010c                . = ALIGN (0x4)
 *(.text)
 .text          0x000000000800010c       0x40 c:/st/stm32cubeide_1.5.0/stm32cubeide/plugins/com.st.stm32cube.ide.mcu.externaltools.gnu-tools-for-stm32.7-2018-q2-update.win32_1.5.0.202011040924/tools/bin/../lib/gcc/arm-none-eabi/7.3.1/thumb/v7-m/crtbegin.o
 *(.text*)
 .text.ADC1ReadVal8
                0x000000000800014c       0x58 Core/Src/ADC.o
                0x000000000800014c                ADC1ReadVal8
 .text.DWT_Delay_Init
                0x00000000080001a4       0x60 Core/Src/DWT_Delay.o
                0x00000000080001a4                DWT_Delay_Init
 .text.DWT_Delay_us
                0x0000000008000204       0x4c Core/Src/DWT_Delay.o
                0x0000000008000204                DWT_Delay_us
 .text.DWT_Delay_ms
                0x0000000008000250       0x48 Core/Src/DWT_Delay.o
                0x0000000008000250                DWT_Delay_ms
 .text.MCP23017ClearPin
                0x0000000008000298      0x128 Core/Src/LCD.o
                0x0000000008000298                MCP23017ClearPin
 .text.LCDInit  0x00000000080003c0      0x140 Core/Src/LCD.o
                0x00000000080003c0                LCDInit
 .text.LCDData  0x0000000008000500       0xf8 Core/Src/LCD.o
                0x0000000008000500                LCDData
 .text.LCDCommand
                0x00000000080005f8       0x3c Core/Src/LCD.o
                0x00000000080005f8                LCDCommand
 .text.LCDCycleEN
                0x0000000008000634       0x40 Core/Src/LCD.o
                0x0000000008000634                LCDCycleEN
 .text.LCDClear
                0x0000000008000674       0x24 Core/Src/LCD.o
                0x0000000008000674                LCDClear
 .text.LCDSetCursor
                0x0000000008000698       0x4c Core/Src/LCD.o
                0x0000000008000698                LCDSetCursor
 .text.LCDPrepareInt
                0x00000000080006e4       0xdc Core/Src/LCD.o
                0x00000000080006e4                LCDPrepareInt
 .text.LCDPrintStringTop
                0x00000000080007c0       0xd8 Core/Src/LCD.o
                0x00000000080007c0                LCDPrintStringTop
 .text.LCDPrintStringBottom
                0x0000000008000898       0xd8 Core/Src/LCD.o
                0x0000000008000898                LCDPrintStringBottom
 .text.LEDMatrixInit
                0x0000000008000970      0x12c Core/Src/LEDMatrix.o
                0x0000000008000970                LEDMatrixInit
 .text.LEDMatrixStart
                0x0000000008000a9c      0x150 Core/Src/LEDMatrix.o
                0x0000000008000a9c                LEDMatrixStart
 .text.MidiCC   0x0000000008000bec       0x38 Core/Src/Midi.o
                0x0000000008000bec                MidiCC
 .text.MidiNoteOn
                0x0000000008000c24       0x40 Core/Src/Midi.o
                0x0000000008000c24                MidiNoteOn
 .text.MidiNoteOff
                0x0000000008000c64       0x40 Core/Src/Midi.o
                0x0000000008000c64                MidiNoteOff
 .text.__NVIC_SetPriorityGrouping
                0x0000000008000ca4       0x48 Core/Src/main.o
 .text.clampedIncrement
                0x0000000008000cec       0x84 Core/Src/main.o
                0x0000000008000cec                clampedIncrement
 .text.main     0x0000000008000d70      0xd80 Core/Src/main.o
                0x0000000008000d70                main
 .text.SystemClock_Config
                0x0000000008001af0       0xbe Core/Src/main.o
                0x0000000008001af0                SystemClock_Config
 .text.MX_NVIC_Init
                0x0000000008001bae       0x48 Core/Src/main.o
 *fill*         0x0000000008001bf6        0x2 
 .text.MX_ADC1_Init
                0x0000000008001bf8       0x88 Core/Src/main.o
 .text.MX_I2C1_Init
                0x0000000008001c80       0x5c Core/Src/main.o
 .text.MX_I2C2_Init
                0x0000000008001cdc       0x5c Core/Src/main.o
 .text.MX_IWDG_Init
                0x0000000008001d38       0x34 Core/Src/main.o
 .text.MX_TIM2_Init
                0x0000000008001d6c       0xb8 Core/Src/main.o
 .text.MX_TIM3_Init
                0x0000000008001e24       0xb4 Core/Src/main.o
 .text.MX_DMA_Init
                0x0000000008001ed8       0x2c Core/Src/main.o
 .text.MX_GPIO_Init
                0x0000000008001f04      0x154 Core/Src/main.o
 .text.Error_Handler
                0x0000000008002058        0x8 Core/Src/main.o
                0x0000000008002058                Error_Handler
 .text.HAL_MspInit
                0x0000000008002060       0x64 Core/Src/stm32f1xx_hal_msp.o
                0x0000000008002060                HAL_MspInit
 .text.HAL_ADC_MspInit
                0x00000000080020c4       0x78 Core/Src/stm32f1xx_hal_msp.o
                0x00000000080020c4                HAL_ADC_MspInit
 .text.HAL_I2C_MspInit
                0x000000000800213c      0x1a0 Core/Src/stm32f1xx_hal_msp.o
                0x000000000800213c                HAL_I2C_MspInit
 .text.HAL_TIM_Base_MspInit
                0x00000000080022dc       0x60 Core/Src/stm32f1xx_hal_msp.o
                0x00000000080022dc                HAL_TIM_Base_MspInit
 .text.NMI_Handler
                0x000000000800233c        0x6 Core/Src/stm32f1xx_it.o
                0x000000000800233c                NMI_Handler
 .text.HardFault_Handler
                0x0000000008002342        0x6 Core/Src/stm32f1xx_it.o
                0x0000000008002342                HardFault_Handler
 .text.MemManage_Handler
                0x0000000008002348        0x6 Core/Src/stm32f1xx_it.o
                0x0000000008002348                MemManage_Handler
 .text.BusFault_Handler
                0x000000000800234e        0x6 Core/Src/stm32f1xx_it.o
                0x000000000800234e                BusFault_Handler
 .text.UsageFault_Handler
                0x0000000008002354        0x6 Core/Src/stm32f1xx_it.o
                0x0000000008002354                UsageFault_Handler
 .text.SVC_Handler
                0x000000000800235a        0xc Core/Src/stm32f1xx_it.o
                0x000000000800235a                SVC_Handler
 .text.DebugMon_Handler
                0x0000000008002366        0xc Core/Src/stm32f1xx_it.o
                0x0000000008002366                DebugMon_Handler
 .text.PendSV_Handler
                0x0000000008002372        0xc Core/Src/stm32f1xx_it.o
                0x0000000008002372                PendSV_Handler
 .text.SysTick_Handler
                0x000000000800237e        0xc Core/Src/stm32f1xx_it.o
                0x000000000800237e                SysTick_Handler
 *fill*         0x000000000800238a        0x2 
 .text.DMA1_Channel6_IRQHandler
                0x000000000800238c       0x14 Core/Src/stm32f1xx_it.o
                0x000000000800238c                DMA1_Channel6_IRQHandler
 .text.USB_LP_CAN1_RX0_IRQHandler
                0x00000000080023a0       0x14 Core/Src/stm32f1xx_it.o
                0x00000000080023a0                USB_LP_CAN1_RX0_IRQHandler
 .text.TIM2_IRQHandler
                0x00000000080023b4      0x128 Core/Src/stm32f1xx_it.o
                0x00000000080023b4                TIM2_IRQHandler
 .text.TIM3_IRQHandler
                0x00000000080024dc       0xf8 Core/Src/stm32f1xx_it.o
                0x00000000080024dc                TIM3_IRQHandler
 .text.I2C2_EV_IRQHandler
                0x00000000080025d4      0x12c Core/Src/stm32f1xx_it.o
                0x00000000080025d4                I2C2_EV_IRQHandler
 .text._sbrk    0x0000000008002700       0x6c Core/Src/sysmem.o
                0x0000000008002700                _sbrk
 .text.SystemInit
                0x000000000800276c        0xc Core/Src/system_stm32f1xx.o
                0x000000000800276c                SystemInit
 .text.Reset_Handler
                0x0000000008002778       0x48 Core/Startup/startup_stm32f103c8tx.o
                0x0000000008002778                Reset_Handler
 .text.Default_Handler
                0x00000000080027c0        0x2 Core/Startup/startup_stm32f103c8tx.o
                0x00000000080027c0                RTC_Alarm_IRQHandler
                0x00000000080027c0                EXTI2_IRQHandler
                0x00000000080027c0                TIM1_CC_IRQHandler
                0x00000000080027c0                PVD_IRQHandler
                0x00000000080027c0                EXTI3_IRQHandler
                0x00000000080027c0                EXTI0_IRQHandler
                0x00000000080027c0                ADC1_2_IRQHandler
                0x00000000080027c0                SPI1_IRQHandler
                0x00000000080027c0                TAMPER_IRQHandler
                0x00000000080027c0                DMA1_Channel4_IRQHandler
                0x00000000080027c0                USART3_IRQHandler
                0x00000000080027c0                RTC_IRQHandler
                0x00000000080027c0                DMA1_Channel7_IRQHandler
                0x00000000080027c0                CAN1_RX1_IRQHandler
                0x00000000080027c0                TIM4_IRQHandler
                0x00000000080027c0                I2C1_EV_IRQHandler
                0x00000000080027c0                RCC_IRQHandler
                0x00000000080027c0                TIM1_TRG_COM_IRQHandler
                0x00000000080027c0                DMA1_Channel1_IRQHandler
                0x00000000080027c0                Default_Handler
                0x00000000080027c0                EXTI15_10_IRQHandler
                0x00000000080027c0                EXTI9_5_IRQHandler
                0x00000000080027c0                SPI2_IRQHandler
                0x00000000080027c0                DMA1_Channel5_IRQHandler
                0x00000000080027c0                EXTI4_IRQHandler
                0x00000000080027c0                USB_HP_CAN1_TX_IRQHandler
                0x00000000080027c0                DMA1_Channel3_IRQHandler
                0x00000000080027c0                TIM1_UP_IRQHandler
                0x00000000080027c0                WWDG_IRQHandler
                0x00000000080027c0                TIM1_BRK_IRQHandler
                0x00000000080027c0                EXTI1_IRQHandler
                0x00000000080027c0                USART2_IRQHandler
                0x00000000080027c0                I2C2_ER_IRQHandler
                0x00000000080027c0                DMA1_Channel2_IRQHandler
                0x00000000080027c0                CAN1_SCE_IRQHandler
                0x00000000080027c0                FLASH_IRQHandler
                0x00000000080027c0                USART1_IRQHandler
                0x00000000080027c0                I2C1_ER_IRQHandler
                0x00000000080027c0                USBWakeUp_IRQHandler
 *fill*         0x00000000080027c2        0x2 
 .text.HAL_Init
                0x00000000080027c4       0x2c Drivers/STM32F1xx_HAL_Driver/Src/stm32f1xx_hal.o
                0x00000000080027c4                HAL_Init
 .text.HAL_InitTick
                0x00000000080027f0       0x60 Drivers/STM32F1xx_HAL_Driver/Src/stm32f1xx_hal.o
                0x00000000080027f0                HAL_InitTick
 .text.HAL_IncTick
                0x0000000008002850       0x24 Drivers/STM32F1xx_HAL_Driver/Src/stm32f1xx_hal.o
                0x0000000008002850                HAL_IncTick
 .text.HAL_GetTick
                0x0000000008002874       0x14 Drivers/STM32F1xx_HAL_Driver/Src/stm32f1xx_hal.o
                0x0000000008002874                HAL_GetTick
 .text.HAL_ADC_Init
                0x0000000008002888      0x1b0 Drivers/STM32F1xx_HAL_Driver/Src/stm32f1xx_hal_adc.o
                0x0000000008002888                HAL_ADC_Init
 .text.HAL_ADC_ConfigChannel
                0x0000000008002a38      0x1f0 Drivers/STM32F1xx_HAL_Driver/Src/stm32f1xx_hal_adc.o
                0x0000000008002a38                HAL_ADC_ConfigChannel
 .text.ADC_ConversionStop_Disable
                0x0000000008002c28       0x74 Drivers/STM32F1xx_HAL_Driver/Src/stm32f1xx_hal_adc.o
                0x0000000008002c28                ADC_ConversionStop_Disable
 .text.__NVIC_SetPriorityGrouping
                0x0000000008002c9c       0x48 Drivers/STM32F1xx_HAL_Driver/Src/stm32f1xx_hal_cortex.o
 .text.__NVIC_GetPriorityGrouping
                0x0000000008002ce4       0x1c Drivers/STM32F1xx_HAL_Driver/Src/stm32f1xx_hal_cortex.o
 .text.__NVIC_EnableIRQ
                0x0000000008002d00       0x38 Drivers/STM32F1xx_HAL_Driver/Src/stm32f1xx_hal_cortex.o
 .text.__NVIC_SetPriority
                0x0000000008002d38       0x54 Drivers/STM32F1xx_HAL_Driver/Src/stm32f1xx_hal_cortex.o
 .text.NVIC_EncodePriority
                0x0000000008002d8c       0x64 Drivers/STM32F1xx_HAL_Driver/Src/stm32f1xx_hal_cortex.o
 .text.SysTick_Config
                0x0000000008002df0       0x44 Drivers/STM32F1xx_HAL_Driver/Src/stm32f1xx_hal_cortex.o
 .text.HAL_NVIC_SetPriorityGrouping
                0x0000000008002e34       0x16 Drivers/STM32F1xx_HAL_Driver/Src/stm32f1xx_hal_cortex.o
                0x0000000008002e34                HAL_NVIC_SetPriorityGrouping
 .text.HAL_NVIC_SetPriority
                0x0000000008002e4a       0x38 Drivers/STM32F1xx_HAL_Driver/Src/stm32f1xx_hal_cortex.o
                0x0000000008002e4a                HAL_NVIC_SetPriority
 .text.HAL_NVIC_EnableIRQ
                0x0000000008002e82       0x1c Drivers/STM32F1xx_HAL_Driver/Src/stm32f1xx_hal_cortex.o
                0x0000000008002e82                HAL_NVIC_EnableIRQ
 .text.HAL_SYSTICK_Config
                0x0000000008002e9e       0x18 Drivers/STM32F1xx_HAL_Driver/Src/stm32f1xx_hal_cortex.o
                0x0000000008002e9e                HAL_SYSTICK_Config
 *fill*         0x0000000008002eb6        0x2 
 .text.HAL_DMA_Init
                0x0000000008002eb8       0xb4 Drivers/STM32F1xx_HAL_Driver/Src/stm32f1xx_hal_dma.o
                0x0000000008002eb8                HAL_DMA_Init
 .text.HAL_DMA_Abort_IT
                0x0000000008002f6c       0xec Drivers/STM32F1xx_HAL_Driver/Src/stm32f1xx_hal_dma.o
                0x0000000008002f6c                HAL_DMA_Abort_IT
 .text.HAL_DMA_IRQHandler
                0x0000000008003058      0x20c Drivers/STM32F1xx_HAL_Driver/Src/stm32f1xx_hal_dma.o
                0x0000000008003058                HAL_DMA_IRQHandler
 .text.HAL_DMA_GetState
                0x0000000008003264       0x18 Drivers/STM32F1xx_HAL_Driver/Src/stm32f1xx_hal_dma.o
                0x0000000008003264                HAL_DMA_GetState
 .text.HAL_GPIO_Init
                0x000000000800327c      0x2b4 Drivers/STM32F1xx_HAL_Driver/Src/stm32f1xx_hal_gpio.o
                0x000000000800327c                HAL_GPIO_Init
 .text.HAL_GPIO_WritePin
                0x0000000008003530       0x30 Drivers/STM32F1xx_HAL_Driver/Src/stm32f1xx_hal_gpio.o
                0x0000000008003530                HAL_GPIO_WritePin
 .text.HAL_I2C_Init
                0x0000000008003560      0x270 Drivers/STM32F1xx_HAL_Driver/Src/stm32f1xx_hal_i2c.o
                0x0000000008003560                HAL_I2C_Init
 .text.HAL_I2C_EV_IRQHandler
                0x00000000080037d0      0x2da Drivers/STM32F1xx_HAL_Driver/Src/stm32f1xx_hal_i2c.o
                0x00000000080037d0                HAL_I2C_EV_IRQHandler
 .text.HAL_I2C_MasterTxCpltCallback
                0x0000000008003aaa       0x12 Drivers/STM32F1xx_HAL_Driver/Src/stm32f1xx_hal_i2c.o
                0x0000000008003aaa                HAL_I2C_MasterTxCpltCallback
 .text.HAL_I2C_MasterRxCpltCallback
                0x0000000008003abc       0x12 Drivers/STM32F1xx_HAL_Driver/Src/stm32f1xx_hal_i2c.o
                0x0000000008003abc                HAL_I2C_MasterRxCpltCallback
 .text.HAL_I2C_SlaveTxCpltCallback
                0x0000000008003ace       0x12 Drivers/STM32F1xx_HAL_Driver/Src/stm32f1xx_hal_i2c.o
                0x0000000008003ace                HAL_I2C_SlaveTxCpltCallback
 .text.HAL_I2C_SlaveRxCpltCallback
                0x0000000008003ae0       0x12 Drivers/STM32F1xx_HAL_Driver/Src/stm32f1xx_hal_i2c.o
                0x0000000008003ae0                HAL_I2C_SlaveRxCpltCallback
 .text.HAL_I2C_AddrCallback
                0x0000000008003af2       0x1a Drivers/STM32F1xx_HAL_Driver/Src/stm32f1xx_hal_i2c.o
                0x0000000008003af2                HAL_I2C_AddrCallback
 .text.HAL_I2C_ListenCpltCallback
                0x0000000008003b0c       0x12 Drivers/STM32F1xx_HAL_Driver/Src/stm32f1xx_hal_i2c.o
                0x0000000008003b0c                HAL_I2C_ListenCpltCallback
 .text.HAL_I2C_MemTxCpltCallback
                0x0000000008003b1e       0x12 Drivers/STM32F1xx_HAL_Driver/Src/stm32f1xx_hal_i2c.o
                0x0000000008003b1e                HAL_I2C_MemTxCpltCallback
 .text.HAL_I2C_MemRxCpltCallback
                0x0000000008003b30       0x12 Drivers/STM32F1xx_HAL_Driver/Src/stm32f1xx_hal_i2c.o
                0x0000000008003b30                HAL_I2C_MemRxCpltCallback
 .text.HAL_I2C_ErrorCallback
                0x0000000008003b42       0x12 Drivers/STM32F1xx_HAL_Driver/Src/stm32f1xx_hal_i2c.o
                0x0000000008003b42                HAL_I2C_ErrorCallback
 .text.HAL_I2C_AbortCpltCallback
                0x0000000008003b54       0x12 Drivers/STM32F1xx_HAL_Driver/Src/stm32f1xx_hal_i2c.o
                0x0000000008003b54                HAL_I2C_AbortCpltCallback
 .text.I2C_MasterTransmit_TXE
                0x0000000008003b66      0x138 Drivers/STM32F1xx_HAL_Driver/Src/stm32f1xx_hal_i2c.o
 .text.I2C_MasterTransmit_BTF
                0x0000000008003c9e       0xd0 Drivers/STM32F1xx_HAL_Driver/Src/stm32f1xx_hal_i2c.o
 .text.I2C_MemoryTransmit_TXE_BTF
                0x0000000008003d6e      0x11e Drivers/STM32F1xx_HAL_Driver/Src/stm32f1xx_hal_i2c.o
 .text.I2C_MasterReceive_RXNE
                0x0000000008003e8c      0x162 Drivers/STM32F1xx_HAL_Driver/Src/stm32f1xx_hal_i2c.o
 .text.I2C_MasterReceive_BTF
                0x0000000008003fee      0x1d4 Drivers/STM32F1xx_HAL_Driver/Src/stm32f1xx_hal_i2c.o
 .text.I2C_Master_SB
                0x00000000080041c2      0x10a Drivers/STM32F1xx_HAL_Driver/Src/stm32f1xx_hal_i2c.o
 .text.I2C_Master_ADD10
                0x00000000080042cc       0x52 Drivers/STM32F1xx_HAL_Driver/Src/stm32f1xx_hal_i2c.o
 .text.I2C_Master_ADDR
                0x000000000800431e      0x336 Drivers/STM32F1xx_HAL_Driver/Src/stm32f1xx_hal_i2c.o
 .text.I2C_SlaveTransmit_TXE
                0x0000000008004654       0x7a Drivers/STM32F1xx_HAL_Driver/Src/stm32f1xx_hal_i2c.o
 .text.I2C_SlaveTransmit_BTF
                0x00000000080046ce       0x40 Drivers/STM32F1xx_HAL_Driver/Src/stm32f1xx_hal_i2c.o
 .text.I2C_SlaveReceive_RXNE
                0x000000000800470e       0x7c Drivers/STM32F1xx_HAL_Driver/Src/stm32f1xx_hal_i2c.o
 .text.I2C_SlaveReceive_BTF
                0x000000000800478a       0x42 Drivers/STM32F1xx_HAL_Driver/Src/stm32f1xx_hal_i2c.o
 .text.I2C_Slave_ADDR
                0x00000000080047cc       0x88 Drivers/STM32F1xx_HAL_Driver/Src/stm32f1xx_hal_i2c.o
 .text.I2C_Slave_STOPF
                0x0000000008004854      0x260 Drivers/STM32F1xx_HAL_Driver/Src/stm32f1xx_hal_i2c.o
 .text.I2C_ITError
                0x0000000008004ab4      0x264 Drivers/STM32F1xx_HAL_Driver/Src/stm32f1xx_hal_i2c.o
 .text.I2C_DMAAbort
                0x0000000008004d18      0x150 Drivers/STM32F1xx_HAL_Driver/Src/stm32f1xx_hal_i2c.o
 .text.I2C_WaitOnSTOPRequestThroughIT
                0x0000000008004e68       0x64 Drivers/STM32F1xx_HAL_Driver/Src/stm32f1xx_hal_i2c.o
 .text.I2C_ConvertOtherXferOptions
                0x0000000008004ecc       0x34 Drivers/STM32F1xx_HAL_Driver/Src/stm32f1xx_hal_i2c.o
 .text.HAL_IWDG_Init
                0x0000000008004f00       0x72 Drivers/STM32F1xx_HAL_Driver/Src/stm32f1xx_hal_iwdg.o
                0x0000000008004f00                HAL_IWDG_Init
 .text.HAL_PCD_Init
                0x0000000008004f72      0x216 Drivers/STM32F1xx_HAL_Driver/Src/stm32f1xx_hal_pcd.o
                0x0000000008004f72                HAL_PCD_Init
 .text.HAL_PCD_Start
                0x0000000008005188       0x4c Drivers/STM32F1xx_HAL_Driver/Src/stm32f1xx_hal_pcd.o
                0x0000000008005188                HAL_PCD_Start
 .text.HAL_PCD_IRQHandler
                0x00000000080051d4      0x2aa Drivers/STM32F1xx_HAL_Driver/Src/stm32f1xx_hal_pcd.o
                0x00000000080051d4                HAL_PCD_IRQHandler
 .text.HAL_PCD_SetAddress
                0x000000000800547e       0x4a Drivers/STM32F1xx_HAL_Driver/Src/stm32f1xx_hal_pcd.o
                0x000000000800547e                HAL_PCD_SetAddress
 .text.HAL_PCD_EP_Open
                0x00000000080054c8       0xcc Drivers/STM32F1xx_HAL_Driver/Src/stm32f1xx_hal_pcd.o
                0x00000000080054c8                HAL_PCD_EP_Open
 .text.HAL_PCD_EP_Close
                0x0000000008005594       0x90 Drivers/STM32F1xx_HAL_Driver/Src/stm32f1xx_hal_pcd.o
                0x0000000008005594                HAL_PCD_EP_Close
 .text.HAL_PCD_EP_Receive
                0x0000000008005624       0x7a Drivers/STM32F1xx_HAL_Driver/Src/stm32f1xx_hal_pcd.o
                0x0000000008005624                HAL_PCD_EP_Receive
 .text.HAL_PCD_EP_GetRxCount
                0x000000000800569e       0x2e Drivers/STM32F1xx_HAL_Driver/Src/stm32f1xx_hal_pcd.o
                0x000000000800569e                HAL_PCD_EP_GetRxCount
 .text.HAL_PCD_EP_Transmit
                0x00000000080056cc       0x86 Drivers/STM32F1xx_HAL_Driver/Src/stm32f1xx_hal_pcd.o
                0x00000000080056cc                HAL_PCD_EP_Transmit
 .text.HAL_PCD_EP_SetStall
                0x0000000008005752       0xc0 Drivers/STM32F1xx_HAL_Driver/Src/stm32f1xx_hal_pcd.o
                0x0000000008005752                HAL_PCD_EP_SetStall
 .text.HAL_PCD_EP_ClrStall
                0x0000000008005812       0xa8 Drivers/STM32F1xx_HAL_Driver/Src/stm32f1xx_hal_pcd.o
                0x0000000008005812                HAL_PCD_EP_ClrStall
 .text.PCD_EP_ISR_Handler
                0x00000000080058ba      0x5e6 Drivers/STM32F1xx_HAL_Driver/Src/stm32f1xx_hal_pcd.o
 .text.HAL_PCD_EP_DB_Receive
                0x0000000008005ea0      0x21a Drivers/STM32F1xx_HAL_Driver/Src/stm32f1xx_hal_pcd.o
 .text.HAL_PCD_EP_DB_Transmit
                0x00000000080060ba      0x53a Drivers/STM32F1xx_HAL_Driver/Src/stm32f1xx_hal_pcd.o
 .text.HAL_PCDEx_PMAConfig
                0x00000000080065f4       0x84 Drivers/STM32F1xx_HAL_Driver/Src/stm32f1xx_hal_pcd_ex.o
                0x00000000080065f4                HAL_PCDEx_PMAConfig
 .text.HAL_RCC_OscConfig
                0x0000000008006678      0x500 Drivers/STM32F1xx_HAL_Driver/Src/stm32f1xx_hal_rcc.o
                0x0000000008006678                HAL_RCC_OscConfig
 .text.HAL_RCC_ClockConfig
                0x0000000008006b78      0x1d4 Drivers/STM32F1xx_HAL_Driver/Src/stm32f1xx_hal_rcc.o
                0x0000000008006b78                HAL_RCC_ClockConfig
 .text.HAL_RCC_GetSysClockFreq
                0x0000000008006d4c       0xc4 Drivers/STM32F1xx_HAL_Driver/Src/stm32f1xx_hal_rcc.o
                0x0000000008006d4c                HAL_RCC_GetSysClockFreq
 .text.HAL_RCC_GetHCLKFreq
                0x0000000008006e10       0x14 Drivers/STM32F1xx_HAL_Driver/Src/stm32f1xx_hal_rcc.o
                0x0000000008006e10                HAL_RCC_GetHCLKFreq
 .text.HAL_RCC_GetPCLK1Freq
                0x0000000008006e24       0x28 Drivers/STM32F1xx_HAL_Driver/Src/stm32f1xx_hal_rcc.o
                0x0000000008006e24                HAL_RCC_GetPCLK1Freq
 .text.RCC_Delay
                0x0000000008006e4c       0x3c Drivers/STM32F1xx_HAL_Driver/Src/stm32f1xx_hal_rcc.o
 .text.HAL_RCCEx_PeriphCLKConfig
                0x0000000008006e88      0x16c Drivers/STM32F1xx_HAL_Driver/Src/stm32f1xx_hal_rcc_ex.o
                0x0000000008006e88                HAL_RCCEx_PeriphCLKConfig
 .text.HAL_TIM_Base_Init
                0x0000000008006ff4       0x9e Drivers/STM32F1xx_HAL_Driver/Src/stm32f1xx_hal_tim.o
                0x0000000008006ff4                HAL_TIM_Base_Init
 .text.HAL_TIM_IRQHandler
                0x0000000008007092      0x210 Drivers/STM32F1xx_HAL_Driver/Src/stm32f1xx_hal_tim.o
                0x0000000008007092                HAL_TIM_IRQHandler
 .text.HAL_TIM_ConfigClockSource
                0x00000000080072a2      0x16e Drivers/STM32F1xx_HAL_Driver/Src/stm32f1xx_hal_tim.o
                0x00000000080072a2                HAL_TIM_ConfigClockSource
 .text.HAL_TIM_PeriodElapsedCallback
                0x0000000008007410       0x12 Drivers/STM32F1xx_HAL_Driver/Src/stm32f1xx_hal_tim.o
                0x0000000008007410                HAL_TIM_PeriodElapsedCallback
 .text.HAL_TIM_OC_DelayElapsedCallback
                0x0000000008007422       0x12 Drivers/STM32F1xx_HAL_Driver/Src/stm32f1xx_hal_tim.o
                0x0000000008007422                HAL_TIM_OC_DelayElapsedCallback
 .text.HAL_TIM_IC_CaptureCallback
                0x0000000008007434       0x12 Drivers/STM32F1xx_HAL_Driver/Src/stm32f1xx_hal_tim.o
                0x0000000008007434                HAL_TIM_IC_CaptureCallback
 .text.HAL_TIM_PWM_PulseFinishedCallback
                0x0000000008007446       0x12 Drivers/STM32F1xx_HAL_Driver/Src/stm32f1xx_hal_tim.o
                0x0000000008007446                HAL_TIM_PWM_PulseFinishedCallback
 .text.HAL_TIM_TriggerCallback
                0x0000000008007458       0x12 Drivers/STM32F1xx_HAL_Driver/Src/stm32f1xx_hal_tim.o
                0x0000000008007458                HAL_TIM_TriggerCallback
 *fill*         0x000000000800746a        0x2 
 .text.TIM_Base_SetConfig
                0x000000000800746c       0xc4 Drivers/STM32F1xx_HAL_Driver/Src/stm32f1xx_hal_tim.o
                0x000000000800746c                TIM_Base_SetConfig
 .text.TIM_TI1_ConfigInputStage
                0x0000000008007530       0x5c Drivers/STM32F1xx_HAL_Driver/Src/stm32f1xx_hal_tim.o
 .text.TIM_TI2_ConfigInputStage
                0x000000000800758c       0x5e Drivers/STM32F1xx_HAL_Driver/Src/stm32f1xx_hal_tim.o
 .text.TIM_ITRx_SetConfig
                0x00000000080075ea       0x34 Drivers/STM32F1xx_HAL_Driver/Src/stm32f1xx_hal_tim.o
 .text.TIM_ETR_SetConfig
                0x000000000800761e       0x3e Drivers/STM32F1xx_HAL_Driver/Src/stm32f1xx_hal_tim.o
                0x000000000800761e                TIM_ETR_SetConfig
 .text.HAL_TIMEx_MasterConfigSynchronization
                0x000000000800765c       0xbc Drivers/STM32F1xx_HAL_Driver/Src/stm32f1xx_hal_tim_ex.o
                0x000000000800765c                HAL_TIMEx_MasterConfigSynchronization
 .text.HAL_TIMEx_CommutCallback
                0x0000000008007718       0x12 Drivers/STM32F1xx_HAL_Driver/Src/stm32f1xx_hal_tim_ex.o
                0x0000000008007718                HAL_TIMEx_CommutCallback
 .text.HAL_TIMEx_BreakCallback
                0x000000000800772a       0x12 Drivers/STM32F1xx_HAL_Driver/Src/stm32f1xx_hal_tim_ex.o
                0x000000000800772a                HAL_TIMEx_BreakCallback
 .text.USB_CoreInit
                0x000000000800773c       0x20 Drivers/STM32F1xx_HAL_Driver/Src/stm32f1xx_ll_usb.o
                0x000000000800773c                USB_CoreInit
 .text.USB_EnableGlobalInt
                0x000000000800775c       0x2c Drivers/STM32F1xx_HAL_Driver/Src/stm32f1xx_ll_usb.o
                0x000000000800775c                USB_EnableGlobalInt
 .text.USB_DisableGlobalInt
                0x0000000008007788       0x34 Drivers/STM32F1xx_HAL_Driver/Src/stm32f1xx_ll_usb.o
                0x0000000008007788                USB_DisableGlobalInt
 .text.USB_SetCurrentMode
                0x00000000080077bc       0x18 Drivers/STM32F1xx_HAL_Driver/Src/stm32f1xx_ll_usb.o
                0x00000000080077bc                USB_SetCurrentMode
 .text.USB_DevInit
                0x00000000080077d4       0x40 Drivers/STM32F1xx_HAL_Driver/Src/stm32f1xx_ll_usb.o
                0x00000000080077d4                USB_DevInit
 .text.USB_ActivateEndpoint
                0x0000000008007814      0x6d4 Drivers/STM32F1xx_HAL_Driver/Src/stm32f1xx_ll_usb.o
                0x0000000008007814                USB_ActivateEndpoint
 .text.USB_DeactivateEndpoint
                0x0000000008007ee8      0x3d8 Drivers/STM32F1xx_HAL_Driver/Src/stm32f1xx_ll_usb.o
                0x0000000008007ee8                USB_DeactivateEndpoint
 .text.USB_EPStartXfer
                0x00000000080082c0     0x1240 Drivers/STM32F1xx_HAL_Driver/Src/stm32f1xx_ll_usb.o
                0x00000000080082c0                USB_EPStartXfer
 .text.USB_EPSetStall
                0x0000000008009500       0xa0 Drivers/STM32F1xx_HAL_Driver/Src/stm32f1xx_ll_usb.o
                0x0000000008009500                USB_EPSetStall
 .text.USB_EPClearStall
                0x00000000080095a0      0x15a Drivers/STM32F1xx_HAL_Driver/Src/stm32f1xx_ll_usb.o
                0x00000000080095a0                USB_EPClearStall
 .text.USB_SetDevAddress
                0x00000000080096fa       0x26 Drivers/STM32F1xx_HAL_Driver/Src/stm32f1xx_ll_usb.o
                0x00000000080096fa                USB_SetDevAddress
 .text.USB_DevConnect
                0x0000000008009720       0x14 Drivers/STM32F1xx_HAL_Driver/Src/stm32f1xx_ll_usb.o
                0x0000000008009720                USB_DevConnect
 .text.USB_DevDisconnect
                0x0000000008009734       0x14 Drivers/STM32F1xx_HAL_Driver/Src/stm32f1xx_ll_usb.o
                0x0000000008009734                USB_DevDisconnect
 .text.USB_ReadInterrupts
                0x0000000008009748       0x1e Drivers/STM32F1xx_HAL_Driver/Src/stm32f1xx_ll_usb.o
                0x0000000008009748                USB_ReadInterrupts
 .text.USB_EP0_OutStart
                0x0000000008009766       0x16 Drivers/STM32F1xx_HAL_Driver/Src/stm32f1xx_ll_usb.o
                0x0000000008009766                USB_EP0_OutStart
 .text.USB_WritePMA
                0x000000000800977c       0x88 Drivers/STM32F1xx_HAL_Driver/Src/stm32f1xx_ll_usb.o
                0x000000000800977c                USB_WritePMA
 .text.USB_ReadPMA
                0x0000000008009804       0x9e Drivers/STM32F1xx_HAL_Driver/Src/stm32f1xx_ll_usb.o
                0x0000000008009804                USB_ReadPMA
 .text.USBD_CDC_Init
                0x00000000080098a2       0xf4 Middlewares/ST/STM32_USB_Device_Library/Class/CDC/Src/usbd_cdc.o
 .text.USBD_CDC_DeInit
                0x0000000008009996       0x6e Middlewares/ST/STM32_USB_Device_Library/Class/CDC/Src/usbd_cdc.o
 .text.USBD_CDC_Setup
                0x0000000008009a04      0x140 Middlewares/ST/STM32_USB_Device_Library/Class/CDC/Src/usbd_cdc.o
 .text.USBD_CDC_DataIn
                0x0000000008009b44       0xa6 Middlewares/ST/STM32_USB_Device_Library/Class/CDC/Src/usbd_cdc.o
 .text.USBD_CDC_DataOut
                0x0000000008009bea       0x56 Middlewares/ST/STM32_USB_Device_Library/Class/CDC/Src/usbd_cdc.o
 .text.USBD_CDC_EP0_RxReady
                0x0000000008009c40       0x50 Middlewares/ST/STM32_USB_Device_Library/Class/CDC/Src/usbd_cdc.o
 .text.USBD_CDC_GetFSCfgDesc
                0x0000000008009c90       0x20 Middlewares/ST/STM32_USB_Device_Library/Class/CDC/Src/usbd_cdc.o
 .text.USBD_CDC_GetHSCfgDesc
                0x0000000008009cb0       0x20 Middlewares/ST/STM32_USB_Device_Library/Class/CDC/Src/usbd_cdc.o
 .text.USBD_CDC_GetOtherSpeedCfgDesc
                0x0000000008009cd0       0x20 Middlewares/ST/STM32_USB_Device_Library/Class/CDC/Src/usbd_cdc.o
 .text.USBD_CDC_GetDeviceQualifierDescriptor
                0x0000000008009cf0       0x20 Middlewares/ST/STM32_USB_Device_Library/Class/CDC/Src/usbd_cdc.o
                0x0000000008009cf0                USBD_CDC_GetDeviceQualifierDescriptor
 .text.USBD_CDC_RegisterInterface
                0x0000000008009d10       0x2c Middlewares/ST/STM32_USB_Device_Library/Class/CDC/Src/usbd_cdc.o
                0x0000000008009d10                USBD_CDC_RegisterInterface
 .text.USBD_CDC_SetTxBuffer
                0x0000000008009d3c       0x32 Middlewares/ST/STM32_USB_Device_Library/Class/CDC/Src/usbd_cdc.o
                0x0000000008009d3c                USBD_CDC_SetTxBuffer
 .text.USBD_CDC_SetRxBuffer
                0x0000000008009d6e       0x26 Middlewares/ST/STM32_USB_Device_Library/Class/CDC/Src/usbd_cdc.o
                0x0000000008009d6e                USBD_CDC_SetRxBuffer
 .text.USBD_CDC_TransmitPacket
                0x0000000008009d94       0x5e Middlewares/ST/STM32_USB_Device_Library/Class/CDC/Src/usbd_cdc.o
                0x0000000008009d94                USBD_CDC_TransmitPacket
 .text.USBD_CDC_ReceivePacket
                0x0000000008009df2       0x54 Middlewares/ST/STM32_USB_Device_Library/Class/CDC/Src/usbd_cdc.o
                0x0000000008009df2                USBD_CDC_ReceivePacket
 .text.USBD_Init
                0x0000000008009e46       0x56 Middlewares/ST/STM32_USB_Device_Library/Core/Src/usbd_core.o
                0x0000000008009e46                USBD_Init
 .text.USBD_RegisterClass
                0x0000000008009e9c       0x32 Middlewares/ST/STM32_USB_Device_Library/Core/Src/usbd_core.o
                0x0000000008009e9c                USBD_RegisterClass
 .text.USBD_Start
                0x0000000008009ece       0x18 Middlewares/ST/STM32_USB_Device_Library/Core/Src/usbd_core.o
                0x0000000008009ece                USBD_Start
 .text.USBD_RunTestMode
                0x0000000008009ee6       0x14 Middlewares/ST/STM32_USB_Device_Library/Core/Src/usbd_core.o
                0x0000000008009ee6                USBD_RunTestMode
 .text.USBD_SetClassConfig
                0x0000000008009efa       0x3e Middlewares/ST/STM32_USB_Device_Library/Core/Src/usbd_core.o
                0x0000000008009efa                USBD_SetClassConfig
 .text.USBD_ClrClassConfig
                0x0000000008009f38       0x26 Middlewares/ST/STM32_USB_Device_Library/Core/Src/usbd_core.o
                0x0000000008009f38                USBD_ClrClassConfig
 .text.USBD_LL_SetupStage
                0x0000000008009f5e       0x96 Middlewares/ST/STM32_USB_Device_Library/Core/Src/usbd_core.o
                0x0000000008009f5e                USBD_LL_SetupStage
 .text.USBD_LL_DataOutStage
                0x0000000008009ff4       0xe2 Middlewares/ST/STM32_USB_Device_Library/Core/Src/usbd_core.o
                0x0000000008009ff4                USBD_LL_DataOutStage
 .text.USBD_LL_DataInStage
                0x000000000800a0d6      0x14a Middlewares/ST/STM32_USB_Device_Library/Core/Src/usbd_core.o
                0x000000000800a0d6                USBD_LL_DataInStage
 .text.USBD_LL_Reset
                0x000000000800a220       0x82 Middlewares/ST/STM32_USB_Device_Library/Core/Src/usbd_core.o
                0x000000000800a220                USBD_LL_Reset
 .text.USBD_LL_SetSpeed
                0x000000000800a2a2       0x1e Middlewares/ST/STM32_USB_Device_Library/Core/Src/usbd_core.o
                0x000000000800a2a2                USBD_LL_SetSpeed
 .text.USBD_LL_Suspend
                0x000000000800a2c0       0x28 Middlewares/ST/STM32_USB_Device_Library/Core/Src/usbd_core.o
                0x000000000800a2c0                USBD_LL_Suspend
 .text.USBD_LL_Resume
                0x000000000800a2e8       0x2a Middlewares/ST/STM32_USB_Device_Library/Core/Src/usbd_core.o
                0x000000000800a2e8                USBD_LL_Resume
 .text.USBD_LL_SOF
                0x000000000800a312       0x34 Middlewares/ST/STM32_USB_Device_Library/Core/Src/usbd_core.o
                0x000000000800a312                USBD_LL_SOF
 *fill*         0x000000000800a346        0x2 
 .text.USBD_StdDevReq
                0x000000000800a348       0xd4 Middlewares/ST/STM32_USB_Device_Library/Core/Src/usbd_ctlreq.o
                0x000000000800a348                USBD_StdDevReq
 .text.USBD_StdItfReq
                0x000000000800a41c       0x8c Middlewares/ST/STM32_USB_Device_Library/Core/Src/usbd_ctlreq.o
                0x000000000800a41c                USBD_StdItfReq
 .text.USBD_StdEPReq
                0x000000000800a4a8      0x2ba Middlewares/ST/STM32_USB_Device_Library/Core/Src/usbd_ctlreq.o
                0x000000000800a4a8                USBD_StdEPReq
 *fill*         0x000000000800a762        0x2 
 .text.USBD_GetDescriptor
                0x000000000800a764      0x2d0 Middlewares/ST/STM32_USB_Device_Library/Core/Src/usbd_ctlreq.o
 .text.USBD_SetAddress
                0x000000000800aa34       0x84 Middlewares/ST/STM32_USB_Device_Library/Core/Src/usbd_ctlreq.o
 .text.USBD_SetConfig
                0x000000000800aab8      0x11c Middlewares/ST/STM32_USB_Device_Library/Core/Src/usbd_ctlreq.o
 .text.USBD_GetConfig
                0x000000000800abd4       0x68 Middlewares/ST/STM32_USB_Device_Library/Core/Src/usbd_ctlreq.o
 .text.USBD_GetStatus
                0x000000000800ac3c       0x66 Middlewares/ST/STM32_USB_Device_Library/Core/Src/usbd_ctlreq.o
 .text.USBD_SetFeature
                0x000000000800aca2       0x28 Middlewares/ST/STM32_USB_Device_Library/Core/Src/usbd_ctlreq.o
 .text.USBD_ClrFeature
                0x000000000800acca       0x42 Middlewares/ST/STM32_USB_Device_Library/Core/Src/usbd_ctlreq.o
 .text.USBD_ParseSetupRequest
                0x000000000800ad0c       0x78 Middlewares/ST/STM32_USB_Device_Library/Core/Src/usbd_ctlreq.o
                0x000000000800ad0c                USBD_ParseSetupRequest
 .text.USBD_CtlError
                0x000000000800ad84       0x22 Middlewares/ST/STM32_USB_Device_Library/Core/Src/usbd_ctlreq.o
                0x000000000800ad84                USBD_CtlError
 .text.USBD_GetString
                0x000000000800ada6       0x84 Middlewares/ST/STM32_USB_Device_Library/Core/Src/usbd_ctlreq.o
                0x000000000800ada6                USBD_GetString
 .text.USBD_GetLen
                0x000000000800ae2a       0x2e Middlewares/ST/STM32_USB_Device_Library/Core/Src/usbd_ctlreq.o
 .text.USBD_CtlSendData
                0x000000000800ae58       0x38 Middlewares/ST/STM32_USB_Device_Library/Core/Src/usbd_ioreq.o
                0x000000000800ae58                USBD_CtlSendData
 .text.USBD_CtlContinueSendData
                0x000000000800ae90       0x24 Middlewares/ST/STM32_USB_Device_Library/Core/Src/usbd_ioreq.o
                0x000000000800ae90                USBD_CtlContinueSendData
 .text.USBD_CtlPrepareRx
                0x000000000800aeb4       0x3c Middlewares/ST/STM32_USB_Device_Library/Core/Src/usbd_ioreq.o
                0x000000000800aeb4                USBD_CtlPrepareRx
 .text.USBD_CtlContinueRx
                0x000000000800aef0       0x24 Middlewares/ST/STM32_USB_Device_Library/Core/Src/usbd_ioreq.o
                0x000000000800aef0                USBD_CtlContinueRx
 .text.USBD_CtlSendStatus
                0x000000000800af14       0x26 Middlewares/ST/STM32_USB_Device_Library/Core/Src/usbd_ioreq.o
                0x000000000800af14                USBD_CtlSendStatus
 .text.USBD_CtlReceiveStatus
                0x000000000800af3a       0x26 Middlewares/ST/STM32_USB_Device_Library/Core/Src/usbd_ioreq.o
                0x000000000800af3a                USBD_CtlReceiveStatus
 .text.MX_USB_DEVICE_Init
                0x000000000800af60       0x60 USB_DEVICE/App/usb_device.o
                0x000000000800af60                MX_USB_DEVICE_Init
 .text.CDC_Init_FS
                0x000000000800afc0       0x28 USB_DEVICE/App/usbd_cdc_if.o
 .text.CDC_DeInit_FS
                0x000000000800afe8        0xe USB_DEVICE/App/usbd_cdc_if.o
 *fill*         0x000000000800aff6        0x2 
 .text.CDC_Control_FS
                0x000000000800aff8       0xbc USB_DEVICE/App/usbd_cdc_if.o
 .text.CDC_Receive_FS
                0x000000000800b0b4       0x28 USB_DEVICE/App/usbd_cdc_if.o
 .text.CDC_Transmit_FS
                0x000000000800b0dc       0x4c USB_DEVICE/App/usbd_cdc_if.o
                0x000000000800b0dc                CDC_Transmit_FS
 .text.USBD_FS_DeviceDescriptor
                0x000000000800b128       0x24 USB_DEVICE/App/usbd_desc.o
                0x000000000800b128                USBD_FS_DeviceDescriptor
 .text.USBD_FS_LangIDStrDescriptor
                0x000000000800b14c       0x24 USB_DEVICE/App/usbd_desc.o
                0x000000000800b14c                USBD_FS_LangIDStrDescriptor
 .text.USBD_FS_ProductStrDescriptor
                0x000000000800b170       0x3c USB_DEVICE/App/usbd_desc.o
                0x000000000800b170                USBD_FS_ProductStrDescriptor
 .text.USBD_FS_ManufacturerStrDescriptor
                0x000000000800b1ac       0x28 USB_DEVICE/App/usbd_desc.o
                0x000000000800b1ac                USBD_FS_ManufacturerStrDescriptor
 .text.USBD_FS_SerialStrDescriptor
                0x000000000800b1d4       0x24 USB_DEVICE/App/usbd_desc.o
                0x000000000800b1d4                USBD_FS_SerialStrDescriptor
 .text.USBD_FS_ConfigStrDescriptor
                0x000000000800b1f8       0x3c USB_DEVICE/App/usbd_desc.o
                0x000000000800b1f8                USBD_FS_ConfigStrDescriptor
 .text.USBD_FS_InterfaceStrDescriptor
                0x000000000800b234       0x3c USB_DEVICE/App/usbd_desc.o
                0x000000000800b234                USBD_FS_InterfaceStrDescriptor
 .text.Get_SerialNum
                0x000000000800b270       0x58 USB_DEVICE/App/usbd_desc.o
 .text.IntToUnicode
                0x000000000800b2c8       0x7a USB_DEVICE/App/usbd_desc.o
 *fill*         0x000000000800b342        0x2 
 .text.HAL_PCD_MspInit
                0x000000000800b344       0x4c USB_DEVICE/Target/usbd_conf.o
                0x000000000800b344                HAL_PCD_MspInit
 .text.HAL_PCD_SetupStageCallback
                0x000000000800b390       0x24 USB_DEVICE/Target/usbd_conf.o
                0x000000000800b390                HAL_PCD_SetupStageCallback
 .text.HAL_PCD_DataOutStageCallback
                0x000000000800b3b4       0x36 USB_DEVICE/Target/usbd_conf.o
                0x000000000800b3b4                HAL_PCD_DataOutStageCallback
 .text.HAL_PCD_DataInStageCallback
                0x000000000800b3ea       0x34 USB_DEVICE/Target/usbd_conf.o
                0x000000000800b3ea                HAL_PCD_DataInStageCallback
 .text.HAL_PCD_SOFCallback
                0x000000000800b41e       0x1c USB_DEVICE/Target/usbd_conf.o
                0x000000000800b41e                HAL_PCD_SOFCallback
 .text.HAL_PCD_ResetCallback
                0x000000000800b43a       0x3c USB_DEVICE/Target/usbd_conf.o
                0x000000000800b43a                HAL_PCD_ResetCallback
 *fill*         0x000000000800b476        0x2 
 .text.HAL_PCD_SuspendCallback
                0x000000000800b478       0x34 USB_DEVICE/Target/usbd_conf.o
                0x000000000800b478                HAL_PCD_SuspendCallback
 .text.HAL_PCD_ResumeCallback
                0x000000000800b4ac       0x1c USB_DEVICE/Target/usbd_conf.o
                0x000000000800b4ac                HAL_PCD_ResumeCallback
 .text.USBD_LL_Init
                0x000000000800b4c8       0xb4 USB_DEVICE/Target/usbd_conf.o
                0x000000000800b4c8                USBD_LL_Init
 .text.USBD_LL_Start
                0x000000000800b57c       0x36 USB_DEVICE/Target/usbd_conf.o
                0x000000000800b57c                USBD_LL_Start
 .text.USBD_LL_OpenEP
                0x000000000800b5b2       0x4c USB_DEVICE/Target/usbd_conf.o
                0x000000000800b5b2                USBD_LL_OpenEP
 .text.USBD_LL_CloseEP
                0x000000000800b5fe       0x3e USB_DEVICE/Target/usbd_conf.o
                0x000000000800b5fe                USBD_LL_CloseEP
 .text.USBD_LL_StallEP
                0x000000000800b63c       0x3e USB_DEVICE/Target/usbd_conf.o
                0x000000000800b63c                USBD_LL_StallEP
 .text.USBD_LL_ClearStallEP
                0x000000000800b67a       0x3e USB_DEVICE/Target/usbd_conf.o
                0x000000000800b67a                USBD_LL_ClearStallEP
 .text.USBD_LL_IsStallEP
                0x000000000800b6b8       0x58 USB_DEVICE/Target/usbd_conf.o
                0x000000000800b6b8                USBD_LL_IsStallEP
 .text.USBD_LL_SetUSBAddress
                0x000000000800b710       0x3e USB_DEVICE/Target/usbd_conf.o
                0x000000000800b710                USBD_LL_SetUSBAddress
 .text.USBD_LL_Transmit
                0x000000000800b74e       0x46 USB_DEVICE/Target/usbd_conf.o
                0x000000000800b74e                USBD_LL_Transmit
 .text.USBD_LL_PrepareReceive
                0x000000000800b794       0x46 USB_DEVICE/Target/usbd_conf.o
                0x000000000800b794                USBD_LL_PrepareReceive
 .text.USBD_LL_GetRxDataSize
                0x000000000800b7da       0x26 USB_DEVICE/Target/usbd_conf.o
                0x000000000800b7da                USBD_LL_GetRxDataSize
 .text.USBD_static_malloc
                0x000000000800b800       0x18 USB_DEVICE/Target/usbd_conf.o
                0x000000000800b800                USBD_static_malloc
 .text.USBD_static_free
                0x000000000800b818       0x12 USB_DEVICE/Target/usbd_conf.o
                0x000000000800b818                USBD_static_free
 .text.HAL_PCDEx_SetConnectionState
                0x000000000800b82a       0x16 USB_DEVICE/Target/usbd_conf.o
                0x000000000800b82a                HAL_PCDEx_SetConnectionState
 .text.USBD_Get_USB_Status
                0x000000000800b840       0x58 USB_DEVICE/Target/usbd_conf.o
 .text.__errno  0x000000000800b898        0xc c:/st/stm32cubeide_1.5.0/stm32cubeide/plugins/com.st.stm32cube.ide.mcu.externaltools.gnu-tools-for-stm32.7-2018-q2-update.win32_1.5.0.202011040924/tools/bin/../lib/gcc/arm-none-eabi/7.3.1/../../../../arm-none-eabi/lib/thumb/v7-m\libc_nano.a(lib_a-errno.o)
                0x000000000800b898                __errno
 .text.__libc_init_array
                0x000000000800b8a4       0x48 c:/st/stm32cubeide_1.5.0/stm32cubeide/plugins/com.st.stm32cube.ide.mcu.externaltools.gnu-tools-for-stm32.7-2018-q2-update.win32_1.5.0.202011040924/tools/bin/../lib/gcc/arm-none-eabi/7.3.1/../../../../arm-none-eabi/lib/thumb/v7-m\libc_nano.a(lib_a-init.o)
                0x000000000800b8a4                __libc_init_array
 .text.memset   0x000000000800b8ec       0x10 c:/st/stm32cubeide_1.5.0/stm32cubeide/plugins/com.st.stm32cube.ide.mcu.externaltools.gnu-tools-for-stm32.7-2018-q2-update.win32_1.5.0.202011040924/tools/bin/../lib/gcc/arm-none-eabi/7.3.1/../../../../arm-none-eabi/lib/thumb/v7-m\libc_nano.a(lib_a-memset.o)
                0x000000000800b8ec                memset
 .text.snprintf
                0x000000000800b8fc       0x68 c:/st/stm32cubeide_1.5.0/stm32cubeide/plugins/com.st.stm32cube.ide.mcu.externaltools.gnu-tools-for-stm32.7-2018-q2-update.win32_1.5.0.202011040924/tools/bin/../lib/gcc/arm-none-eabi/7.3.1/../../../../arm-none-eabi/lib/thumb/v7-m\libc_nano.a(lib_a-snprintf.o)
                0x000000000800b8fc                sniprintf
                0x000000000800b8fc                snprintf
 .text.__ssputs_r
                0x000000000800b964       0xb4 c:/st/stm32cubeide_1.5.0/stm32cubeide/plugins/com.st.stm32cube.ide.mcu.externaltools.gnu-tools-for-stm32.7-2018-q2-update.win32_1.5.0.202011040924/tools/bin/../lib/gcc/arm-none-eabi/7.3.1/../../../../arm-none-eabi/lib/thumb/v7-m\libc_nano.a(lib_a-nano-svfprintf.o)
                0x000000000800b964                __ssputs_r
 .text._svfprintf_r
                0x000000000800ba18      0x1f0 c:/st/stm32cubeide_1.5.0/stm32cubeide/plugins/com.st.stm32cube.ide.mcu.externaltools.gnu-tools-for-stm32.7-2018-q2-update.win32_1.5.0.202011040924/tools/bin/../lib/gcc/arm-none-eabi/7.3.1/../../../../arm-none-eabi/lib/thumb/v7-m\libc_nano.a(lib_a-nano-svfprintf.o)
                0x000000000800ba18                _svfiprintf_r
                0x000000000800ba18                _svfprintf_r
 .text._printf_common
                0x000000000800bc08       0xec c:/st/stm32cubeide_1.5.0/stm32cubeide/plugins/com.st.stm32cube.ide.mcu.externaltools.gnu-tools-for-stm32.7-2018-q2-update.win32_1.5.0.202011040924/tools/bin/../lib/gcc/arm-none-eabi/7.3.1/../../../../arm-none-eabi/lib/thumb/v7-m\libc_nano.a(lib_a-nano-vfprintf_i.o)
                0x000000000800bc08                _printf_common
 .text._printf_i
                0x000000000800bcf4      0x224 c:/st/stm32cubeide_1.5.0/stm32cubeide/plugins/com.st.stm32cube.ide.mcu.externaltools.gnu-tools-for-stm32.7-2018-q2-update.win32_1.5.0.202011040924/tools/bin/../lib/gcc/arm-none-eabi/7.3.1/../../../../arm-none-eabi/lib/thumb/v7-m\libc_nano.a(lib_a-nano-vfprintf_i.o)
                0x000000000800bcf4                _printf_i
 .text.memchr   0x000000000800bf18       0x1c c:/st/stm32cubeide_1.5.0/stm32cubeide/plugins/com.st.stm32cube.ide.mcu.externaltools.gnu-tools-for-stm32.7-2018-q2-update.win32_1.5.0.202011040924/tools/bin/../lib/gcc/arm-none-eabi/7.3.1/../../../../arm-none-eabi/lib/thumb/v7-m\libc_nano.a(lib_a-memchr-stub.o)
                0x000000000800bf18                memchr
 .text.memcpy   0x000000000800bf34       0x16 c:/st/stm32cubeide_1.5.0/stm32cubeide/plugins/com.st.stm32cube.ide.mcu.externaltools.gnu-tools-for-stm32.7-2018-q2-update.win32_1.5.0.202011040924/tools/bin/../lib/gcc/arm-none-eabi/7.3.1/../../../../arm-none-eabi/lib/thumb/v7-m\libc_nano.a(lib_a-memcpy-stub.o)
                0x000000000800bf34                memcpy
 .text.memmove  0x000000000800bf4a       0x32 c:/st/stm32cubeide_1.5.0/stm32cubeide/plugins/com.st.stm32cube.ide.mcu.externaltools.gnu-tools-for-stm32.7-2018-q2-update.win32_1.5.0.202011040924/tools/bin/../lib/gcc/arm-none-eabi/7.3.1/../../../../arm-none-eabi/lib/thumb/v7-m\libc_nano.a(lib_a-memmove.o)
                0x000000000800bf4a                memmove
 .text._free_r  0x000000000800bf7c       0x98 c:/st/stm32cubeide_1.5.0/stm32cubeide/plugins/com.st.stm32cube.ide.mcu.externaltools.gnu-tools-for-stm32.7-2018-q2-update.win32_1.5.0.202011040924/tools/bin/../lib/gcc/arm-none-eabi/7.3.1/../../../../arm-none-eabi/lib/thumb/v7-m\libc_nano.a(lib_a-nano-freer.o)
                0x000000000800bf7c                _free_r
 .text._malloc_r
                0x000000000800c014       0xb4 c:/st/stm32cubeide_1.5.0/stm32cubeide/plugins/com.st.stm32cube.ide.mcu.externaltools.gnu-tools-for-stm32.7-2018-q2-update.win32_1.5.0.202011040924/tools/bin/../lib/gcc/arm-none-eabi/7.3.1/../../../../arm-none-eabi/lib/thumb/v7-m\libc_nano.a(lib_a-nano-mallocr.o)
                0x000000000800c014                _malloc_r
 .text._realloc_r
                0x000000000800c0c8       0x4c c:/st/stm32cubeide_1.5.0/stm32cubeide/plugins/com.st.stm32cube.ide.mcu.externaltools.gnu-tools-for-stm32.7-2018-q2-update.win32_1.5.0.202011040924/tools/bin/../lib/gcc/arm-none-eabi/7.3.1/../../../../arm-none-eabi/lib/thumb/v7-m\libc_nano.a(lib_a-nano-reallocr.o)
                0x000000000800c0c8                _realloc_r
 .text._sbrk_r  0x000000000800c114       0x20 c:/st/stm32cubeide_1.5.0/stm32cubeide/plugins/com.st.stm32cube.ide.mcu.externaltools.gnu-tools-for-stm32.7-2018-q2-update.win32_1.5.0.202011040924/tools/bin/../lib/gcc/arm-none-eabi/7.3.1/../../../../arm-none-eabi/lib/thumb/v7-m\libc_nano.a(lib_a-sbrkr.o)
                0x000000000800c114                _sbrk_r
 .text.__malloc_lock
                0x000000000800c134        0x2 c:/st/stm32cubeide_1.5.0/stm32cubeide/plugins/com.st.stm32cube.ide.mcu.externaltools.gnu-tools-for-stm32.7-2018-q2-update.win32_1.5.0.202011040924/tools/bin/../lib/gcc/arm-none-eabi/7.3.1/../../../../arm-none-eabi/lib/thumb/v7-m\libc_nano.a(lib_a-mlock.o)
                0x000000000800c134                __malloc_lock
 .text.__malloc_unlock
                0x000000000800c136        0x2 c:/st/stm32cubeide_1.5.0/stm32cubeide/plugins/com.st.stm32cube.ide.mcu.externaltools.gnu-tools-for-stm32.7-2018-q2-update.win32_1.5.0.202011040924/tools/bin/../lib/gcc/arm-none-eabi/7.3.1/../../../../arm-none-eabi/lib/thumb/v7-m\libc_nano.a(lib_a-mlock.o)
                0x000000000800c136                __malloc_unlock
 .text._malloc_usable_size_r
                0x000000000800c138       0x10 c:/st/stm32cubeide_1.5.0/stm32cubeide/plugins/com.st.stm32cube.ide.mcu.externaltools.gnu-tools-for-stm32.7-2018-q2-update.win32_1.5.0.202011040924/tools/bin/../lib/gcc/arm-none-eabi/7.3.1/../../../../arm-none-eabi/lib/thumb/v7-m\libc_nano.a(lib_a-nano-msizer.o)
                0x000000000800c138                _malloc_usable_size_r
 *(.glue_7)
 .glue_7        0x000000000800c148        0x0 linker stubs
 *(.glue_7t)
 .glue_7t       0x000000000800c148        0x0 linker stubs
 *(.eh_frame)
 .eh_frame      0x000000000800c148        0x0 c:/st/stm32cubeide_1.5.0/stm32cubeide/plugins/com.st.stm32cube.ide.mcu.externaltools.gnu-tools-for-stm32.7-2018-q2-update.win32_1.5.0.202011040924/tools/bin/../lib/gcc/arm-none-eabi/7.3.1/thumb/v7-m/crtbegin.o
 *(.init)
 .init          0x000000000800c148        0x4 c:/st/stm32cubeide_1.5.0/stm32cubeide/plugins/com.st.stm32cube.ide.mcu.externaltools.gnu-tools-for-stm32.7-2018-q2-update.win32_1.5.0.202011040924/tools/bin/../lib/gcc/arm-none-eabi/7.3.1/thumb/v7-m/crti.o
                0x000000000800c148                _init
 .init          0x000000000800c14c        0x8 c:/st/stm32cubeide_1.5.0/stm32cubeide/plugins/com.st.stm32cube.ide.mcu.externaltools.gnu-tools-for-stm32.7-2018-q2-update.win32_1.5.0.202011040924/tools/bin/../lib/gcc/arm-none-eabi/7.3.1/thumb/v7-m/crtn.o
 *(.fini)
 .fini          0x000000000800c154        0x4 c:/st/stm32cubeide_1.5.0/stm32cubeide/plugins/com.st.stm32cube.ide.mcu.externaltools.gnu-tools-for-stm32.7-2018-q2-update.win32_1.5.0.202011040924/tools/bin/../lib/gcc/arm-none-eabi/7.3.1/thumb/v7-m/crti.o
                0x000000000800c154                _fini
 .fini          0x000000000800c158        0x8 c:/st/stm32cubeide_1.5.0/stm32cubeide/plugins/com.st.stm32cube.ide.mcu.externaltools.gnu-tools-for-stm32.7-2018-q2-update.win32_1.5.0.202011040924/tools/bin/../lib/gcc/arm-none-eabi/7.3.1/thumb/v7-m/crtn.o
                0x000000000800c160                . = ALIGN (0x4)
                0x000000000800c160                _etext = .

.vfp11_veneer   0x000000000800c160        0x0
 .vfp11_veneer  0x000000000800c160        0x0 linker stubs

.v4_bx          0x000000000800c160        0x0
 .v4_bx         0x000000000800c160        0x0 linker stubs

.iplt           0x000000000800c160        0x0
 .iplt          0x000000000800c160        0x0 c:/st/stm32cubeide_1.5.0/stm32cubeide/plugins/com.st.stm32cube.ide.mcu.externaltools.gnu-tools-for-stm32.7-2018-q2-update.win32_1.5.0.202011040924/tools/bin/../lib/gcc/arm-none-eabi/7.3.1/thumb/v7-m/crtbegin.o

.rodata         0x000000000800c160      0x32c
                0x000000000800c160                . = ALIGN (0x4)
 *(.rodata)
 .rodata        0x000000000800c160        0x6 Core/Src/LCD.o
 *fill*         0x000000000800c166        0x2 
 .rodata        0x000000000800c168       0x42 Core/Src/main.o
 *fill*         0x000000000800c1aa        0x2 
 .rodata        0x000000000800c1ac       0x12 Drivers/STM32F1xx_HAL_Driver/Src/stm32f1xx_hal_rcc.o
 *fill*         0x000000000800c1be        0x2 
 .rodata        0x000000000800c1c0       0x46 USB_DEVICE/App/usbd_desc.o
 *(.rodata*)
 *fill*         0x000000000800c206        0x2 
 .rodata.menuItems
                0x000000000800c208       0x5a Core/Src/main.o
                0x000000000800c208                menuItems
 *fill*         0x000000000800c262        0x2 
 .rodata.subMenu0
                0x000000000800c264       0x3c Core/Src/main.o
                0x000000000800c264                subMenu0
 .rodata.subMenu1
                0x000000000800c2a0       0x87 Core/Src/main.o
                0x000000000800c2a0                subMenu1
 *fill*         0x000000000800c327        0x1 
 .rodata.subMenu2
                0x000000000800c328       0x4b Core/Src/main.o
                0x000000000800c328                subMenu2
 *fill*         0x000000000800c373        0x1 
 .rodata.subMenu3
                0x000000000800c374       0x2d Core/Src/main.o
                0x000000000800c374                subMenu3
 *fill*         0x000000000800c3a1        0x3 
 .rodata.subMenu4
                0x000000000800c3a4       0x1e Core/Src/main.o
                0x000000000800c3a4                subMenu4
 *fill*         0x000000000800c3c2        0x2 
 .rodata.subMenuSizes
                0x000000000800c3c4        0x5 Core/Src/main.o
                0x000000000800c3c4                subMenuSizes
 *fill*         0x000000000800c3c9        0x3 
 .rodata.parameterLB0
                0x000000000800c3cc        0x8 Core/Src/main.o
                0x000000000800c3cc                parameterLB0
 .rodata.parameterLB1
                0x000000000800c3d4        0x8 Core/Src/main.o
                0x000000000800c3d4                parameterLB1
 .rodata.parameterLB2
                0x000000000800c3dc        0x8 Core/Src/main.o
                0x000000000800c3dc                parameterLB2
 .rodata.parameterLB3
                0x000000000800c3e4        0x8 Core/Src/main.o
                0x000000000800c3e4                parameterLB3
 .rodata.parameterLB4
                0x000000000800c3ec        0x8 Core/Src/main.o
                0x000000000800c3ec                parameterLB4
 .rodata.parameterUB0
                0x000000000800c3f4        0x8 Core/Src/main.o
                0x000000000800c3f4                parameterUB0
 .rodata.parameterUB1
                0x000000000800c3fc        0x8 Core/Src/main.o
                0x000000000800c3fc                parameterUB1
 .rodata.parameterUB2
                0x000000000800c404        0x8 Core/Src/main.o
                0x000000000800c404                parameterUB2
 .rodata.parameterUB3
                0x000000000800c40c        0x8 Core/Src/main.o
                0x000000000800c40c                parameterUB3
 .rodata.parameterUB4
                0x000000000800c414        0x8 Core/Src/main.o
                0x000000000800c414                parameterUB4
 .rodata.noteNames
                0x000000000800c41c       0x24 Core/Src/main.o
                0x000000000800c41c                noteNames
 .rodata.AHBPrescTable
                0x000000000800c440       0x10 Core/Src/system_stm32f1xx.o
                0x000000000800c440                AHBPrescTable
 .rodata.APBPrescTable
                0x000000000800c450        0x8 Core/Src/system_stm32f1xx.o
                0x000000000800c450                APBPrescTable
 .rodata._svfprintf_r.str1.1
                0x000000000800c458       0x11 c:/st/stm32cubeide_1.5.0/stm32cubeide/plugins/com.st.stm32cube.ide.mcu.externaltools.gnu-tools-for-stm32.7-2018-q2-update.win32_1.5.0.202011040924/tools/bin/../lib/gcc/arm-none-eabi/7.3.1/../../../../arm-none-eabi/lib/thumb/v7-m\libc_nano.a(lib_a-nano-svfprintf.o)
 .rodata._printf_i.str1.1
                0x000000000800c469       0x22 c:/st/stm32cubeide_1.5.0/stm32cubeide/plugins/com.st.stm32cube.ide.mcu.externaltools.gnu-tools-for-stm32.7-2018-q2-update.win32_1.5.0.202011040924/tools/bin/../lib/gcc/arm-none-eabi/7.3.1/../../../../arm-none-eabi/lib/thumb/v7-m\libc_nano.a(lib_a-nano-vfprintf_i.o)
                0x000000000800c48c                . = ALIGN (0x4)
 *fill*         0x000000000800c48b        0x1 

.rel.dyn        0x000000000800c48c        0x0
 .rel.iplt      0x000000000800c48c        0x0 c:/st/stm32cubeide_1.5.0/stm32cubeide/plugins/com.st.stm32cube.ide.mcu.externaltools.gnu-tools-for-stm32.7-2018-q2-update.win32_1.5.0.202011040924/tools/bin/../lib/gcc/arm-none-eabi/7.3.1/thumb/v7-m/crtbegin.o

.ARM.extab      0x000000000800c48c        0x0
                0x000000000800c48c                . = ALIGN (0x4)
 *(.ARM.extab* .gnu.linkonce.armextab.*)
                0x000000000800c48c                . = ALIGN (0x4)

.ARM            0x000000000800c48c        0x0
                0x000000000800c48c                . = ALIGN (0x4)
                0x000000000800c48c                __exidx_start = .
 *(.ARM.exidx*)
                0x000000000800c48c                __exidx_end = .
                0x000000000800c48c                . = ALIGN (0x4)

.preinit_array  0x000000000800c48c        0x0
                0x000000000800c48c                . = ALIGN (0x4)
                0x000000000800c48c                PROVIDE (__preinit_array_start = .)
 *(.preinit_array*)
                0x000000000800c48c                PROVIDE (__preinit_array_end = .)
                0x000000000800c48c                . = ALIGN (0x4)

.init_array     0x000000000800c48c        0x4
                0x000000000800c48c                . = ALIGN (0x4)
                0x000000000800c48c                PROVIDE (__init_array_start = .)
 *(SORT_BY_NAME(.init_array.*))
 *(.init_array*)
 .init_array    0x000000000800c48c        0x4 c:/st/stm32cubeide_1.5.0/stm32cubeide/plugins/com.st.stm32cube.ide.mcu.externaltools.gnu-tools-for-stm32.7-2018-q2-update.win32_1.5.0.202011040924/tools/bin/../lib/gcc/arm-none-eabi/7.3.1/thumb/v7-m/crtbegin.o
                0x000000000800c490                PROVIDE (__init_array_end = .)
                0x000000000800c490                . = ALIGN (0x4)

.fini_array     0x000000000800c490        0x4
                0x000000000800c490                . = ALIGN (0x4)
                [!provide]                        PROVIDE (__fini_array_start = .)
 *(SORT_BY_NAME(.fini_array.*))
 *(.fini_array*)
 .fini_array    0x000000000800c490        0x4 c:/st/stm32cubeide_1.5.0/stm32cubeide/plugins/com.st.stm32cube.ide.mcu.externaltools.gnu-tools-for-stm32.7-2018-q2-update.win32_1.5.0.202011040924/tools/bin/../lib/gcc/arm-none-eabi/7.3.1/thumb/v7-m/crtbegin.o
                [!provide]                        PROVIDE (__fini_array_end = .)
                0x000000000800c494                . = ALIGN (0x4)
                0x000000000800c494                _sidata = LOADADDR (.data)

.data           0x0000000020000000      0x308 load address 0x000000000800c494
                0x0000000020000000                . = ALIGN (0x4)
                0x0000000020000000                _sdata = .
 *(.data)
 *(.data*)
 .data.LEDMatrix
                0x0000000020000000        0x4 Core/Src/LEDMatrix.o
                0x0000000020000000                LEDMatrix
 .data.MidiNoteOffset
                0x0000000020000004        0x1 Core/Src/main.o
                0x0000000020000004                MidiNoteOffset
 .data.MidiNoteVelo
                0x0000000020000005        0x1 Core/Src/main.o
                0x0000000020000005                MidiNoteVelo
 *fill*         0x0000000020000006        0x2 
 .data.MidiCCFaderLUT
                0x0000000020000008        0x3 Core/Src/main.o
                0x0000000020000008                MidiCCFaderLUT
 *fill*         0x000000002000000b        0x1 
 .data.MidiCCEncoderLUT
                0x000000002000000c        0x4 Core/Src/main.o
                0x000000002000000c                MidiCCEncoderLUT
 .data.EncoderSpeed
                0x0000000020000010        0x4 Core/Src/main.o
                0x0000000020000010                EncoderSpeed
 .data.EncoderNote
                0x0000000020000014        0x4 Core/Src/main.o
                0x0000000020000014                EncoderNote
 .data.subMenus
                0x0000000020000018       0x14 Core/Src/main.o
                0x0000000020000018                subMenus
 .data.parameters0
                0x000000002000002c       0x20 Core/Src/main.o
                0x000000002000002c                parameters0
 .data.parameters1
                0x000000002000004c       0x20 Core/Src/main.o
                0x000000002000004c                parameters1
 .data.parameters2
                0x000000002000006c       0x20 Core/Src/main.o
                0x000000002000006c                parameters2
 .data.parameters3
                0x000000002000008c       0x20 Core/Src/main.o
                0x000000002000008c                parameters3
 .data.parameters4
                0x00000000200000ac       0x20 Core/Src/main.o
                0x00000000200000ac                parameters4
 .data.parameters
                0x00000000200000cc       0x20 Core/Src/main.o
                0x00000000200000cc                parameters
 .data.parameterLBs
                0x00000000200000ec       0x14 Core/Src/main.o
                0x00000000200000ec                parameterLBs
 .data.parameterUBs
                0x0000000020000100       0x14 Core/Src/main.o
                0x0000000020000100                parameterUBs
 .data.brightness
                0x0000000020000114        0x4 Core/Src/main.o
                0x0000000020000114                brightness
 .data.encoderLUT
                0x0000000020000118       0x10 Core/Src/main.o
                0x0000000020000118                encoderLUT
 .data.SystemCoreClock
                0x0000000020000128        0x4 Core/Src/system_stm32f1xx.o
                0x0000000020000128                SystemCoreClock
 .data.uwTickPrio
                0x000000002000012c        0x4 Drivers/STM32F1xx_HAL_Driver/Src/stm32f1xx_hal.o
                0x000000002000012c                uwTickPrio
 .data.uwTickFreq
                0x0000000020000130        0x1 Drivers/STM32F1xx_HAL_Driver/Src/stm32f1xx_hal.o
                0x0000000020000130                uwTickFreq
 *fill*         0x0000000020000131        0x3 
 .data.USBD_CDC_DeviceQualifierDesc
                0x0000000020000134        0xa Middlewares/ST/STM32_USB_Device_Library/Class/CDC/Src/usbd_cdc.o
 *fill*         0x000000002000013e        0x2 
 .data.USBD_CDC
                0x0000000020000140       0x38 Middlewares/ST/STM32_USB_Device_Library/Class/CDC/Src/usbd_cdc.o
                0x0000000020000140                USBD_CDC
 .data.USBD_CDC_CfgHSDesc
                0x0000000020000178       0x43 Middlewares/ST/STM32_USB_Device_Library/Class/CDC/Src/usbd_cdc.o
                0x0000000020000178                USBD_CDC_CfgHSDesc
 *fill*         0x00000000200001bb        0x1 
 .data.USBD_CDC_CfgFSDesc
                0x00000000200001bc       0x43 Middlewares/ST/STM32_USB_Device_Library/Class/CDC/Src/usbd_cdc.o
                0x00000000200001bc                USBD_CDC_CfgFSDesc
 *fill*         0x00000000200001ff        0x1 
 .data.USBD_CDC_OtherSpeedCfgDesc
                0x0000000020000200       0x43 Middlewares/ST/STM32_USB_Device_Library/Class/CDC/Src/usbd_cdc.o
                0x0000000020000200                USBD_CDC_OtherSpeedCfgDesc
 *fill*         0x0000000020000243        0x1 
 .data.USBD_Interface_fops_FS
                0x0000000020000244       0x10 USB_DEVICE/App/usbd_cdc_if.o
                0x0000000020000244                USBD_Interface_fops_FS
 .data.FS_Desc  0x0000000020000254       0x1c USB_DEVICE/App/usbd_desc.o
                0x0000000020000254                FS_Desc
 .data.USBD_FS_DeviceDesc
                0x0000000020000270       0x12 USB_DEVICE/App/usbd_desc.o
                0x0000000020000270                USBD_FS_DeviceDesc
 *fill*         0x0000000020000282        0x2 
 .data.USBD_LangIDDesc
                0x0000000020000284        0x4 USB_DEVICE/App/usbd_desc.o
                0x0000000020000284                USBD_LangIDDesc
 .data.USBD_StringSerial
                0x0000000020000288       0x1a USB_DEVICE/App/usbd_desc.o
                0x0000000020000288                USBD_StringSerial
 *fill*         0x00000000200002a2        0x2 
 .data._impure_ptr
                0x00000000200002a4        0x4 c:/st/stm32cubeide_1.5.0/stm32cubeide/plugins/com.st.stm32cube.ide.mcu.externaltools.gnu-tools-for-stm32.7-2018-q2-update.win32_1.5.0.202011040924/tools/bin/../lib/gcc/arm-none-eabi/7.3.1/../../../../arm-none-eabi/lib/thumb/v7-m\libc_nano.a(lib_a-impure.o)
                0x00000000200002a4                _impure_ptr
 .data.impure_data
                0x00000000200002a8       0x60 c:/st/stm32cubeide_1.5.0/stm32cubeide/plugins/com.st.stm32cube.ide.mcu.externaltools.gnu-tools-for-stm32.7-2018-q2-update.win32_1.5.0.202011040924/tools/bin/../lib/gcc/arm-none-eabi/7.3.1/../../../../arm-none-eabi/lib/thumb/v7-m\libc_nano.a(lib_a-impure.o)
 *(.RamFunc)
 *(.RamFunc*)
                0x0000000020000308                . = ALIGN (0x4)
                0x0000000020000308                _edata = .

.igot.plt       0x0000000020000308        0x0 load address 0x000000000800c79c
 .igot.plt      0x0000000020000308        0x0 c:/st/stm32cubeide_1.5.0/stm32cubeide/plugins/com.st.stm32cube.ide.mcu.externaltools.gnu-tools-for-stm32.7-2018-q2-update.win32_1.5.0.202011040924/tools/bin/../lib/gcc/arm-none-eabi/7.3.1/thumb/v7-m/crtbegin.o
                0x0000000020000308                . = ALIGN (0x4)

.bss            0x0000000020000308     0x1520 load address 0x000000000800c79c
                0x0000000020000308                _sbss = .
                0x0000000020000308                __bss_start__ = _sbss
 *(.bss)
 .bss           0x0000000020000308       0x1c c:/st/stm32cubeide_1.5.0/stm32cubeide/plugins/com.st.stm32cube.ide.mcu.externaltools.gnu-tools-for-stm32.7-2018-q2-update.win32_1.5.0.202011040924/tools/bin/../lib/gcc/arm-none-eabi/7.3.1/thumb/v7-m/crtbegin.o
 *(.bss*)
 .bss.currentIOState
                0x0000000020000324        0x2 Core/Src/LCD.o
                0x0000000020000324                currentIOState
 .bss.isLCDPrinting
                0x0000000020000326        0x1 Core/Src/LCD.o
                0x0000000020000326                isLCDPrinting
 .bss.cycleEN   0x0000000020000327        0x1 Core/Src/LCD.o
                0x0000000020000327                cycleEN
 .bss.currentLCDByte
                0x0000000020000328        0x1 Core/Src/LCD.o
                0x0000000020000328                currentLCDByte
 .bss.MidiChannel
                0x0000000020000329        0x1 Core/Src/main.o
                0x0000000020000329                MidiChannel
 .bss.status    0x000000002000032a        0x1 Core/Src/main.o
                0x000000002000032a                status
 .bss.BAMIndex  0x000000002000032b        0x1 Core/Src/main.o
                0x000000002000032b                BAMIndex
 .bss.blocked   0x000000002000032c        0x1 Core/Src/main.o
                0x000000002000032c                blocked
 .bss.currentEncoder
                0x000000002000032d        0x1 Core/Src/main.o
                0x000000002000032d                currentEncoder
 *fill*         0x000000002000032e        0x2 
 .bss.lastEncoder
                0x0000000020000330        0x5 Core/Src/main.o
                0x0000000020000330                lastEncoder
 *fill*         0x0000000020000335        0x3 
 .bss.encoderValues
                0x0000000020000338       0x14 Core/Src/main.o
                0x0000000020000338                encoderValues
 .bss.lastEncoderValues
                0x000000002000034c       0x14 Core/Src/main.o
                0x000000002000034c                lastEncoderValues
 .bss.lastButtonState
                0x0000000020000360        0x1 Core/Src/main.o
                0x0000000020000360                lastButtonState
 *fill*         0x0000000020000361        0x3 
 .bss.lastFaderValues
                0x0000000020000364        0x4 Core/Src/main.o
                0x0000000020000364                lastFaderValues
 .bss.lastKeyMatrix
                0x0000000020000368        0x4 Core/Src/main.o
                0x0000000020000368                lastKeyMatrix
 .bss.currentKeyMatrix
                0x000000002000036c        0x4 Core/Src/main.o
                0x000000002000036c                currentKeyMatrix
 .bss.dIntegrator
                0x0000000020000370        0x1 Core/Src/main.o
                0x0000000020000370                dIntegrator
 .bss.dOutput   0x0000000020000371        0x1 Core/Src/main.o
                0x0000000020000371                dOutput
 *fill*         0x0000000020000372        0x2 
 .bss.__sbrk_heap_end
                0x0000000020000374        0x4 Core/Src/sysmem.o
 .bss.cfgidx.8554
                0x0000000020000378        0x1 Middlewares/ST/STM32_USB_Device_Library/Core/Src/usbd_ctlreq.o
 *fill*         0x0000000020000379        0x3 
 .bss.mem.8622  0x000000002000037c      0x220 USB_DEVICE/Target/usbd_conf.o
 .bss.__malloc_free_list
                0x000000002000059c        0x4 c:/st/stm32cubeide_1.5.0/stm32cubeide/plugins/com.st.stm32cube.ide.mcu.externaltools.gnu-tools-for-stm32.7-2018-q2-update.win32_1.5.0.202011040924/tools/bin/../lib/gcc/arm-none-eabi/7.3.1/../../../../arm-none-eabi/lib/thumb/v7-m\libc_nano.a(lib_a-nano-mallocr.o)
                0x000000002000059c                __malloc_free_list
 .bss.__malloc_sbrk_start
                0x00000000200005a0        0x4 c:/st/stm32cubeide_1.5.0/stm32cubeide/plugins/com.st.stm32cube.ide.mcu.externaltools.gnu-tools-for-stm32.7-2018-q2-update.win32_1.5.0.202011040924/tools/bin/../lib/gcc/arm-none-eabi/7.3.1/../../../../arm-none-eabi/lib/thumb/v7-m\libc_nano.a(lib_a-nano-mallocr.o)
                0x00000000200005a0                __malloc_sbrk_start
 *(COMMON)
 COMMON         0x00000000200005a4       0x25 Core/Src/LCD.o
                0x00000000200005a4                LCDBufferBottom
                0x00000000200005b8                LCDBufferTop
 *fill*         0x00000000200005c9        0x3 
 COMMON         0x00000000200005cc       0x10 Core/Src/LEDMatrix.o
                0x00000000200005cc                LEDMatrixBuffer
 COMMON         0x00000000200005dc      0x2c3 Core/Src/main.o
                0x00000000200005dc                LCDBottomQueued
                0x00000000200005e0                hdma_i2c1_tx
                0x0000000020000624                hi2c1
                0x0000000020000678                hiwdg
                0x0000000020000684                hi2c2
                0x00000000200006d8                menuItemSelected
                0x00000000200006dc                htim3
                0x0000000020000724                subMenuSelected
                0x0000000020000728                MidiNoteLUT
                0x000000002000073c                hdma_i2c2_tx
                0x0000000020000780                hadc1
                0x00000000200007b0                MidiCCValues
                0x0000000020000830                LCDQueueTop
                0x0000000020000844                htim2
                0x000000002000088c                LCDQueueBottom
                0x000000002000089d                parameterSelected
                0x000000002000089e                LCDTopQueued
 *fill*         0x000000002000089f        0x1 
 COMMON         0x00000000200008a0        0x4 Drivers/STM32F1xx_HAL_Driver/Src/stm32f1xx_hal.o
                0x00000000200008a0                uwTick
 COMMON         0x00000000200008a4      0x2c4 USB_DEVICE/App/usb_device.o
                0x00000000200008a4                hUsbDeviceFS
 COMMON         0x0000000020000b68      0x7d0 USB_DEVICE/App/usbd_cdc_if.o
                0x0000000020000b68                UserRxBufferFS
                0x0000000020000f50                UserTxBufferFS
 COMMON         0x0000000020001338      0x200 USB_DEVICE/App/usbd_desc.o
                0x0000000020001338                USBD_StrDesc
 COMMON         0x0000000020001538      0x2ec USB_DEVICE/Target/usbd_conf.o
                0x0000000020001538                hpcd_USB_FS
 COMMON         0x0000000020001824        0x4 c:/st/stm32cubeide_1.5.0/stm32cubeide/plugins/com.st.stm32cube.ide.mcu.externaltools.gnu-tools-for-stm32.7-2018-q2-update.win32_1.5.0.202011040924/tools/bin/../lib/gcc/arm-none-eabi/7.3.1/../../../../arm-none-eabi/lib/thumb/v7-m\libc_nano.a(lib_a-reent.o)
                0x0000000020001824                errno
                0x0000000020001828                . = ALIGN (0x4)
                0x0000000020001828                _ebss = .
                0x0000000020001828                __bss_end__ = _ebss

._user_heap_stack
                0x0000000020001828      0x600 load address 0x000000000800c79c
                0x0000000020001828                . = ALIGN (0x8)
                [!provide]                        PROVIDE (end = .)
                0x0000000020001828                PROVIDE (_end = .)
                0x0000000020001a28                . = (. + _Min_Heap_Size)
 *fill*         0x0000000020001828      0x200 
                0x0000000020001e28                . = (. + _Min_Stack_Size)
 *fill*         0x0000000020001a28      0x400 
                0x0000000020001e28                . = ALIGN (0x8)

/DISCARD/
 libc.a(*)
 libm.a(*)
 libgcc.a(*)

.ARM.attributes
                0x0000000000000000       0x29
 *(.ARM.attributes)
 .ARM.attributes
                0x0000000000000000       0x1d c:/st/stm32cubeide_1.5.0/stm32cubeide/plugins/com.st.stm32cube.ide.mcu.externaltools.gnu-tools-for-stm32.7-2018-q2-update.win32_1.5.0.202011040924/tools/bin/../lib/gcc/arm-none-eabi/7.3.1/thumb/v7-m/crti.o
 .ARM.attributes
                0x000000000000001d       0x2d c:/st/stm32cubeide_1.5.0/stm32cubeide/plugins/com.st.stm32cube.ide.mcu.externaltools.gnu-tools-for-stm32.7-2018-q2-update.win32_1.5.0.202011040924/tools/bin/../lib/gcc/arm-none-eabi/7.3.1/thumb/v7-m/crtbegin.o
 .ARM.attributes
                0x000000000000004a       0x33 Core/Src/ADC.o
 .ARM.attributes
                0x000000000000007d       0x33 Core/Src/DWT_Delay.o
 .ARM.attributes
                0x00000000000000b0       0x33 Core/Src/LCD.o
 .ARM.attributes
                0x00000000000000e3       0x33 Core/Src/LEDMatrix.o
 .ARM.attributes
                0x0000000000000116       0x33 Core/Src/Midi.o
 .ARM.attributes
                0x0000000000000149       0x33 Core/Src/main.o
 .ARM.attributes
                0x000000000000017c       0x33 Core/Src/stm32f1xx_hal_msp.o
 .ARM.attributes
                0x00000000000001af       0x33 Core/Src/stm32f1xx_it.o
 .ARM.attributes
                0x00000000000001e2       0x33 Core/Src/sysmem.o
 .ARM.attributes
                0x0000000000000215       0x33 Core/Src/system_stm32f1xx.o
 .ARM.attributes
                0x0000000000000248       0x21 Core/Startup/startup_stm32f103c8tx.o
 .ARM.attributes
                0x0000000000000269       0x33 Drivers/STM32F1xx_HAL_Driver/Src/stm32f1xx_hal.o
 .ARM.attributes
                0x000000000000029c       0x33 Drivers/STM32F1xx_HAL_Driver/Src/stm32f1xx_hal_adc.o
 .ARM.attributes
                0x00000000000002cf       0x33 Drivers/STM32F1xx_HAL_Driver/Src/stm32f1xx_hal_cortex.o
 .ARM.attributes
                0x0000000000000302       0x33 Drivers/STM32F1xx_HAL_Driver/Src/stm32f1xx_hal_dma.o
 .ARM.attributes
                0x0000000000000335       0x33 Drivers/STM32F1xx_HAL_Driver/Src/stm32f1xx_hal_gpio.o
 .ARM.attributes
                0x0000000000000368       0x33 Drivers/STM32F1xx_HAL_Driver/Src/stm32f1xx_hal_i2c.o
 .ARM.attributes
                0x000000000000039b       0x33 Drivers/STM32F1xx_HAL_Driver/Src/stm32f1xx_hal_iwdg.o
 .ARM.attributes
                0x00000000000003ce       0x33 Drivers/STM32F1xx_HAL_Driver/Src/stm32f1xx_hal_pcd.o
 .ARM.attributes
                0x0000000000000401       0x33 Drivers/STM32F1xx_HAL_Driver/Src/stm32f1xx_hal_pcd_ex.o
 .ARM.attributes
                0x0000000000000434       0x33 Drivers/STM32F1xx_HAL_Driver/Src/stm32f1xx_hal_rcc.o
 .ARM.attributes
                0x0000000000000467       0x33 Drivers/STM32F1xx_HAL_Driver/Src/stm32f1xx_hal_rcc_ex.o
 .ARM.attributes
                0x000000000000049a       0x33 Drivers/STM32F1xx_HAL_Driver/Src/stm32f1xx_hal_tim.o
 .ARM.attributes
                0x00000000000004cd       0x33 Drivers/STM32F1xx_HAL_Driver/Src/stm32f1xx_hal_tim_ex.o
 .ARM.attributes
                0x0000000000000500       0x33 Drivers/STM32F1xx_HAL_Driver/Src/stm32f1xx_ll_usb.o
 .ARM.attributes
                0x0000000000000533       0x33 Middlewares/ST/STM32_USB_Device_Library/Class/CDC/Src/usbd_cdc.o
 .ARM.attributes
                0x0000000000000566       0x33 Middlewares/ST/STM32_USB_Device_Library/Core/Src/usbd_core.o
 .ARM.attributes
                0x0000000000000599       0x33 Middlewares/ST/STM32_USB_Device_Library/Core/Src/usbd_ctlreq.o
 .ARM.attributes
                0x00000000000005cc       0x33 Middlewares/ST/STM32_USB_Device_Library/Core/Src/usbd_ioreq.o
 .ARM.attributes
                0x00000000000005ff       0x33 USB_DEVICE/App/usb_device.o
 .ARM.attributes
                0x0000000000000632       0x33 USB_DEVICE/App/usbd_cdc_if.o
 .ARM.attributes
                0x0000000000000665       0x33 USB_DEVICE/App/usbd_desc.o
 .ARM.attributes
                0x0000000000000698       0x33 USB_DEVICE/Target/usbd_conf.o
 .ARM.attributes
                0x00000000000006cb       0x2d c:/st/stm32cubeide_1.5.0/stm32cubeide/plugins/com.st.stm32cube.ide.mcu.externaltools.gnu-tools-for-stm32.7-2018-q2-update.win32_1.5.0.202011040924/tools/bin/../lib/gcc/arm-none-eabi/7.3.1/../../../../arm-none-eabi/lib/thumb/v7-m\libc_nano.a(lib_a-errno.o)
 .ARM.attributes
                0x00000000000006f8       0x2d c:/st/stm32cubeide_1.5.0/stm32cubeide/plugins/com.st.stm32cube.ide.mcu.externaltools.gnu-tools-for-stm32.7-2018-q2-update.win32_1.5.0.202011040924/tools/bin/../lib/gcc/arm-none-eabi/7.3.1/../../../../arm-none-eabi/lib/thumb/v7-m\libc_nano.a(lib_a-impure.o)
 .ARM.attributes
                0x0000000000000725       0x2d c:/st/stm32cubeide_1.5.0/stm32cubeide/plugins/com.st.stm32cube.ide.mcu.externaltools.gnu-tools-for-stm32.7-2018-q2-update.win32_1.5.0.202011040924/tools/bin/../lib/gcc/arm-none-eabi/7.3.1/../../../../arm-none-eabi/lib/thumb/v7-m\libc_nano.a(lib_a-init.o)
 .ARM.attributes
                0x0000000000000752       0x2d c:/st/stm32cubeide_1.5.0/stm32cubeide/plugins/com.st.stm32cube.ide.mcu.externaltools.gnu-tools-for-stm32.7-2018-q2-update.win32_1.5.0.202011040924/tools/bin/../lib/gcc/arm-none-eabi/7.3.1/../../../../arm-none-eabi/lib/thumb/v7-m\libc_nano.a(lib_a-memset.o)
 .ARM.attributes
                0x000000000000077f       0x2d c:/st/stm32cubeide_1.5.0/stm32cubeide/plugins/com.st.stm32cube.ide.mcu.externaltools.gnu-tools-for-stm32.7-2018-q2-update.win32_1.5.0.202011040924/tools/bin/../lib/gcc/arm-none-eabi/7.3.1/../../../../arm-none-eabi/lib/thumb/v7-m\libc_nano.a(lib_a-snprintf.o)
 .ARM.attributes
                0x00000000000007ac       0x2d c:/st/stm32cubeide_1.5.0/stm32cubeide/plugins/com.st.stm32cube.ide.mcu.externaltools.gnu-tools-for-stm32.7-2018-q2-update.win32_1.5.0.202011040924/tools/bin/../lib/gcc/arm-none-eabi/7.3.1/../../../../arm-none-eabi/lib/thumb/v7-m\libc_nano.a(lib_a-nano-svfprintf.o)
 .ARM.attributes
                0x00000000000007d9       0x2d c:/st/stm32cubeide_1.5.0/stm32cubeide/plugins/com.st.stm32cube.ide.mcu.externaltools.gnu-tools-for-stm32.7-2018-q2-update.win32_1.5.0.202011040924/tools/bin/../lib/gcc/arm-none-eabi/7.3.1/../../../../arm-none-eabi/lib/thumb/v7-m\libc_nano.a(lib_a-nano-vfprintf_i.o)
 .ARM.attributes
                0x0000000000000806       0x2d c:/st/stm32cubeide_1.5.0/stm32cubeide/plugins/com.st.stm32cube.ide.mcu.externaltools.gnu-tools-for-stm32.7-2018-q2-update.win32_1.5.0.202011040924/tools/bin/../lib/gcc/arm-none-eabi/7.3.1/../../../../arm-none-eabi/lib/thumb/v7-m\libc_nano.a(lib_a-memchr-stub.o)
 .ARM.attributes
                0x0000000000000833       0x2d c:/st/stm32cubeide_1.5.0/stm32cubeide/plugins/com.st.stm32cube.ide.mcu.externaltools.gnu-tools-for-stm32.7-2018-q2-update.win32_1.5.0.202011040924/tools/bin/../lib/gcc/arm-none-eabi/7.3.1/../../../../arm-none-eabi/lib/thumb/v7-m\libc_nano.a(lib_a-memcpy-stub.o)
 .ARM.attributes
                0x0000000000000860       0x2d c:/st/stm32cubeide_1.5.0/stm32cubeide/plugins/com.st.stm32cube.ide.mcu.externaltools.gnu-tools-for-stm32.7-2018-q2-update.win32_1.5.0.202011040924/tools/bin/../lib/gcc/arm-none-eabi/7.3.1/../../../../arm-none-eabi/lib/thumb/v7-m\libc_nano.a(lib_a-memmove.o)
 .ARM.attributes
                0x000000000000088d       0x2d c:/st/stm32cubeide_1.5.0/stm32cubeide/plugins/com.st.stm32cube.ide.mcu.externaltools.gnu-tools-for-stm32.7-2018-q2-update.win32_1.5.0.202011040924/tools/bin/../lib/gcc/arm-none-eabi/7.3.1/../../../../arm-none-eabi/lib/thumb/v7-m\libc_nano.a(lib_a-nano-freer.o)
 .ARM.attributes
                0x00000000000008ba       0x2d c:/st/stm32cubeide_1.5.0/stm32cubeide/plugins/com.st.stm32cube.ide.mcu.externaltools.gnu-tools-for-stm32.7-2018-q2-update.win32_1.5.0.202011040924/tools/bin/../lib/gcc/arm-none-eabi/7.3.1/../../../../arm-none-eabi/lib/thumb/v7-m\libc_nano.a(lib_a-nano-mallocr.o)
 .ARM.attributes
                0x00000000000008e7       0x2d c:/st/stm32cubeide_1.5.0/stm32cubeide/plugins/com.st.stm32cube.ide.mcu.externaltools.gnu-tools-for-stm32.7-2018-q2-update.win32_1.5.0.202011040924/tools/bin/../lib/gcc/arm-none-eabi/7.3.1/../../../../arm-none-eabi/lib/thumb/v7-m\libc_nano.a(lib_a-nano-reallocr.o)
 .ARM.attributes
                0x0000000000000914       0x2d c:/st/stm32cubeide_1.5.0/stm32cubeide/plugins/com.st.stm32cube.ide.mcu.externaltools.gnu-tools-for-stm32.7-2018-q2-update.win32_1.5.0.202011040924/tools/bin/../lib/gcc/arm-none-eabi/7.3.1/../../../../arm-none-eabi/lib/thumb/v7-m\libc_nano.a(lib_a-sbrkr.o)
 .ARM.attributes
                0x0000000000000941       0x2d c:/st/stm32cubeide_1.5.0/stm32cubeide/plugins/com.st.stm32cube.ide.mcu.externaltools.gnu-tools-for-stm32.7-2018-q2-update.win32_1.5.0.202011040924/tools/bin/../lib/gcc/arm-none-eabi/7.3.1/../../../../arm-none-eabi/lib/thumb/v7-m\libc_nano.a(lib_a-mlock.o)
 .ARM.attributes
                0x000000000000096e       0x2d c:/st/stm32cubeide_1.5.0/stm32cubeide/plugins/com.st.stm32cube.ide.mcu.externaltools.gnu-tools-for-stm32.7-2018-q2-update.win32_1.5.0.202011040924/tools/bin/../lib/gcc/arm-none-eabi/7.3.1/../../../../arm-none-eabi/lib/thumb/v7-m\libc_nano.a(lib_a-nano-msizer.o)
 .ARM.attributes
                0x000000000000099b       0x2d c:/st/stm32cubeide_1.5.0/stm32cubeide/plugins/com.st.stm32cube.ide.mcu.externaltools.gnu-tools-for-stm32.7-2018-q2-update.win32_1.5.0.202011040924/tools/bin/../lib/gcc/arm-none-eabi/7.3.1/../../../../arm-none-eabi/lib/thumb/v7-m\libc_nano.a(lib_a-reent.o)
 .ARM.attributes
                0x00000000000009c8       0x1d c:/st/stm32cubeide_1.5.0/stm32cubeide/plugins/com.st.stm32cube.ide.mcu.externaltools.gnu-tools-for-stm32.7-2018-q2-update.win32_1.5.0.202011040924/tools/bin/../lib/gcc/arm-none-eabi/7.3.1/thumb/v7-m/crtn.o
OUTPUT(STM32 Midi Controller.elf elf32-littlearm)

.debug_info     0x0000000000000000    0x1f208
 .debug_info    0x0000000000000000      0x2a7 Core/Src/ADC.o
 .debug_info    0x00000000000002a7      0x3b6 Core/Src/DWT_Delay.o
 .debug_info    0x000000000000065d     0x1057 Core/Src/LCD.o
 .debug_info    0x00000000000016b4      0x4b8 Core/Src/LEDMatrix.o
 .debug_info    0x0000000000001b6c      0xf47 Core/Src/Midi.o
 .debug_info    0x0000000000002ab3     0x2ad5 Core/Src/main.o
 .debug_info    0x0000000000005588     0x10c6 Core/Src/stm32f1xx_hal_msp.o
 .debug_info    0x000000000000664e     0x1d1f Core/Src/stm32f1xx_it.o
 .debug_info    0x000000000000836d      0x985 Core/Src/sysmem.o
 .debug_info    0x0000000000008cf2      0x29a Core/Src/system_stm32f1xx.o
 .debug_info    0x0000000000008f8c       0x22 Core/Startup/startup_stm32f103c8tx.o
 .debug_info    0x0000000000008fae      0x714 Drivers/STM32F1xx_HAL_Driver/Src/stm32f1xx_hal.o
 .debug_info    0x00000000000096c2      0xc6c Drivers/STM32F1xx_HAL_Driver/Src/stm32f1xx_hal_adc.o
 .debug_info    0x000000000000a32e      0xb51 Drivers/STM32F1xx_HAL_Driver/Src/stm32f1xx_hal_cortex.o
 .debug_info    0x000000000000ae7f      0x7b1 Drivers/STM32F1xx_HAL_Driver/Src/stm32f1xx_hal_dma.o
 .debug_info    0x000000000000b630      0x69b Drivers/STM32F1xx_HAL_Driver/Src/stm32f1xx_hal_gpio.o
 .debug_info    0x000000000000bccb     0x2555 Drivers/STM32F1xx_HAL_Driver/Src/stm32f1xx_hal_i2c.o
 .debug_info    0x000000000000e220      0x2a7 Drivers/STM32F1xx_HAL_Driver/Src/stm32f1xx_hal_iwdg.o
 .debug_info    0x000000000000e4c7     0x122f Drivers/STM32F1xx_HAL_Driver/Src/stm32f1xx_hal_pcd.o
 .debug_info    0x000000000000f6f6      0x785 Drivers/STM32F1xx_HAL_Driver/Src/stm32f1xx_hal_pcd_ex.o
 .debug_info    0x000000000000fe7b      0x80f Drivers/STM32F1xx_HAL_Driver/Src/stm32f1xx_hal_rcc.o
 .debug_info    0x000000000001068a      0x444 Drivers/STM32F1xx_HAL_Driver/Src/stm32f1xx_hal_rcc_ex.o
 .debug_info    0x0000000000010ace     0x27ef Drivers/STM32F1xx_HAL_Driver/Src/stm32f1xx_hal_tim.o
 .debug_info    0x00000000000132bd     0x136f Drivers/STM32F1xx_HAL_Driver/Src/stm32f1xx_hal_tim_ex.o
 .debug_info    0x000000000001462c     0x17e7 Drivers/STM32F1xx_HAL_Driver/Src/stm32f1xx_ll_usb.o
 .debug_info    0x0000000000015e13     0x17c1 Middlewares/ST/STM32_USB_Device_Library/Class/CDC/Src/usbd_cdc.o
 .debug_info    0x00000000000175d4     0x11e2 Middlewares/ST/STM32_USB_Device_Library/Core/Src/usbd_core.o