main.c:90:10:DWT_Delay_Init	4	static,ignoring_inline_asm
main.c:117:22:DWT_Delay_us	24	static
main.c:125:22:DWT_Delay_ms	24	static
main.c:137:6:MCP23017SetPin	24	static
main.c:190:6:MCP23017ClearPin	24	static
main.c:261:6:LCDInit	16	static
main.c:318:6:LCDData	16	static
main.c:336:6:LCDCommand	16	static
main.c:343:6:LCDCycleEN	16	static
main.c:355:6:LCDWriteChar	16	static
main.c:363:6:LCDWriteString	24	static
main.c:371:6:LCDClear	16	static
main.c:378:6:LCDSetCursor	24	static
main.c:393:6:LCDShiftLeft	16	static
main.c:400:6:LCDShiftRight	16	static
main.c:412:5:main	8	static
main.c:479:6:SystemClock_Config	88	static
main.c:525:13:MX_NVIC_Init	8	static
main.c:537:13:MX_ADC1_Init	24	static
main.c:582:13:MX_I2C1_Init	8	static
main.c:616:13:MX_I2C2_Init	8	static
main.c:650:13:MX_TIM2_Init	32	static
main.c:697:13:MX_GPIO_Init	40	static
main.c:753:6:Error_Handler	4	static,ignoring_inline_asm
