core_cm3.h:1480:22:__NVIC_SetPriorityGrouping	24	static
main.c:128:6:debug	4	static
main.c:133:6:clampedIncrement	24	static
main.c:177:5:main	112	static
main.c:816:6:SystemClock_Config	88	static
main.c:863:13:MX_NVIC_Init	8	static
main.c:884:13:MX_ADC1_Init	24	static
main.c:929:13:MX_I2C1_Init	8	static
main.c:966:13:MX_I2C2_Init	8	static
main.c:1001:13:MX_IWDG_Init	8	static
main.c:1029:13:MX_TIM2_Init	32	static
main.c:1076:13:MX_TIM3_Init	32	static
main.c:1120:13:MX_DMA_Init	16	static
main.c:1133:13:MX_GPIO_Init	40	static
main.c:1216:6:Error_Handler	4	static,ignoring_inline_asm
