core_cm3.h:1480:22:__NVIC_SetPriorityGrouping	24	static
main.c:104:6:debug	4	static
main.c:110:10:DWT_Delay_Init	4	static,ignoring_inline_asm
main.c:137:22:DWT_Delay_us	24	static
main.c:145:22:DWT_Delay_ms	24	static
main.c:159:6:MCP23017SetPin	16	static
main.c:203:6:MCP23017ClearPin	16	static
main.c:246:6:LEDMatrixInit	16	static,ignoring_inline_asm
main.c:272:6:LEDMatrixStart	16	static,ignoring_inline_asm
main.c:317:6:LCDInit	16	static,ignoring_inline_asm
main.c:379:6:LCDData	16	static
main.c:404:6:LCDCommand	16	static
main.c:415:6:LCDCycleEN	16	static
main.c:427:6:LCDWriteChar	16	static
main.c:435:6:LCDWriteString	24	static
main.c:443:6:LCDClear	16	static
main.c:450:6:LCDSetCursor	24	static
main.c:465:6:LCDShiftLeft	16	static
main.c:472:6:LCDShiftRight	16	static
main.c:484:5:main	16	static
main.c:582:6:SystemClock_Config	88	static
main.c:628:13:MX_NVIC_Init	8	static
main.c:649:13:MX_ADC1_Init	24	static
main.c:694:13:MX_I2C1_Init	8	static
main.c:731:13:MX_I2C2_Init	8	static
main.c:765:13:MX_TIM2_Init	32	static
main.c:812:13:MX_TIM3_Init	32	static
main.c:856:13:MX_DMA_Init	16	static
main.c:869:13:MX_GPIO_Init	40	static
main.c:925:6:Error_Handler	4	static,ignoring_inline_asm
