core_cm3.h:1480:22:__NVIC_SetPriorityGrouping	24	static
main.c:105:6:debug	4	static
main.c:111:10:DWT_Delay_Init	4	static,ignoring_inline_asm
main.c:138:22:DWT_Delay_us	24	static
main.c:146:22:DWT_Delay_ms	24	static
main.c:160:6:MCP23017SetPin	16	static
main.c:204:6:MCP23017ClearPin	16	static
main.c:247:6:LEDMatrixInit	16	static,ignoring_inline_asm
main.c:273:6:LEDMatrixStart	16	static,ignoring_inline_asm
main.c:320:6:LCDInit	16	static,ignoring_inline_asm
main.c:382:6:LCDData	16	static
main.c:407:6:LCDCommand	16	static
main.c:418:6:LCDCycleEN	16	static
main.c:430:6:LCDWriteChar	16	static
main.c:438:6:LCDWriteString	24	static
main.c:446:6:LCDClear	16	static
main.c:453:6:LCDSetCursor	24	static
main.c:468:6:LCDShiftLeft	16	static
main.c:475:6:LCDShiftRight	16	static
main.c:487:5:main	16	static
main.c:585:6:SystemClock_Config	88	static
main.c:631:13:MX_NVIC_Init	8	static
main.c:652:13:MX_ADC1_Init	24	static
main.c:697:13:MX_I2C1_Init	8	static
main.c:734:13:MX_I2C2_Init	8	static
main.c:768:13:MX_TIM2_Init	32	static
main.c:815:13:MX_TIM3_Init	32	static
main.c:859:13:MX_DMA_Init	16	static
main.c:872:13:MX_GPIO_Init	40	static
main.c:928:6:Error_Handler	4	static,ignoring_inline_asm
