core_cm3.h:1480:22:__NVIC_SetPriorityGrouping	24	static
main.c:113:6:debug	4	static
main.c:125:5:main	56	static
main.c:337:6:SystemClock_Config	88	static
main.c:384:13:MX_NVIC_Init	8	static
main.c:405:13:MX_ADC1_Init	24	static
main.c:450:13:MX_I2C1_Init	8	static
main.c:487:13:MX_I2C2_Init	8	static
main.c:522:13:MX_IWDG_Init	8	static
main.c:550:13:MX_TIM2_Init	32	static
main.c:597:13:MX_TIM3_Init	32	static
main.c:641:13:MX_DMA_Init	16	static
main.c:654:13:MX_GPIO_Init	40	static
main.c:724:6:Error_Handler	4	static,ignoring_inline_asm
