core_cm3.h:1480:22:__NVIC_SetPriorityGrouping	24	static
main.c:124:6:debug	4	static
main.c:129:6:clampedIncrement	24	static
main.c:150:6:uclampedIncrement	24	static
main.c:174:5:main	80	static
main.c:599:6:SystemClock_Config	88	static
main.c:646:13:MX_NVIC_Init	8	static
main.c:667:13:MX_ADC1_Init	24	static
main.c:712:13:MX_I2C1_Init	8	static
main.c:749:13:MX_I2C2_Init	8	static
main.c:784:13:MX_IWDG_Init	8	static
main.c:812:13:MX_TIM2_Init	32	static
main.c:859:13:MX_TIM3_Init	32	static
main.c:903:13:MX_DMA_Init	16	static
main.c:916:13:MX_GPIO_Init	40	static
main.c:992:6:Error_Handler	4	static,ignoring_inline_asm
