main.c:92:10:DWT_Delay_Init	4	static,ignoring_inline_asm
main.c:119:22:DWT_Delay_us	24	static
main.c:127:22:DWT_Delay_ms	24	static
main.c:139:6:MCP23017SetPin	16	static
main.c:203:6:MCP23017ClearPin	16	static
main.c:288:6:LCDInit	16	static
main.c:356:6:LCDData	16	static
main.c:374:6:LCDCommand	16	static
main.c:389:6:LCDCycleEN	16	static
main.c:401:6:LCDWriteChar	16	static
main.c:409:6:LCDWriteString	24	static
main.c:417:6:LCDClear	16	static
main.c:424:6:LCDSetCursor	24	static
main.c:439:6:LCDShiftLeft	16	static
main.c:446:6:LCDShiftRight	16	static
main.c:458:5:main	8	static
main.c:543:6:SystemClock_Config	88	static
main.c:589:13:MX_NVIC_Init	8	static
main.c:601:13:MX_ADC1_Init	24	static
main.c:646:13:MX_I2C1_Init	8	static
main.c:680:13:MX_I2C2_Init	8	static
main.c:714:13:MX_TIM2_Init	32	static
main.c:761:13:MX_GPIO_Init	40	static
main.c:817:6:Error_Handler	4	static,ignoring_inline_asm
