main.c:91:6:debug	4	static
main.c:97:10:DWT_Delay_Init	4	static,ignoring_inline_asm
main.c:124:22:DWT_Delay_us	24	static
main.c:132:22:DWT_Delay_ms	24	static
main.c:144:6:MCP23017SetPin	24	static,ignoring_inline_asm
main.c:220:6:MCP23017ClearPin	24	static
main.c:307:6:LCDInit	16	static
main.c:373:6:LCDData	16	static
main.c:391:6:LCDCommand	16	static
main.c:402:6:LCDCycleEN	16	static
main.c:414:6:LCDWriteChar	16	static
main.c:422:6:LCDWriteString	24	static
main.c:430:6:LCDClear	16	static
main.c:437:6:LCDSetCursor	24	static
main.c:452:6:LCDShiftLeft	16	static
main.c:459:6:LCDShiftRight	16	static
main.c:471:5:main	8	static
main.c:567:6:SystemClock_Config	88	static
main.c:613:13:MX_NVIC_Init	8	static
main.c:625:13:MX_ADC1_Init	24	static
main.c:670:13:MX_I2C1_Init	8	static
main.c:704:13:MX_I2C2_Init	8	static
main.c:738:13:MX_TIM2_Init	32	static
main.c:785:13:MX_GPIO_Init	40	static
main.c:841:6:Error_Handler	4	static,ignoring_inline_asm
