core_cm3.h:1480:22:__NVIC_SetPriorityGrouping	24	static
main.c:126:6:debug	4	static
main.c:131:6:clamp	16	static
main.c:145:5:main	72	static
main.c:512:6:SystemClock_Config	88	static
main.c:559:13:MX_NVIC_Init	8	static
main.c:580:13:MX_ADC1_Init	24	static
main.c:625:13:MX_I2C1_Init	8	static
main.c:662:13:MX_I2C2_Init	8	static
main.c:697:13:MX_IWDG_Init	8	static
main.c:725:13:MX_TIM2_Init	32	static
main.c:772:13:MX_TIM3_Init	32	static
main.c:816:13:MX_DMA_Init	16	static
main.c:829:13:MX_GPIO_Init	40	static
main.c:905:6:Error_Handler	4	static,ignoring_inline_asm
