main.c:95:6:debug	4	static
main.c:101:10:DWT_Delay_Init	4	static,ignoring_inline_asm
main.c:128:22:DWT_Delay_us	24	static
main.c:136:22:DWT_Delay_ms	24	static
main.c:148:6:MCP23017SetPin	16	static
main.c:187:6:MCP23017ClearPin	24	static
main.c:274:6:LCDInit	16	static
main.c:340:6:LCDData	16	static
main.c:358:6:LCDCommand	16	static
main.c:369:6:LCDCycleEN	16	static
main.c:381:6:LCDWriteChar	16	static
main.c:389:6:LCDWriteString	24	static
main.c:397:6:LCDClear	16	static
main.c:404:6:LCDSetCursor	24	static
main.c:419:6:LCDShiftLeft	16	static
main.c:426:6:LCDShiftRight	16	static
main.c:438:5:main	8	static
main.c:534:6:SystemClock_Config	88	static
main.c:580:13:MX_NVIC_Init	8	static
main.c:592:13:MX_ADC1_Init	24	static
main.c:637:13:MX_I2C1_Init	8	static
main.c:671:13:MX_I2C2_Init	8	static
main.c:705:13:MX_TIM2_Init	32	static
main.c:752:13:MX_GPIO_Init	40	static
main.c:808:6:Error_Handler	4	static,ignoring_inline_asm
