main.c:88:10:DWT_Delay_Init	4	static,ignoring_inline_asm
main.c:123:22:DWT_Delay_ms	24	static
main.c:151:6:LCDInit	16	static
main.c:198:6:LCDData	16	static
main.c:223:5:main	8	static
main.c:279:6:SystemClock_Config	88	static
main.c:325:13:MX_NVIC_Init	8	static
main.c:337:13:MX_ADC1_Init	24	static
main.c:382:13:MX_I2C1_Init	8	static
main.c:416:13:MX_I2C2_Init	8	static
main.c:450:13:MX_TIM2_Init	32	static
main.c:497:13:MX_GPIO_Init	40	static
main.c:553:6:Error_Handler	4	static,ignoring_inline_asm
