main.c:91:6:debug	4	static
main.c:97:10:DWT_Delay_Init	4	static,ignoring_inline_asm
main.c:124:22:DWT_Delay_us	24	static
main.c:132:22:DWT_Delay_ms	24	static
main.c:144:6:MCP23017SetPin	24	static,ignoring_inline_asm
main.c:223:6:MCP23017ClearPin	24	static
main.c:310:6:LCDInit	16	static
main.c:376:6:LCDData	16	static
main.c:394:6:LCDCommand	16	static
main.c:405:6:LCDCycleEN	16	static
main.c:417:6:LCDWriteChar	16	static
main.c:425:6:LCDWriteString	24	static
main.c:433:6:LCDClear	16	static
main.c:440:6:LCDSetCursor	24	static
main.c:455:6:LCDShiftLeft	16	static
main.c:462:6:LCDShiftRight	16	static
main.c:474:5:main	8	static
main.c:570:6:SystemClock_Config	88	static
main.c:616:13:MX_NVIC_Init	8	static
main.c:628:13:MX_ADC1_Init	24	static
main.c:673:13:MX_I2C1_Init	8	static
main.c:707:13:MX_I2C2_Init	8	static
main.c:741:13:MX_TIM2_Init	32	static
main.c:788:13:MX_GPIO_Init	40	static
main.c:844:6:Error_Handler	4	static,ignoring_inline_asm
