main.c:96:6:debug	4	static
main.c:102:10:DWT_Delay_Init	4	static,ignoring_inline_asm
main.c:129:22:DWT_Delay_us	24	static
main.c:137:22:DWT_Delay_ms	24	static
main.c:151:6:MCP23017SetPin	16	static
main.c:194:6:MCP23017ClearPin	16	static
main.c:253:6:LCDInit	16	static,ignoring_inline_asm
main.c:315:6:LCDData	16	static
main.c:339:6:LCDCommand	16	static
main.c:350:6:LCDCycleEN	16	static
main.c:362:6:LCDWriteChar	16	static
main.c:370:6:LCDWriteString	24	static
main.c:378:6:LCDClear	16	static
main.c:385:6:LCDSetCursor	24	static
main.c:400:6:LCDShiftLeft	16	static
main.c:407:6:LCDShiftRight	16	static
main.c:419:5:main	8	static
main.c:517:6:SystemClock_Config	88	static
main.c:563:13:MX_NVIC_Init	8	static
main.c:575:13:MX_ADC1_Init	24	static
main.c:620:13:MX_I2C1_Init	8	static
main.c:654:13:MX_I2C2_Init	8	static
main.c:688:13:MX_TIM2_Init	32	static
main.c:735:13:MX_GPIO_Init	40	static
main.c:791:6:Error_Handler	4	static,ignoring_inline_asm
