core_cm3.h:1480:22:__NVIC_SetPriorityGrouping	24	static
main.c:128:6:debug	4	static
main.c:133:6:clampedIncrement	24	static
main.c:177:5:main	104	static
main.c:788:6:SystemClock_Config	88	static
main.c:835:13:MX_NVIC_Init	8	static
main.c:856:13:MX_ADC1_Init	24	static
main.c:901:13:MX_I2C1_Init	8	static
main.c:938:13:MX_I2C2_Init	8	static
main.c:973:13:MX_IWDG_Init	8	static
main.c:1001:13:MX_TIM2_Init	32	static
main.c:1048:13:MX_TIM3_Init	32	static
main.c:1092:13:MX_DMA_Init	16	static
main.c:1105:13:MX_GPIO_Init	40	static
main.c:1181:6:Error_Handler	4	static,ignoring_inline_asm
