main.c:96:6:debug	4	static
main.c:102:10:DWT_Delay_Init	4	static,ignoring_inline_asm
main.c:129:22:DWT_Delay_us	24	static
main.c:137:22:DWT_Delay_ms	24	static
main.c:149:6:MCP23017SetPin	16	static
main.c:189:6:MCP23017ClearPin	24	static
main.c:276:6:LCDInit	16	static
main.c:342:6:LCDData	16	static
main.c:360:6:LCDCommand	16	static
main.c:371:6:LCDCycleEN	16	static
main.c:383:6:LCDWriteChar	16	static
main.c:391:6:LCDWriteString	24	static
main.c:399:6:LCDClear	16	static
main.c:406:6:LCDSetCursor	24	static
main.c:421:6:LCDShiftLeft	16	static
main.c:428:6:LCDShiftRight	16	static
main.c:440:5:main	8	static
main.c:536:6:SystemClock_Config	88	static
main.c:582:13:MX_NVIC_Init	8	static
main.c:594:13:MX_ADC1_Init	24	static
main.c:639:13:MX_I2C1_Init	8	static
main.c:673:13:MX_I2C2_Init	8	static
main.c:707:13:MX_TIM2_Init	32	static
main.c:754:13:MX_GPIO_Init	40	static
main.c:810:6:Error_Handler	4	static,ignoring_inline_asm
