core_cm3.h:1480:22:__NVIC_SetPriorityGrouping	24	static
main.c:103:6:debug	4	static
main.c:115:5:main	24	static
main.c:244:6:SystemClock_Config	88	static
main.c:291:13:MX_NVIC_Init	8	static
main.c:312:13:MX_ADC1_Init	24	static
main.c:357:13:MX_I2C1_Init	8	static
main.c:394:13:MX_I2C2_Init	8	static
main.c:429:13:MX_IWDG_Init	8	static
main.c:457:13:MX_TIM2_Init	32	static
main.c:504:13:MX_TIM3_Init	32	static
main.c:548:13:MX_DMA_Init	16	static
main.c:561:13:MX_GPIO_Init	40	static
main.c:631:6:Error_Handler	4	static,ignoring_inline_asm
