core_cm3.h:1480:22:__NVIC_SetPriorityGrouping	24	static
main.c:98:6:debug	4	static
main.c:104:10:DWT_Delay_Init	4	static,ignoring_inline_asm
main.c:131:22:DWT_Delay_us	24	static
main.c:139:22:DWT_Delay_ms	24	static
main.c:153:6:MCP23017SetPin	16	static
main.c:197:6:MCP23017ClearPin	16	static
main.c:259:6:LCDInit	16	static,ignoring_inline_asm
main.c:321:6:LCDData	16	static
main.c:346:6:LCDCommand	16	static
main.c:357:6:LCDCycleEN	16	static
main.c:369:6:LCDWriteChar	16	static
main.c:377:6:LCDWriteString	24	static
main.c:385:6:LCDClear	16	static
main.c:392:6:LCDSetCursor	24	static
main.c:407:6:LCDShiftLeft	16	static
main.c:414:6:LCDShiftRight	16	static
main.c:426:5:main	8	static
main.c:528:6:SystemClock_Config	88	static
main.c:574:13:MX_NVIC_Init	8	static
main.c:589:13:MX_ADC1_Init	24	static
main.c:634:13:MX_I2C1_Init	8	static
main.c:668:13:MX_I2C2_Init	8	static
main.c:702:13:MX_TIM2_Init	32	static
main.c:749:13:MX_TIM3_Init	32	static
main.c:795:13:MX_GPIO_Init	40	static
main.c:851:6:Error_Handler	4	static,ignoring_inline_asm
