core_cm3.h:1480:22:__NVIC_SetPriorityGrouping	24	static
main.c:106:6:debug	4	static
main.c:112:10:DWT_Delay_Init	4	static,ignoring_inline_asm
main.c:139:22:DWT_Delay_us	24	static
main.c:147:22:DWT_Delay_ms	24	static
main.c:161:6:MCP23017SetPin	16	static
main.c:209:6:MCP23017ClearPin	16	static
main.c:255:6:LEDMatrixInit	16	static,ignoring_inline_asm
main.c:281:6:LEDMatrixStart	16	static,ignoring_inline_asm
main.c:328:6:LCDInit	16	static,ignoring_inline_asm
main.c:390:6:LCDData	16	static
main.c:417:6:LCDCommand	16	static
main.c:428:6:LCDCycleEN	16	static
main.c:440:6:LCDWriteChar	16	static
main.c:448:6:LCDWriteString	24	static
main.c:456:6:LCDClear	16	static
main.c:463:6:LCDSetCursor	24	static
main.c:478:6:LCDShiftLeft	16	static
main.c:485:6:LCDShiftRight	16	static
main.c:497:5:main	40	static
main.c:604:6:SystemClock_Config	88	static
main.c:650:13:MX_NVIC_Init	8	static
main.c:671:13:MX_ADC1_Init	24	static
main.c:716:13:MX_I2C1_Init	8	static
main.c:753:13:MX_I2C2_Init	8	static
main.c:787:13:MX_TIM2_Init	32	static
main.c:834:13:MX_TIM3_Init	32	static
main.c:878:13:MX_DMA_Init	16	static
main.c:891:13:MX_GPIO_Init	40	static
main.c:947:6:Error_Handler	4	static,ignoring_inline_asm
