core_cm3.h:1480:22:__NVIC_SetPriorityGrouping	24	static
main.c:109:6:debug	4	static
main.c:115:10:DWT_Delay_Init	4	static,ignoring_inline_asm
main.c:142:22:DWT_Delay_us	24	static
main.c:150:22:DWT_Delay_ms	24	static
main.c:164:6:MCP23017SetPin	16	static
main.c:212:6:MCP23017ClearPin	16	static
main.c:258:6:LEDMatrixInit	16	static,ignoring_inline_asm
main.c:284:6:LEDMatrixStart	16	static,ignoring_inline_asm
main.c:331:6:LCDInit	16	static,ignoring_inline_asm
main.c:393:6:LCDData	16	static
main.c:420:6:LCDCommand	16	static
main.c:431:6:LCDCycleEN	16	static
main.c:443:6:LCDWriteChar	16	static
main.c:451:6:LCDWriteString	24	static
main.c:459:6:LCDClear	16	static
main.c:466:6:LCDSetCursor	24	static
main.c:481:6:LCDShiftLeft	16	static
main.c:488:6:LCDShiftRight	16	static
main.c:500:5:main	40	static
main.c:609:6:SystemClock_Config	88	static
main.c:656:13:MX_NVIC_Init	8	static
main.c:677:13:MX_ADC1_Init	24	static
main.c:722:13:MX_I2C1_Init	8	static
main.c:759:13:MX_I2C2_Init	8	static
main.c:793:13:MX_IWDG_Init	8	static
main.c:821:13:MX_TIM2_Init	32	static
main.c:868:13:MX_TIM3_Init	32	static
main.c:912:13:MX_DMA_Init	16	static
main.c:925:13:MX_GPIO_Init	40	static
main.c:981:6:Error_Handler	4	static,ignoring_inline_asm
