core_cm3.h:1480:22:__NVIC_SetPriorityGrouping	24	static
main.c:122:6:debug	4	static
main.c:127:20:clampedIncrement	16	static
main.c:141:20:uclampedIncrement	16	static
main.c:162:5:main	72	static
main.c:572:6:SystemClock_Config	88	static
main.c:619:13:MX_NVIC_Init	8	static
main.c:640:13:MX_ADC1_Init	24	static
main.c:685:13:MX_I2C1_Init	8	static
main.c:722:13:MX_I2C2_Init	8	static
main.c:757:13:MX_IWDG_Init	8	static
main.c:785:13:MX_TIM2_Init	32	static
main.c:832:13:MX_TIM3_Init	32	static
main.c:876:13:MX_DMA_Init	16	static
main.c:889:13:MX_GPIO_Init	40	static
main.c:965:6:Error_Handler	4	static,ignoring_inline_asm
